Archive member included to satisfy reference by file (symbol)

c:/ac6/systemworkbench/plugins/fr.ac6.mcu.externaltools.arm-none.win32_1.16.0.201807130628/tools/compiler/bin/../lib/gcc/arm-none-eabi/7.2.1/../../../../arm-none-eabi/lib/thumb/v7-m\librdimon_nano.a(rdimon-syscalls.o)
                              c:/ac6/systemworkbench/plugins/fr.ac6.mcu.externaltools.arm-none.win32_1.16.0.201807130628/tools/compiler/bin/../lib/gcc/arm-none-eabi/7.2.1/../../../../arm-none-eabi/lib/thumb/v7-m/rdimon-crt0.o (initialise_monitor_handles)
c:/ac6/systemworkbench/plugins/fr.ac6.mcu.externaltools.arm-none.win32_1.16.0.201807130628/tools/compiler/bin/../lib/gcc/arm-none-eabi/7.2.1/../../../../arm-none-eabi/lib/thumb/v7-m\libc_nano.a(lib_a-errno.o)
                              c:/ac6/systemworkbench/plugins/fr.ac6.mcu.externaltools.arm-none.win32_1.16.0.201807130628/tools/compiler/bin/../lib/gcc/arm-none-eabi/7.2.1/../../../../arm-none-eabi/lib/thumb/v7-m\librdimon_nano.a(rdimon-syscalls.o) (__errno)
c:/ac6/systemworkbench/plugins/fr.ac6.mcu.externaltools.arm-none.win32_1.16.0.201807130628/tools/compiler/bin/../lib/gcc/arm-none-eabi/7.2.1/../../../../arm-none-eabi/lib/thumb/v7-m\libc_nano.a(lib_a-exit.o)
                              c:/ac6/systemworkbench/plugins/fr.ac6.mcu.externaltools.arm-none.win32_1.16.0.201807130628/tools/compiler/bin/../lib/gcc/arm-none-eabi/7.2.1/../../../../arm-none-eabi/lib/thumb/v7-m/rdimon-crt0.o (exit)
c:/ac6/systemworkbench/plugins/fr.ac6.mcu.externaltools.arm-none.win32_1.16.0.201807130628/tools/compiler/bin/../lib/gcc/arm-none-eabi/7.2.1/../../../../arm-none-eabi/lib/thumb/v7-m\libc_nano.a(lib_a-findfp.o)
                              c:/ac6/systemworkbench/plugins/fr.ac6.mcu.externaltools.arm-none.win32_1.16.0.201807130628/tools/compiler/bin/../lib/gcc/arm-none-eabi/7.2.1/../../../../arm-none-eabi/lib/thumb/v7-m\librdimon_nano.a(rdimon-syscalls.o) (__sinit)
c:/ac6/systemworkbench/plugins/fr.ac6.mcu.externaltools.arm-none.win32_1.16.0.201807130628/tools/compiler/bin/../lib/gcc/arm-none-eabi/7.2.1/../../../../arm-none-eabi/lib/thumb/v7-m\libc_nano.a(lib_a-fwalk.o)
                              c:/ac6/systemworkbench/plugins/fr.ac6.mcu.externaltools.arm-none.win32_1.16.0.201807130628/tools/compiler/bin/../lib/gcc/arm-none-eabi/7.2.1/../../../../arm-none-eabi/lib/thumb/v7-m\libc_nano.a(lib_a-findfp.o) (_fwalk)
c:/ac6/systemworkbench/plugins/fr.ac6.mcu.externaltools.arm-none.win32_1.16.0.201807130628/tools/compiler/bin/../lib/gcc/arm-none-eabi/7.2.1/../../../../arm-none-eabi/lib/thumb/v7-m\libc_nano.a(lib_a-impure.o)
                              c:/ac6/systemworkbench/plugins/fr.ac6.mcu.externaltools.arm-none.win32_1.16.0.201807130628/tools/compiler/bin/../lib/gcc/arm-none-eabi/7.2.1/../../../../arm-none-eabi/lib/thumb/v7-m\libc_nano.a(lib_a-exit.o) (_global_impure_ptr)
c:/ac6/systemworkbench/plugins/fr.ac6.mcu.externaltools.arm-none.win32_1.16.0.201807130628/tools/compiler/bin/../lib/gcc/arm-none-eabi/7.2.1/../../../../arm-none-eabi/lib/thumb/v7-m\libc_nano.a(lib_a-init.o)
                              c:/ac6/systemworkbench/plugins/fr.ac6.mcu.externaltools.arm-none.win32_1.16.0.201807130628/tools/compiler/bin/../lib/gcc/arm-none-eabi/7.2.1/../../../../arm-none-eabi/lib/thumb/v7-m/rdimon-crt0.o (__libc_init_array)
c:/ac6/systemworkbench/plugins/fr.ac6.mcu.externaltools.arm-none.win32_1.16.0.201807130628/tools/compiler/bin/../lib/gcc/arm-none-eabi/7.2.1/../../../../arm-none-eabi/lib/thumb/v7-m\libc_nano.a(lib_a-memcmp.o)
                              DMP_Driver/Source/MPU6050/inv_mpu.o (memcmp)
c:/ac6/systemworkbench/plugins/fr.ac6.mcu.externaltools.arm-none.win32_1.16.0.201807130628/tools/compiler/bin/../lib/gcc/arm-none-eabi/7.2.1/../../../../arm-none-eabi/lib/thumb/v7-m\libc_nano.a(lib_a-memcpy-stub.o)
                              Middlewares/Third_Party/FreeRTOS/Source/queue.o (memcpy)
c:/ac6/systemworkbench/plugins/fr.ac6.mcu.externaltools.arm-none.win32_1.16.0.201807130628/tools/compiler/bin/../lib/gcc/arm-none-eabi/7.2.1/../../../../arm-none-eabi/lib/thumb/v7-m\libc_nano.a(lib_a-memmove.o)
                              DMP_Driver/Source/MPU6050/mpu6050.o (memmove)
c:/ac6/systemworkbench/plugins/fr.ac6.mcu.externaltools.arm-none.win32_1.16.0.201807130628/tools/compiler/bin/../lib/gcc/arm-none-eabi/7.2.1/../../../../arm-none-eabi/lib/thumb/v7-m\libc_nano.a(lib_a-memset.o)
                              c:/ac6/systemworkbench/plugins/fr.ac6.mcu.externaltools.arm-none.win32_1.16.0.201807130628/tools/compiler/bin/../lib/gcc/arm-none-eabi/7.2.1/../../../../arm-none-eabi/lib/thumb/v7-m/rdimon-crt0.o (memset)
c:/ac6/systemworkbench/plugins/fr.ac6.mcu.externaltools.arm-none.win32_1.16.0.201807130628/tools/compiler/bin/../lib/gcc/arm-none-eabi/7.2.1/../../../../arm-none-eabi/lib/thumb/v7-m\libc_nano.a(lib_a-nano-mallocr.o)
[...]
Memory Configuration

Name             Origin             Length             Attributes
RAM              0x20000000         0x00005000         xrw
FLASH            0x08000000         0x00010000         xr
*default*        0x00000000         0xffffffff

Linker script and memory map

LOAD c:/ac6/systemworkbench/plugins/fr.ac6.mcu.externaltools.arm-none.win32_1.16.0.201807130628/tools/compiler/bin/../lib/gcc/arm-none-eabi/7.2.1/thumb/v7-m/crti.o
LOAD c:/ac6/systemworkbench/plugins/fr.ac6.mcu.externaltools.arm-none.win32_1.16.0.201807130628/tools/compiler/bin/../lib/gcc/arm-none-eabi/7.2.1/thumb/v7-m/crtbegin.o
LOAD c:/ac6/systemworkbench/plugins/fr.ac6.mcu.externaltools.arm-none.win32_1.16.0.201807130628/tools/compiler/bin/../lib/gcc/arm-none-eabi/7.2.1/../../../../arm-none-eabi/lib/thumb/v7-m/rdimon-crt0.o
LOAD Core/Src/ble_if.o
LOAD Core/Src/dmptask.o
LOAD Core/Src/freertos.o
LOAD Core/Src/main.o
LOAD Core/Src/mpu_data_handler.o
LOAD Core/Src/sd_hal_mpu6050.o
LOAD Core/Src/stm32f1xx_hal_msp.o
LOAD Core/Src/stm32f1xx_hal_timebase_tim.o
LOAD Core/Src/stm32f1xx_it.o
LOAD Core/Src/system_stm32f1xx.o
LOAD Core/Src/ws2812spi.o
LOAD DMP_Driver/Source/MPU6050/I2C.o
LOAD DMP_Driver/Source/MPU6050/inv_mpu.o
LOAD DMP_Driver/Source/MPU6050/inv_mpu_dmp_motion_driver.o
LOAD DMP_Driver/Source/MPU6050/mpu6050.o
LOAD Drivers/STM32F1xx_HAL_Driver/Src/stm32f1xx_hal.o
LOAD Drivers/STM32F1xx_HAL_Driver/Src/stm32f1xx_hal_cortex.o
LOAD Drivers/STM32F1xx_HAL_Driver/Src/stm32f1xx_hal_dma.o
LOAD Drivers/STM32F1xx_HAL_Driver/Src/stm32f1xx_hal_flash.o
LOAD Drivers/STM32F1xx_HAL_Driver/Src/stm32f1xx_hal_flash_ex.o
LOAD Drivers/STM32F1xx_HAL_Driver/Src/stm32f1xx_hal_gpio.o
LOAD Drivers/STM32F1xx_HAL_Driver/Src/stm32f1xx_hal_gpio_ex.o
LOAD Drivers/STM32F1xx_HAL_Driver/Src/stm32f1xx_hal_i2c.o
LOAD Drivers/STM32F1xx_HAL_Driver/Src/stm32f1xx_hal_pcd.o
LOAD Drivers/STM32F1xx_HAL_Driver/Src/stm32f1xx_hal_pcd_ex.o
LOAD Drivers/STM32F1xx_HAL_Driver/Src/stm32f1xx_hal_pwr.o
LOAD Drivers/STM32F1xx_HAL_Driver/Src/stm32f1xx_hal_rcc.o
LOAD Drivers/STM32F1xx_HAL_Driver/Src/stm32f1xx_hal_rcc_ex.o
LOAD Drivers/STM32F1xx_HAL_Driver/Src/stm32f1xx_hal_spi.o
LOAD Drivers/STM32F1xx_HAL_Driver/Src/stm32f1xx_hal_spi_ex.o
LOAD Drivers/STM32F1xx_HAL_Driver/Src/stm32f1xx_hal_tim.o
LOAD Drivers/STM32F1xx_HAL_Driver/Src/stm32f1xx_hal_tim_ex.o
LOAD Drivers/STM32F1xx_HAL_Driver/Src/stm32f1xx_hal_uart.o
LOAD Drivers/STM32F1xx_HAL_Driver/Src/stm32f1xx_ll_usb.o
LOAD Middlewares/ST/STM32_USB_Device_Library/Class/CDC/Src/usbd_cdc.o
LOAD Middlewares/ST/STM32_USB_Device_Library/Core/Src/usbd_core.o
LOAD Middlewares/ST/STM32_USB_Device_Library/Core/Src/usbd_ctlreq.o
LOAD Middlewares/ST/STM32_USB_Device_Library/Core/Src/usbd_ioreq.o
LOAD Middlewares/Third_Party/FreeRTOS/Source/CMSIS_RTOS/cmsis_os.o
LOAD Middlewares/Third_Party/FreeRTOS/Source/croutine.o
LOAD Middlewares/Third_Party/FreeRTOS/Source/event_groups.o
LOAD Middlewares/Third_Party/FreeRTOS/Source/list.o
LOAD Middlewares/Third_Party/FreeRTOS/Source/queue.o
LOAD Middlewares/Third_Party/FreeRTOS/Source/tasks.o
LOAD Middlewares/Third_Party/FreeRTOS/Source/timers.o
LOAD Middlewares/Third_Party/FreeRTOS/Source/portable/GCC/ARM_CM3/port.o
LOAD Middlewares/Third_Party/FreeRTOS/Source/portable/MemMang/heap_4.o
LOAD USB_DEVICE/App/usb_device.o
LOAD USB_DEVICE/App/usbd_cdc_if.o
LOAD USB_DEVICE/App/usbd_desc.o
LOAD USB_DEVICE/Target/usbd_conf.o
LOAD startup/startup_stm32f103xb.o
LOAD c:/ac6/systemworkbench/plugins/fr.ac6.mcu.externaltools.arm-none.win32_1.16.0.201807130628/tools/compiler/bin/../lib/gcc/arm-none-eabi/7.2.1/../../../../arm-none-eabi/lib/thumb/v7-m\librdimon_nano.a
LOAD c:/ac6/systemworkbench/plugins/fr.ac6.mcu.externaltools.arm-none.win32_1.16.0.201807130628/tools/compiler/bin/../lib/gcc/arm-none-eabi/7.2.1/../../../../arm-none-eabi/lib/thumb/v7-m\libc_nano.a
LOAD c:/ac6/systemworkbench/plugins/fr.ac6.mcu.externaltools.arm-none.win32_1.16.0.201807130628/tools/compiler/bin/../lib/gcc/arm-none-eabi/7.2.1/../../../../arm-none-eabi/lib/thumb/v7-m\libm.a
START GROUP
LOAD c:/ac6/systemworkbench/plugins/fr.ac6.mcu.externaltools.arm-none.win32_1.16.0.201807130628/tools/compiler/bin/../lib/gcc/arm-none-eabi/7.2.1/thumb/v7-m\libgcc.a
LOAD c:/ac6/systemworkbench/plugins/fr.ac6.mcu.externaltools.arm-none.win32_1.16.0.201807130628/tools/compiler/bin/../lib/gcc/arm-none-eabi/7.2.1/../../../../arm-none-eabi/lib/thumb/v7-m\libc_nano.a
END GROUP
START GROUP
LOAD c:/ac6/systemworkbench/plugins/fr.ac6.mcu.externaltools.arm-none.win32_1.16.0.201807130628/tools/compiler/bin/../lib/gcc/arm-none-eabi/7.2.1/thumb/v7-m\libgcc.a
LOAD c:/ac6/systemworkbench/plugins/fr.ac6.mcu.externaltools.arm-none.win32_1.16.0.201807130628/tools/compiler/bin/../lib/gcc/arm-none-eabi/7.2.1/../../../../arm-none-eabi/lib/thumb/v7-m\libc_nano.a
LOAD c:/ac6/systemworkbench/plugins/fr.ac6.mcu.externaltools.arm-none.win32_1.16.0.201807130628/tools/compiler/bin/../lib/gcc/arm-none-eabi/7.2.1/../../../../arm-none-eabi/lib/thumb/v7-m\libnosys.a
END GROUP
START GROUP
LOAD c:/ac6/systemworkbench/plugins/fr.ac6.mcu.externaltools.arm-none.win32_1.16.0.201807130628/tools/compiler/bin/../lib/gcc/arm-none-eabi/7.2.1/thumb/v7-m\libgcc.a
LOAD c:/ac6/systemworkbench/plugins/fr.ac6.mcu.externaltools.arm-none.win32_1.16.0.201807130628/tools/compiler/bin/../lib/gcc/arm-none-eabi/7.2.1/../../../../arm-none-eabi/lib/thumb/v7-m\libc_nano.a
LOAD c:/ac6/systemworkbench/plugins/fr.ac6.mcu.externaltools.arm-none.win32_1.16.0.201807130628/tools/compiler/bin/../lib/gcc/arm-none-eabi/7.2.1/../../../../arm-none-eabi/lib/thumb/v7-m\librdimon_nano.a
LOAD c:/ac6/systemworkbench/plugins/fr.ac6.mcu.externaltools.arm-none.win32_1.16.0.201807130628/tools/compiler/bin/../lib/gcc/arm-none-eabi/7.2.1/../../../../arm-none-eabi/lib/thumb/v7-m\libnosys.a
END GROUP
START GROUP
LOAD c:/ac6/systemworkbench/plugins/fr.ac6.mcu.externaltools.arm-none.win32_1.16.0.201807130628/tools/compiler/bin/../lib/gcc/arm-none-eabi/7.2.1/thumb/v7-m\libgcc.a
LOAD c:/ac6/systemworkbench/plugins/fr.ac6.mcu.externaltools.arm-none.win32_1.16.0.201807130628/tools/compiler/bin/../lib/gcc/arm-none-eabi/7.2.1/../../../../arm-none-eabi/lib/thumb/v7-m\libc_nano.a
LOAD c:/ac6/systemworkbench/plugins/fr.ac6.mcu.externaltools.arm-none.win32_1.16.0.201807130628/tools/compiler/bin/../lib/gcc/arm-none-eabi/7.2.1/../../../../arm-none-eabi/lib/thumb/v7-m\librdimon_nano.a
END GROUP
LOAD c:/ac6/systemworkbench/plugins/fr.ac6.mcu.externaltools.arm-none.win32_1.16.0.201807130628/tools/compiler/bin/../lib/gcc/arm-none-eabi/7.2.1/thumb/v7-m/crtend.o
LOAD c:/ac6/systemworkbench/plugins/fr.ac6.mcu.externaltools.arm-none.win32_1.16.0.201807130628/tools/compiler/bin/../lib/gcc/arm-none-eabi/7.2.1/thumb/v7-m/crtn.o
                0x20005000                _estack = 0x20005000
                0x00000200                _Min_Heap_Size = 0x200
                0x00000400                _Min_Stack_Size = 0x400

.isr_vector     0x08000000      0x10c
                0x08000000                . = ALIGN (0x4)
 *(.isr_vector)
 .isr_vector    0x08000000      0x10c startup/startup_stm32f103xb.o
                0x08000000                g_pfnVectors
                0x0800010c                . = ALIGN (0x4)

.text           0x08000110     0xbcc4
                0x08000110                . = ALIGN (0x4)
 *(.text)
 .text          0x08000110       0x40 c:/ac6/systemworkbench/plugins/fr.ac6.mcu.externaltools.arm-none.win32_1.16.0.201807130628/tools/compiler/bin/../lib/gcc/arm-none-eabi/7.2.1/thumb/v7-m/crtbegin.o
 .text          0x08000150       0x10 c:/ac6/systemworkbench/plugins/fr.ac6.mcu.externaltools.arm-none.win32_1.16.0.201807130628/tools/compiler/bin/../lib/gcc/arm-none-eabi/7.2.1/../../../../arm-none-eabi/lib/thumb/v7-m\libc_nano.a(lib_a-strlen.o)
                0x08000150                strlen
 .text          0x08000160      0x378 c:/ac6/systemworkbench/plugins/fr.ac6.mcu.externaltools.arm-none.win32_1.16.0.201807130628/tools/compiler/bin/../lib/gcc/arm-none-eabi/7.2.1/thumb/v7-m\libgcc.a(_arm_addsubdf3.o)
                0x08000160                __aeabi_drsub
                0x08000168                __aeabi_dsub
                0x08000168                __subdf3
                0x0800016c                __aeabi_dadd
                0x0800016c                __adddf3
                0x080003e4                __floatunsidf
                0x080003e4                __aeabi_ui2d
                0x08000404                __floatsidf
                0x08000404                __aeabi_i2d
                0x08000428                __aeabi_f2d
                0x08000428                __extendsfdf2
                0x0800046c                __floatundidf
                0x0800046c                __aeabi_ul2d
                0x0800047c                __floatdidf
                0x0800047c                __aeabi_l2d
 .text          0x080004d8      0x424 c:/ac6/systemworkbench/plugins/fr.ac6.mcu.externaltools.arm-none.win32_1.16.0.201807130628/tools/compiler/bin/../lib/gcc/arm-none-eabi/7.2.1/thumb/v7-m\libgcc.a(_arm_muldivdf3.o)
                0x080004d8                __aeabi_dmul
                0x080004d8                __muldf3
                0x0800072c                __divdf3
                0x0800072c                __aeabi_ddiv
 .text          0x080008fc      0x110 c:/ac6/systemworkbench/plugins/fr.ac6.mcu.externaltools.arm-none.win32_1.16.0.201807130628/tools/compiler/bin/../lib/gcc/arm-none-eabi/7.2.1/thumb/v7-m\libgcc.a(_arm_cmpdf2.o)
                0x080008fc                __gtdf2
                0x080008fc                __gedf2
                0x08000904                __ltdf2
                0x08000904                __ledf2
                0x0800090c                __nedf2
                0x0800090c                __eqdf2
                0x0800090c                __cmpdf2
                0x08000988                __aeabi_cdrcmple
                0x08000998                __aeabi_cdcmpeq
                0x08000998                __aeabi_cdcmple
                0x080009a8                __aeabi_dcmpeq
                0x080009bc                __aeabi_dcmplt
                0x080009d0                __aeabi_dcmple
                0x080009e4                __aeabi_dcmpge
                0x080009f8                __aeabi_dcmpgt
 .text          0x08000a0c       0x2c c:/ac6/systemworkbench/plugins/fr.ac6.mcu.externaltools.arm-none.win32_1.16.0.201807130628/tools/compiler/bin/../lib/gcc/arm-none-eabi/7.2.1/thumb/v7-m\libgcc.a(_arm_unorddf2.o)
                0x08000a0c                __unorddf2
                0x08000a0c                __aeabi_dcmpun
 .text          0x08000a38       0x50 c:/ac6/systemworkbench/plugins/fr.ac6.mcu.externaltools.arm-none.win32_1.16.0.201807130628/tools/compiler/bin/../lib/gcc/arm-none-eabi/7.2.1/thumb/v7-m\libgcc.a(_arm_fixdfsi.o)
                0x08000a38                __aeabi_d2iz
                0x08000a38                __fixdfsi
 .text          0x08000a88      0x21c c:/ac6/systemworkbench/plugins/fr.ac6.mcu.externaltools.arm-none.win32_1.16.0.201807130628/tools/compiler/bin/../lib/gcc/arm-none-eabi/7.2.1/thumb/v7-m\libgcc.a(_arm_addsubsf3.o)
                0x08000a88                __aeabi_frsub
                0x08000a90                __subsf3
                0x08000a90                __aeabi_fsub
                0x08000a94                __aeabi_fadd
                0x08000a94                __addsf3
                0x08000bf4                __aeabi_ui2f
                0x08000bf4                __floatunsisf
                0x08000bfc                __aeabi_i2f
                0x08000bfc                __floatsisf
                0x08000c18                __aeabi_ul2f
                0x08000c18                __floatundisf
                0x08000c28                __aeabi_l2f
                0x08000c28                __floatdisf
 .text          0x08000ca4      0x2a0 c:/ac6/systemworkbench/plugins/fr.ac6.mcu.externaltools.arm-none.win32_1.16.0.201807130628/tools/compiler/bin/../lib/gcc/arm-none-eabi/7.2.1/thumb/v7-m\libgcc.a(_arm_muldivsf3.o)
                0x08000ca4                __mulsf3
                0x08000ca4                __aeabi_fmul
                0x08000e0c                __aeabi_fdiv
                0x08000e0c                __divsf3
 .text          0x08000f44       0x4c c:/ac6/systemworkbench/plugins/fr.ac6.mcu.externaltools.arm-none.win32_1.16.0.201807130628/tools/compiler/bin/../lib/gcc/arm-none-eabi/7.2.1/thumb/v7-m\libgcc.a(_arm_fixsfsi.o)
                0x08000f44                __aeabi_f2iz
                0x08000f44                __fixsfsi
 .text          0x08000f90       0x40 c:/ac6/systemworkbench/plugins/fr.ac6.mcu.externaltools.arm-none.win32_1.16.0.201807130628/tools/compiler/bin/../lib/gcc/arm-none-eabi/7.2.1/thumb/v7-m\libgcc.a(_arm_fixunssfsi.o)
                0x08000f90                __fixunssfsi
                0x08000f90                __aeabi_f2uiz
 .text          0x08000fd0       0xa0 c:/ac6/systemworkbench/plugins/fr.ac6.mcu.externaltools.arm-none.win32_1.16.0.201807130628/tools/compiler/bin/../lib/gcc/arm-none-eabi/7.2.1/thumb/v7-m\libgcc.a(_aeabi_ldivmod.o)
                0x08000fd0                __aeabi_ldivmod
 .text          0x08001070      0x2d0 c:/ac6/systemworkbench/plugins/fr.ac6.mcu.externaltools.arm-none.win32_1.16.0.201807130628/tools/compiler/bin/../lib/gcc/arm-none-eabi/7.2.1/thumb/v7-m\libgcc.a(_udivmoddi4.o)
                0x08001070                __udivmoddi4
 .text          0x08001340        0x4 c:/ac6/systemworkbench/plugins/fr.ac6.mcu.externaltools.arm-none.win32_1.16.0.201807130628/tools/compiler/bin/../lib/gcc/arm-none-eabi/7.2.1/thumb/v7-m\libgcc.a(_dvmd_tls.o)
                0x08001340                __aeabi_idiv0
                0x08001340                __aeabi_ldiv0
 *(.text*)
 .text.bleTask  0x08001344       0x84 Core/Src/ble_if.o
                0x08001344                bleTask
 .text.dmptask  0x080013c8       0x9c Core/Src/dmptask.o
                0x080013c8                dmptask
 .text.StartTaskBlink
                0x08001464        0x4 Core/Src/main.o
                0x08001464                StartTaskBlink
 .text.StartTaskBLE
                0x08001468        0x8 Core/Src/main.o
                0x08001468                StartTaskBLE
 .text.SystemClock_Config
                0x08001470       0x78 Core/Src/main.o
                0x08001470                SystemClock_Config
 .text.startup.main
                0x080014e8      0x244 Core/Src/main.o
                0x080014e8                main
 .text.HAL_I2C_MemRxCpltCallback
                0x0800172c       0x2c Core/Src/main.o
                0x0800172c                HAL_I2C_MemRxCpltCallback
 .text.HAL_GPIO_EXTI_Callback
                0x08001758       0xd8 Core/Src/main.o
                0x08001758                HAL_GPIO_EXTI_Callback
 .text.BlinkError
                0x08001830       0x28 Core/Src/main.o
                0x08001830                BlinkError
 .text.StartDefaultTask
                0x08001858       0x88 Core/Src/main.o
                0x08001858                StartDefaultTask
 .text.HAL_TIM_PeriodElapsedCallback
                0x080018e0       0x14 Core/Src/main.o
                0x080018e0                HAL_TIM_PeriodElapsedCallback
 .text.Error_Handler
                0x080018f4        0x4 Core/Src/main.o
                0x080018f4                Error_Handler
 .text.HAL_MspInit
                0x080018f8       0x50 Core/Src/stm32f1xx_hal_msp.o
                0x080018f8                HAL_MspInit
 .text.HAL_I2C_MspInit
                0x08001948       0x9c Core/Src/stm32f1xx_hal_msp.o
                0x08001948                HAL_I2C_MspInit
 .text.HAL_SPI_MspInit
                0x080019e4       0x9c Core/Src/stm32f1xx_hal_msp.o
                0x080019e4                HAL_SPI_MspInit
 .text.HAL_UART_MspInit
                0x08001a80       0x80 Core/Src/stm32f1xx_hal_msp.o
                0x08001a80                HAL_UART_MspInit
 .text.HAL_InitTick
                0x08001b00       0x7c Core/Src/stm32f1xx_hal_timebase_tim.o
                0x08001b00                HAL_InitTick
 .text.NMI_Handler
                0x08001b7c        0x4 Core/Src/stm32f1xx_it.o
                0x08001b7c                NMI_Handler
 .text.HardFault_Handler
                0x08001b80        0x4 Core/Src/stm32f1xx_it.o
                0x08001b80                HardFault_Handler
 .text.MemManage_Handler
                0x08001b84        0x4 Core/Src/stm32f1xx_it.o
                0x08001b84                MemManage_Handler
 .text.BusFault_Handler
                0x08001b88        0x4 Core/Src/stm32f1xx_it.o
                0x08001b88                BusFault_Handler
 .text.UsageFault_Handler
                0x08001b8c        0x4 Core/Src/stm32f1xx_it.o
                0x08001b8c                UsageFault_Handler
 .text.DebugMon_Handler
                0x08001b90        0x4 Core/Src/stm32f1xx_it.o
                0x08001b90                DebugMon_Handler
 .text.EXTI0_IRQHandler
                0x08001b94        0x8 Core/Src/stm32f1xx_it.o
                0x08001b94                EXTI0_IRQHandler
 .text.DMA1_Channel1_IRQHandler
                0x08001b9c        0xc Core/Src/stm32f1xx_it.o
                0x08001b9c                DMA1_Channel1_IRQHandler
 .text.DMA1_Channel3_IRQHandler
                0x08001ba8        0xc Core/Src/stm32f1xx_it.o
                0x08001ba8                DMA1_Channel3_IRQHandler
 .text.DMA1_Channel7_IRQHandler
                0x08001bb4        0xc Core/Src/stm32f1xx_it.o
                0x08001bb4                DMA1_Channel7_IRQHandler
 .text.USB_LP_CAN1_RX0_IRQHandler
                0x08001bc0        0xc Core/Src/stm32f1xx_it.o
                0x08001bc0                USB_LP_CAN1_RX0_IRQHandler
 .text.TIM4_IRQHandler
                0x08001bcc        0xc Core/Src/stm32f1xx_it.o
                0x08001bcc                TIM4_IRQHandler
 .text.USART2_IRQHandler
                0x08001bd8        0xc Core/Src/stm32f1xx_it.o
                0x08001bd8                USART2_IRQHandler
 .text.EXTI15_10_IRQHandler
                0x08001be4        0x8 Core/Src/stm32f1xx_it.o
                0x08001be4                EXTI15_10_IRQHandler
 .text.SystemInit
                0x08001bec       0x50 Core/Src/system_stm32f1xx.o
                0x08001bec                SystemInit
 .text.WS2312BSPI_Init
                0x08001c3c       0x20 Core/Src/ws2812spi.o
                0x08001c3c                WS2312BSPI_Init
 .text.WS2812BSPI_SendData
                0x08001c5c       0x10 Core/Src/ws2812spi.o
                0x08001c5c                WS2812BSPI_SendData
 .text.WS2812BSPI_encode_pixel_index
                0x08001c6c      0x180 Core/Src/ws2812spi.o
                0x08001c6c                WS2812BSPI_encode_pixel_index
 .text.i2c_write
                0x08001dec       0x20 DMP_Driver/Source/MPU6050/I2C.o
                0x08001dec                i2c_write
 .text.i2c_read
                0x08001e0c       0x20 DMP_Driver/Source/MPU6050/I2C.o
                0x08001e0c                i2c_read
 .text.get_st_biases
                0x08001e2c      0x3fc DMP_Driver/Source/MPU6050/inv_mpu.o
 .text.mpu_get_fifo_size
                0x08002228       0x30 DMP_Driver/Source/MPU6050/inv_mpu.o
                0x08002228                mpu_get_fifo_size
 .text.mpu_get_i2c_addr
                0x08002258        0xc DMP_Driver/Source/MPU6050/inv_mpu.o
                0x08002258                mpu_get_i2c_addr
 .text.mpu_get_fifo_addr
                0x08002264        0xc DMP_Driver/Source/MPU6050/inv_mpu.o
                0x08002264                mpu_get_fifo_addr
 .text.mpu_reset_fifo
                0x08002270      0x164 DMP_Driver/Source/MPU6050/inv_mpu.o
                0x08002270                mpu_reset_fifo
 .text.mpu_lp_accel_mode
                0x080023d4      0x218 DMP_Driver/Source/MPU6050/inv_mpu.o
                0x080023d4                mpu_lp_accel_mode
 .text.mpu_get_accel_fsr
                0x080025ec       0x44 DMP_Driver/Source/MPU6050/inv_mpu.o
                0x080025ec                mpu_get_accel_fsr
 .text.mpu_set_sample_rate
                0x08002630      0x14c DMP_Driver/Source/MPU6050/inv_mpu.o
                0x08002630                mpu_set_sample_rate
 .text.mpu_init
                0x0800277c      0x2ac DMP_Driver/Source/MPU6050/inv_mpu.o
                0x0800277c                mpu_init
 .text.mpu_get_gyro_sens
                0x08002a28       0x54 DMP_Driver/Source/MPU6050/inv_mpu.o
                0x08002a28                mpu_get_gyro_sens
 .text.mpu_get_accel_sens
                0x08002a7c       0x54 DMP_Driver/Source/MPU6050/inv_mpu.o
                0x08002a7c                mpu_get_accel_sens
 .text.mpu_configure_fifo
                0x08002ad0       0xb0 DMP_Driver/Source/MPU6050/inv_mpu.o
                0x08002ad0                mpu_configure_fifo
 .text.mpu_set_sensors
                0x08002b80      0x12c DMP_Driver/Source/MPU6050/inv_mpu.o
                0x08002b80                mpu_set_sensors
 .text.mpu_run_self_test
                0x08002cac      0x590 DMP_Driver/Source/MPU6050/inv_mpu.o
                0x08002cac                mpu_run_self_test
 .text.mpu_write_mem
                0x0800323c       0x64 DMP_Driver/Source/MPU6050/inv_mpu.o
                0x0800323c                mpu_write_mem
 .text.mpu_load_firmware
                0x080032a0      0x148 DMP_Driver/Source/MPU6050/inv_mpu.o
                0x080032a0                mpu_load_firmware
 .text.mpu_set_dmp_state
                0x080033e8      0x1b0 DMP_Driver/Source/MPU6050/inv_mpu.o
                0x080033e8                mpu_set_dmp_state
 .text.dmp_get_fifo_packet_length
                0x08003598        0xc DMP_Driver/Source/MPU6050/inv_mpu_dmp_motion_driver.o
                0x08003598                dmp_get_fifo_packet_length
 .text.dmp_load_motion_driver_firmware
                0x080035a4       0x14 DMP_Driver/Source/MPU6050/inv_mpu_dmp_motion_driver.o
                0x080035a4                dmp_load_motion_driver_firmware
 .text.dmp_set_orientation
                0x080035b8      0x104 DMP_Driver/Source/MPU6050/inv_mpu_dmp_motion_driver.o
                0x080035b8                dmp_set_orientation
 .text.dmp_set_gyro_bias
                0x080036bc       0xd0 DMP_Driver/Source/MPU6050/inv_mpu_dmp_motion_driver.o
                0x080036bc                dmp_set_gyro_bias
 .text.dmp_set_accel_bias
                0x0800378c       0xf0 DMP_Driver/Source/MPU6050/inv_mpu_dmp_motion_driver.o
                0x0800378c                dmp_set_accel_bias
 .text.dmp_set_fifo_rate
                0x0800387c       0x58 DMP_Driver/Source/MPU6050/inv_mpu_dmp_motion_driver.o
                0x0800387c                dmp_set_fifo_rate
 .text.dmp_set_tap_thresh
                0x080038d4      0x154 DMP_Driver/Source/MPU6050/inv_mpu_dmp_motion_driver.o
                0x080038d4                dmp_set_tap_thresh
 .text.dmp_enable_feature
                0x08003a28      0x264 DMP_Driver/Source/MPU6050/inv_mpu_dmp_motion_driver.o
                0x08003a28                dmp_enable_feature
 .text.dmp_decode_fifo
                0x08003c8c      0x1b8 DMP_Driver/Source/MPU6050/inv_mpu_dmp_motion_driver.o
                0x08003c8c                dmp_decode_fifo
 .text.DMP_Init
                0x08003e44      0x21c DMP_Driver/Source/MPU6050/mpu6050.o
                0x08003e44                DMP_Init
 .text.Decode_DMP_data
                0x08004060       0x28 DMP_Driver/Source/MPU6050/mpu6050.o
                0x08004060                Decode_DMP_data
 .text.HAL_Init
                0x08004088       0x24 Drivers/STM32F1xx_HAL_Driver/Src/stm32f1xx_hal.o
                0x08004088                HAL_Init
 .text.HAL_IncTick
                0x080040ac       0x18 Drivers/STM32F1xx_HAL_Driver/Src/stm32f1xx_hal.o
                0x080040ac                HAL_IncTick
 .text.HAL_GetTick
                0x080040c4        0xc Drivers/STM32F1xx_HAL_Driver/Src/stm32f1xx_hal.o
                0x080040c4                HAL_GetTick
 .text.HAL_Delay
                0x080040d0       0x24 Drivers/STM32F1xx_HAL_Driver/Src/stm32f1xx_hal.o
                0x080040d0                HAL_Delay
 .text.HAL_NVIC_SetPriorityGrouping
                0x080040f4       0x24 Drivers/STM32F1xx_HAL_Driver/Src/stm32f1xx_hal_cortex.o
                0x080040f4                HAL_NVIC_SetPriorityGrouping
 .text.HAL_NVIC_SetPriority
                0x08004118       0x6c Drivers/STM32F1xx_HAL_Driver/Src/stm32f1xx_hal_cortex.o
                0x08004118                HAL_NVIC_SetPriority
 .text.HAL_NVIC_EnableIRQ
                0x08004184       0x18 Drivers/STM32F1xx_HAL_Driver/Src/stm32f1xx_hal_cortex.o
                0x08004184                HAL_NVIC_EnableIRQ
 .text.HAL_DMA_Init
                0x0800419c       0x68 Drivers/STM32F1xx_HAL_Driver/Src/stm32f1xx_hal_dma.o
                0x0800419c                HAL_DMA_Init
 .text.HAL_DMA_Start_IT
                0x08004204       0x88 Drivers/STM32F1xx_HAL_Driver/Src/stm32f1xx_hal_dma.o
                0x08004204                HAL_DMA_Start_IT
 .text.HAL_DMA_Abort_IT
                0x0800428c       0x98 Drivers/STM32F1xx_HAL_Driver/Src/stm32f1xx_hal_dma.o
                0x0800428c                HAL_DMA_Abort_IT
 .text.HAL_DMA_IRQHandler
                0x08004324      0x12c Drivers/STM32F1xx_HAL_Driver/Src/stm32f1xx_hal_dma.o
                0x08004324                HAL_DMA_IRQHandler
 .text.HAL_GPIO_Init
                0x08004450      0x1e0 Drivers/STM32F1xx_HAL_Driver/Src/stm32f1xx_hal_gpio.o
                0x08004450                HAL_GPIO_Init
 .text.HAL_GPIO_WritePin
                0x08004630        0x8 Drivers/STM32F1xx_HAL_Driver/Src/stm32f1xx_hal_gpio.o
                0x08004630                HAL_GPIO_WritePin
 .text.HAL_GPIO_TogglePin
                0x08004638        0x8 Drivers/STM32F1xx_HAL_Driver/Src/stm32f1xx_hal_gpio.o
                0x08004638                HAL_GPIO_TogglePin
 .text.HAL_GPIO_EXTI_IRQHandler
                0x08004640       0x18 Drivers/STM32F1xx_HAL_Driver/Src/stm32f1xx_hal_gpio.o
                0x08004640                HAL_GPIO_EXTI_IRQHandler
 .text.I2C_RequestMemoryWrite
                0x08004658      0x194 Drivers/STM32F1xx_HAL_Driver/Src/stm32f1xx_hal_i2c.o
 .text.I2C_RequestMemoryRead
                0x080047ec      0x254 Drivers/STM32F1xx_HAL_Driver/Src/stm32f1xx_hal_i2c.o
 .text.HAL_I2C_Init
                0x08004a40      0x118 Drivers/STM32F1xx_HAL_Driver/Src/stm32f1xx_hal_i2c.o
                0x08004a40                HAL_I2C_Init
 .text.HAL_I2C_Mem_Write
                0x08004b58      0x218 Drivers/STM32F1xx_HAL_Driver/Src/stm32f1xx_hal_i2c.o
                0x08004b58                HAL_I2C_Mem_Write
 .text.HAL_I2C_Mem_Read
                0x08004d70      0x364 Drivers/STM32F1xx_HAL_Driver/Src/stm32f1xx_hal_i2c.o
                0x08004d70                HAL_I2C_Mem_Read
 .text.HAL_I2C_Mem_Read_DMA
                0x080050d4      0x188 Drivers/STM32F1xx_HAL_Driver/Src/stm32f1xx_hal_i2c.o
                0x080050d4                HAL_I2C_Mem_Read_DMA
 .text.HAL_I2C_MasterRxCpltCallback
                0x0800525c        0x4 Drivers/STM32F1xx_HAL_Driver/Src/stm32f1xx_hal_i2c.o
                0x0800525c                HAL_I2C_MasterRxCpltCallback
 .text.HAL_I2C_ErrorCallback
                0x08005260        0x4 Drivers/STM32F1xx_HAL_Driver/Src/stm32f1xx_hal_i2c.o
                0x08005260                HAL_I2C_ErrorCallback
 .text.I2C_DMAError
                0x08005264       0x2c Drivers/STM32F1xx_HAL_Driver/Src/stm32f1xx_hal_i2c.o
 .text.I2C_DMAXferCplt
                0x08005290       0x84 Drivers/STM32F1xx_HAL_Driver/Src/stm32f1xx_hal_i2c.o
 .text.HAL_PCD_Init
                0x08005314      0x370 Drivers/STM32F1xx_HAL_Driver/Src/stm32f1xx_hal_pcd.o
                0x08005314                HAL_PCD_Init
 .text.HAL_PCD_Start
                0x08005684       0x30 Drivers/STM32F1xx_HAL_Driver/Src/stm32f1xx_hal_pcd.o
                0x08005684                HAL_PCD_Start
 .text.HAL_PCD_IRQHandler
                0x080056b4      0x58c Drivers/STM32F1xx_HAL_Driver/Src/stm32f1xx_hal_pcd.o
                0x080056b4                HAL_PCD_IRQHandler
 .text.HAL_PCD_SetAddress
                0x08005c40       0x28 Drivers/STM32F1xx_HAL_Driver/Src/stm32f1xx_hal_pcd.o
                0x08005c40                HAL_PCD_SetAddress
 .text.HAL_PCD_EP_Open
                0x08005c68       0x48 Drivers/STM32F1xx_HAL_Driver/Src/stm32f1xx_hal_pcd.o
                0x08005c68                HAL_PCD_EP_Open
 .text.HAL_PCD_EP_Close
                0x08005cb0       0x44 Drivers/STM32F1xx_HAL_Driver/Src/stm32f1xx_hal_pcd.o
                0x08005cb0                HAL_PCD_EP_Close
 .text.HAL_PCD_EP_Receive
                0x08005cf4       0x30 Drivers/STM32F1xx_HAL_Driver/Src/stm32f1xx_hal_pcd.o
                0x08005cf4                HAL_PCD_EP_Receive
 .text.HAL_PCD_EP_GetRxCount
                0x08005d24       0x10 Drivers/STM32F1xx_HAL_Driver/Src/stm32f1xx_hal_pcd.o
                0x08005d24                HAL_PCD_EP_GetRxCount
 .text.HAL_PCD_EP_Transmit
                0x08005d34       0x2c Drivers/STM32F1xx_HAL_Driver/Src/stm32f1xx_hal_pcd.o
                0x08005d34                HAL_PCD_EP_Transmit
 .text.HAL_PCD_EP_SetStall
                0x08005d60       0x58 Drivers/STM32F1xx_HAL_Driver/Src/stm32f1xx_hal_pcd.o
                0x08005d60                HAL_PCD_EP_SetStall
 .text.HAL_PCD_EP_ClrStall
                0x08005db8       0x48 Drivers/STM32F1xx_HAL_Driver/Src/stm32f1xx_hal_pcd.o
                0x08005db8                HAL_PCD_EP_ClrStall
 .text.HAL_PCDEx_PMAConfig
                0x08005e00       0x38 Drivers/STM32F1xx_HAL_Driver/Src/stm32f1xx_hal_pcd_ex.o
                0x08005e00                HAL_PCDEx_PMAConfig
 .text.HAL_RCC_OscConfig
                0x08005e38      0x3d0 Drivers/STM32F1xx_HAL_Driver/Src/stm32f1xx_hal_rcc.o
                0x08005e38                HAL_RCC_OscConfig
 .text.HAL_RCC_ClockConfig
                0x08006208      0x1c8 Drivers/STM32F1xx_HAL_Driver/Src/stm32f1xx_hal_rcc.o
                0x08006208                HAL_RCC_ClockConfig
 .text.HAL_RCC_GetPCLK1Freq
                0x080063d0       0x20 Drivers/STM32F1xx_HAL_Driver/Src/stm32f1xx_hal_rcc.o
                0x080063d0                HAL_RCC_GetPCLK1Freq
 .text.HAL_RCC_GetPCLK2Freq
                0x080063f0       0x20 Drivers/STM32F1xx_HAL_Driver/Src/stm32f1xx_hal_rcc.o
                0x080063f0                HAL_RCC_GetPCLK2Freq
 .text.HAL_RCC_GetClockConfig
                0x08006410       0x40 Drivers/STM32F1xx_HAL_Driver/Src/stm32f1xx_hal_rcc.o
                0x08006410                HAL_RCC_GetClockConfig
 .text.HAL_RCCEx_PeriphCLKConfig
                0x08006450      0x104 Drivers/STM32F1xx_HAL_Driver/Src/stm32f1xx_hal_rcc_ex.o
                0x08006450                HAL_RCCEx_PeriphCLKConfig
 .text.HAL_SPI_Transmit_DMA
                0x08006554       0xa8 Drivers/STM32F1xx_HAL_Driver/Src/stm32f1xx_hal_spi.o
                0x08006554                HAL_SPI_Transmit_DMA
 .text.HAL_SPI_TxCpltCallback
                0x080065fc        0x4 Drivers/STM32F1xx_HAL_Driver/Src/stm32f1xx_hal_spi.o
                0x080065fc                HAL_SPI_TxCpltCallback
 .text.HAL_SPI_TxHalfCpltCallback
                0x08006600        0x4 Drivers/STM32F1xx_HAL_Driver/Src/stm32f1xx_hal_spi.o
                0x08006600                HAL_SPI_TxHalfCpltCallback
 .text.SPI_DMAHalfTransmitCplt
                0x08006604        0xc Drivers/STM32F1xx_HAL_Driver/Src/stm32f1xx_hal_spi.o
 .text.HAL_SPI_ErrorCallback
                0x08006610        0x4 Drivers/STM32F1xx_HAL_Driver/Src/stm32f1xx_hal_spi.o
                0x08006610                HAL_SPI_ErrorCallback
 .text.SPI_DMAError
                0x08006614       0x24 Drivers/STM32F1xx_HAL_Driver/Src/stm32f1xx_hal_spi.o
 .text.SPI_DMATransmitCplt
                0x08006638       0xcc Drivers/STM32F1xx_HAL_Driver/Src/stm32f1xx_hal_spi.o
 .text.HAL_SPI_Init
                0x08006704       0x7c Drivers/STM32F1xx_HAL_Driver/Src/stm32f1xx_hal_spi_ex.o
                0x08006704                HAL_SPI_Init
 .text.HAL_TIM_Base_MspInit
                0x08006780        0x4 Drivers/STM32F1xx_HAL_Driver/Src/stm32f1xx_hal_tim.o
                0x08006780                HAL_TIM_Base_MspInit
 .text.HAL_TIM_Base_Init
                0x08006784       0x9c Drivers/STM32F1xx_HAL_Driver/Src/stm32f1xx_hal_tim.o
                0x08006784                HAL_TIM_Base_Init
 .text.HAL_TIM_Base_Start_IT
                0x08006820       0x18 Drivers/STM32F1xx_HAL_Driver/Src/stm32f1xx_hal_tim.o
                0x08006820                HAL_TIM_Base_Start_IT
 .text.HAL_TIM_OC_DelayElapsedCallback
                0x08006838        0x4 Drivers/STM32F1xx_HAL_Driver/Src/stm32f1xx_hal_tim.o
                0x08006838                HAL_TIM_OC_DelayElapsedCallback
 .text.HAL_TIM_IC_CaptureCallback
                0x0800683c        0x4 Drivers/STM32F1xx_HAL_Driver/Src/stm32f1xx_hal_tim.o
                0x0800683c                HAL_TIM_IC_CaptureCallback
 .text.HAL_TIM_PWM_PulseFinishedCallback
                0x08006840        0x4 Drivers/STM32F1xx_HAL_Driver/Src/stm32f1xx_hal_tim.o
                0x08006840                HAL_TIM_PWM_PulseFinishedCallback
 .text.HAL_TIM_TriggerCallback
                0x08006844        0x4 Drivers/STM32F1xx_HAL_Driver/Src/stm32f1xx_hal_tim.o
                0x08006844                HAL_TIM_TriggerCallback
 .text.HAL_TIM_IRQHandler
                0x08006848      0x154 Drivers/STM32F1xx_HAL_Driver/Src/stm32f1xx_hal_tim.o
                0x08006848                HAL_TIM_IRQHandler
 .text.HAL_TIMEx_CommutationCallback
                0x0800699c        0x4 Drivers/STM32F1xx_HAL_Driver/Src/stm32f1xx_hal_tim_ex.o
                0x0800699c                HAL_TIMEx_CommutationCallback
 .text.HAL_TIMEx_BreakCallback
                0x080069a0        0x4 Drivers/STM32F1xx_HAL_Driver/Src/stm32f1xx_hal_tim_ex.o
                0x080069a0                HAL_TIMEx_BreakCallback
 .text.HAL_UART_Init
                0x080069a4      0x1c8 Drivers/STM32F1xx_HAL_Driver/Src/stm32f1xx_hal_uart.o
                0x080069a4                HAL_UART_Init
 .text.HAL_UART_Transmit
                0x08006b6c      0x114 Drivers/STM32F1xx_HAL_Driver/Src/stm32f1xx_hal_uart.o
                0x08006b6c                HAL_UART_Transmit
 .text.HAL_UART_TxCpltCallback
                0x08006c80        0x4 Drivers/STM32F1xx_HAL_Driver/Src/stm32f1xx_hal_uart.o
                0x08006c80                HAL_UART_TxCpltCallback
 .text.HAL_UART_RxCpltCallback
                0x08006c84        0x4 Drivers/STM32F1xx_HAL_Driver/Src/stm32f1xx_hal_uart.o
                0x08006c84                HAL_UART_RxCpltCallback
 .text.UART_Receive_IT.part.1
                0x08006c88       0x6c Drivers/STM32F1xx_HAL_Driver/Src/stm32f1xx_hal_uart.o
 .text.HAL_UART_ErrorCallback
                0x08006cf4        0x4 Drivers/STM32F1xx_HAL_Driver/Src/stm32f1xx_hal_uart.o
                0x08006cf4                HAL_UART_ErrorCallback
 .text.HAL_UART_IRQHandler
                0x08006cf8      0x184 Drivers/STM32F1xx_HAL_Driver/Src/stm32f1xx_hal_uart.o
                0x08006cf8                HAL_UART_IRQHandler
 .text.UART_DMAAbortOnError
                0x08006e7c       0x14 Drivers/STM32F1xx_HAL_Driver/Src/stm32f1xx_hal_uart.o
 .text.USB_CoreInit
                0x08006e90       0x10 Drivers/STM32F1xx_HAL_Driver/Src/stm32f1xx_ll_usb.o
                0x08006e90                USB_CoreInit
 .text.USB_EnableGlobalInt
                0x08006ea0       0x14 Drivers/STM32F1xx_HAL_Driver/Src/stm32f1xx_ll_usb.o
                0x08006ea0                USB_EnableGlobalInt
 .text.USB_DisableGlobalInt
                0x08006eb4       0x14 Drivers/STM32F1xx_HAL_Driver/Src/stm32f1xx_ll_usb.o
                0x08006eb4                USB_DisableGlobalInt
 .text.USB_SetCurrentMode
                0x08006ec8        0x4 Drivers/STM32F1xx_HAL_Driver/Src/stm32f1xx_ll_usb.o
                0x08006ec8                USB_SetCurrentMode
 .text.USB_DevInit
                0x08006ecc       0x34 Drivers/STM32F1xx_HAL_Driver/Src/stm32f1xx_ll_usb.o
                0x08006ecc                USB_DevInit
 .text.USB_ActivateEndpoint
                0x08006f00      0x2d8 Drivers/STM32F1xx_HAL_Driver/Src/stm32f1xx_ll_usb.o
                0x08006f00                USB_ActivateEndpoint
 .text.USB_DeactivateEndpoint
                0x080071d8      0x19c Drivers/STM32F1xx_HAL_Driver/Src/stm32f1xx_ll_usb.o
                0x080071d8                USB_DeactivateEndpoint
 .text.USB_EPStartXfer
                0x08007374      0x1f4 Drivers/STM32F1xx_HAL_Driver/Src/stm32f1xx_ll_usb.o
                0x08007374                USB_EPStartXfer
 .text.USB_EPSetStall
                0x08007568       0x64 Drivers/STM32F1xx_HAL_Driver/Src/stm32f1xx_ll_usb.o
                0x08007568                USB_EPSetStall
 .text.USB_EPClearStall
                0x080075cc       0x90 Drivers/STM32F1xx_HAL_Driver/Src/stm32f1xx_ll_usb.o
                0x080075cc                USB_EPClearStall
 .text.USB_SetDevAddress
                0x0800765c        0xc Drivers/STM32F1xx_HAL_Driver/Src/stm32f1xx_ll_usb.o
                0x0800765c                USB_SetDevAddress
 .text.USB_DevConnect
                0x08007668        0x4 Drivers/STM32F1xx_HAL_Driver/Src/stm32f1xx_ll_usb.o
                0x08007668                USB_DevConnect
 .text.USB_DevDisconnect
                0x0800766c        0x4 Drivers/STM32F1xx_HAL_Driver/Src/stm32f1xx_ll_usb.o
                0x0800766c                USB_DevDisconnect
 .text.USB_ReadInterrupts
                0x08007670        0x8 Drivers/STM32F1xx_HAL_Driver/Src/stm32f1xx_ll_usb.o
                0x08007670                USB_ReadInterrupts
 .text.USB_EP0_OutStart
                0x08007678        0x4 Drivers/STM32F1xx_HAL_Driver/Src/stm32f1xx_ll_usb.o
                0x08007678                USB_EP0_OutStart
 .text.USB_WritePMA
                0x0800767c       0x1c Drivers/STM32F1xx_HAL_Driver/Src/stm32f1xx_ll_usb.o
                0x0800767c                USB_WritePMA
 .text.USB_ReadPMA
                0x08007698       0x20 Drivers/STM32F1xx_HAL_Driver/Src/stm32f1xx_ll_usb.o
                0x08007698                USB_ReadPMA
 .text.USBD_CDC_DataIn
                0x080076b8       0x14 Middlewares/ST/STM32_USB_Device_Library/Class/CDC/Src/usbd_cdc.o
 .text.USBD_CDC_EP0_RxReady
                0x080076cc       0x2c Middlewares/ST/STM32_USB_Device_Library/Class/CDC/Src/usbd_cdc.o
 .text.USBD_CDC_GetFSCfgDesc
                0x080076f8        0xc Middlewares/ST/STM32_USB_Device_Library/Class/CDC/Src/usbd_cdc.o
 .text.USBD_CDC_GetHSCfgDesc
                0x08007704        0xc Middlewares/ST/STM32_USB_Device_Library/Class/CDC/Src/usbd_cdc.o
 .text.USBD_CDC_GetOtherSpeedCfgDesc
                0x08007710        0xc Middlewares/ST/STM32_USB_Device_Library/Class/CDC/Src/usbd_cdc.o
 .text.USBD_CDC_GetDeviceQualifierDescriptor
                0x0800771c        0xc Middlewares/ST/STM32_USB_Device_Library/Class/CDC/Src/usbd_cdc.o
                0x0800771c                USBD_CDC_GetDeviceQualifierDescriptor
 .text.USBD_CDC_DataOut
                0x08007728       0x30 Middlewares/ST/STM32_USB_Device_Library/Class/CDC/Src/usbd_cdc.o
 .text.USBD_CDC_Setup
                0x08007758       0x6c Middlewares/ST/STM32_USB_Device_Library/Class/CDC/Src/usbd_cdc.o
 .text.USBD_CDC_DeInit
                0x080077c4       0x3c Middlewares/ST/STM32_USB_Device_Library/Class/CDC/Src/usbd_cdc.o
 .text.USBD_CDC_Init
                0x08007800       0x90 Middlewares/ST/STM32_USB_Device_Library/Class/CDC/Src/usbd_cdc.o
 .text.USBD_CDC_RegisterInterface
                0x08007890       0x10 Middlewares/ST/STM32_USB_Device_Library/Class/CDC/Src/usbd_cdc.o
                0x08007890                USBD_CDC_RegisterInterface
 .text.USBD_CDC_SetTxBuffer
                0x080078a0       0x10 Middlewares/ST/STM32_USB_Device_Library/Class/CDC/Src/usbd_cdc.o
                0x080078a0                USBD_CDC_SetTxBuffer
 .text.USBD_CDC_SetRxBuffer
                0x080078b0        0xc Middlewares/ST/STM32_USB_Device_Library/Class/CDC/Src/usbd_cdc.o
                0x080078b0                USBD_CDC_SetRxBuffer
 .text.USBD_CDC_ReceivePacket
                0x080078bc       0x30 Middlewares/ST/STM32_USB_Device_Library/Class/CDC/Src/usbd_cdc.o
                0x080078bc                USBD_CDC_ReceivePacket
 .text.USBD_Init
                0x080078ec       0x2c Middlewares/ST/STM32_USB_Device_Library/Core/Src/usbd_core.o
                0x080078ec                USBD_Init
 .text.USBD_RegisterClass
                0x08007918       0x10 Middlewares/ST/STM32_USB_Device_Library/Core/Src/usbd_core.o
                0x08007918                USBD_RegisterClass
 .text.USBD_Start
                0x08007928        0xc Middlewares/ST/STM32_USB_Device_Library/Core/Src/usbd_core.o
                0x08007928                USBD_Start
 .text.USBD_SetClassConfig
                0x08007934       0x14 Middlewares/ST/STM32_USB_Device_Library/Core/Src/usbd_core.o
                0x08007934                USBD_SetClassConfig
 .text.USBD_ClrClassConfig
                0x08007948       0x10 Middlewares/ST/STM32_USB_Device_Library/Core/Src/usbd_core.o
                0x08007948                USBD_ClrClassConfig
 .text.USBD_LL_SetupStage
                0x08007958       0x60 Middlewares/ST/STM32_USB_Device_Library/Core/Src/usbd_core.o
                0x08007958                USBD_LL_SetupStage
 .text.USBD_LL_DataOutStage
                0x080079b8       0x6c Middlewares/ST/STM32_USB_Device_Library/Core/Src/usbd_core.o
                0x080079b8                USBD_LL_DataOutStage
 .text.USBD_LL_DataInStage
                0x08007a24       0xac Middlewares/ST/STM32_USB_Device_Library/Core/Src/usbd_core.o
                0x08007a24                USBD_LL_DataInStage
 .text.USBD_LL_Reset
                0x08007ad0       0x40 Middlewares/ST/STM32_USB_Device_Library/Core/Src/usbd_core.o
                0x08007ad0                USBD_LL_Reset
 .text.USBD_LL_SetSpeed
                0x08007b10        0x8 Middlewares/ST/STM32_USB_Device_Library/Core/Src/usbd_core.o
                0x08007b10                USBD_LL_SetSpeed
 .text.USBD_LL_Suspend
                0x08007b18       0x14 Middlewares/ST/STM32_USB_Device_Library/Core/Src/usbd_core.o
                0x08007b18                USBD_LL_Suspend
 .text.USBD_LL_Resume
                0x08007b2c       0x10 Middlewares/ST/STM32_USB_Device_Library/Core/Src/usbd_core.o
                0x08007b2c                USBD_LL_Resume
 .text.USBD_LL_SOF
                0x08007b3c       0x1c Middlewares/ST/STM32_USB_Device_Library/Core/Src/usbd_core.o
                0x08007b3c                USBD_LL_SOF
 .text.USBD_StdDevReq
                0x08007b58      0x294 Middlewares/ST/STM32_USB_Device_Library/Core/Src/usbd_ctlreq.o
                0x08007b58                USBD_StdDevReq
 .text.USBD_StdItfReq
                0x08007dec       0x40 Middlewares/ST/STM32_USB_Device_Library/Core/Src/usbd_ctlreq.o
                0x08007dec                USBD_StdItfReq
 .text.USBD_StdEPReq
                0x08007e2c       0xcc Middlewares/ST/STM32_USB_Device_Library/Core/Src/usbd_ctlreq.o
                0x08007e2c                USBD_StdEPReq
 .text.USBD_ParseSetupRequest
                0x08007ef8       0x28 Middlewares/ST/STM32_USB_Device_Library/Core/Src/usbd_ctlreq.o
                0x08007ef8                USBD_ParseSetupRequest
 .text.USBD_GetString
                0x08007f20       0x50 Middlewares/ST/STM32_USB_Device_Library/Core/Src/usbd_ctlreq.o
                0x08007f20                USBD_GetString
 .text.USBD_CtlSendData
                0x08007f70       0x1c Middlewares/ST/STM32_USB_Device_Library/Core/Src/usbd_ioreq.o
                0x08007f70                USBD_CtlSendData
 .text.USBD_CtlContinueSendData
                0x08007f8c       0x10 Middlewares/ST/STM32_USB_Device_Library/Core/Src/usbd_ioreq.o
                0x08007f8c                USBD_CtlContinueSendData
 .text.USBD_CtlPrepareRx
                0x08007f9c       0x20 Middlewares/ST/STM32_USB_Device_Library/Core/Src/usbd_ioreq.o
                0x08007f9c                USBD_CtlPrepareRx
 .text.USBD_CtlContinueRx
                0x08007fbc       0x10 Middlewares/ST/STM32_USB_Device_Library/Core/Src/usbd_ioreq.o
                0x08007fbc                USBD_CtlContinueRx
 .text.USBD_CtlSendStatus
                0x08007fcc       0x18 Middlewares/ST/STM32_USB_Device_Library/Core/Src/usbd_ioreq.o
                0x08007fcc                USBD_CtlSendStatus
 .text.USBD_CtlReceiveStatus
                0x08007fe4       0x18 Middlewares/ST/STM32_USB_Device_Library/Core/Src/usbd_ioreq.o
                0x08007fe4                USBD_CtlReceiveStatus
 .text.osKernelStart
                0x08007ffc        0xc Middlewares/Third_Party/FreeRTOS/Source/CMSIS_RTOS/cmsis_os.o
                0x08007ffc                osKernelStart
 .text.osThreadCreate
                0x08008008       0x34 Middlewares/Third_Party/FreeRTOS/Source/CMSIS_RTOS/cmsis_os.o
                0x08008008                osThreadCreate
 .text.osDelay  0x0800803c       0x10 Middlewares/Third_Party/FreeRTOS/Source/CMSIS_RTOS/cmsis_os.o
                0x0800803c                osDelay
 .text.osMessageCreate
                0x0800804c        0x8 Middlewares/Third_Party/FreeRTOS/Source/CMSIS_RTOS/cmsis_os.o
                0x0800804c                osMessageCreate
 .text.vListInitialise
                0x08008054       0x18 Middlewares/Third_Party/FreeRTOS/Source/list.o
                0x08008054                vListInitialise
 .text.vListInitialiseItem
                0x0800806c        0x8 Middlewares/Third_Party/FreeRTOS/Source/list.o
                0x0800806c                vListInitialiseItem
 .text.vListInsertEnd
                0x08008074       0x1c Middlewares/Third_Party/FreeRTOS/Source/list.o
                0x08008074                vListInsertEnd
 .text.vListInsert
                0x08008090       0x34 Middlewares/Third_Party/FreeRTOS/Source/list.o
                0x08008090                vListInsert
 .text.uxListRemove
                0x080080c4       0x24 Middlewares/Third_Party/FreeRTOS/Source/list.o
                0x080080c4                uxListRemove
 .text.xQueueGenericCreate
                0x080080e8       0x88 Middlewares/Third_Party/FreeRTOS/Source/queue.o
                0x080080e8                xQueueGenericCreate
 .text.xQueueGenericSend
                0x08008170      0x37c Middlewares/Third_Party/FreeRTOS/Source/queue.o
                0x08008170                xQueueGenericSend
 .text.xQueueGenericReceive
                0x080084ec      0x310 Middlewares/Third_Party/FreeRTOS/Source/queue.o
                0x080084ec                xQueueGenericReceive
 .text.uxQueueSpacesAvailable
                0x080087fc       0x2c Middlewares/Third_Party/FreeRTOS/Source/queue.o
                0x080087fc                uxQueueSpacesAvailable
 .text.prvAddCurrentTaskToDelayedList
                0x08008828       0x6c Middlewares/Third_Party/FreeRTOS/Source/tasks.o
 .text.xTaskCreate
                0x08008894      0x228 Middlewares/Third_Party/FreeRTOS/Source/tasks.o
                0x08008894                xTaskCreate
 .text.vTaskStartScheduler
                0x08008abc      0x190 Middlewares/Third_Party/FreeRTOS/Source/tasks.o
                0x08008abc                vTaskStartScheduler
 .text.vTaskSuspendAll
                0x08008c4c       0x14 Middlewares/Third_Party/FreeRTOS/Source/tasks.o
                0x08008c4c                vTaskSuspendAll
 .text.xTaskIncrementTick
                0x08008c60      0x104 Middlewares/Third_Party/FreeRTOS/Source/tasks.o
                0x08008c60                xTaskIncrementTick
 .text.xTaskResumeAll
                0x08008d64       0xe8 Middlewares/Third_Party/FreeRTOS/Source/tasks.o
                0x08008d64                xTaskResumeAll
 .text.vTaskDelay
                0x08008e4c       0x4c Middlewares/Third_Party/FreeRTOS/Source/tasks.o
                0x08008e4c                vTaskDelay
 .text.prvIdleTask
                0x08008e98       0x74 Middlewares/Third_Party/FreeRTOS/Source/tasks.o
 .text.vTaskSwitchContext
                0x08008f0c       0x68 Middlewares/Third_Party/FreeRTOS/Source/tasks.o
                0x08008f0c                vTaskSwitchContext
 .text.vTaskPlaceOnEventList
                0x08008f74       0x84 Middlewares/Third_Party/FreeRTOS/Source/tasks.o
                0x08008f74                vTaskPlaceOnEventList
 .text.xTaskRemoveFromEventList
                0x08008ff8       0x78 Middlewares/Third_Party/FreeRTOS/Source/tasks.o
                0x08008ff8                xTaskRemoveFromEventList
 .text.vTaskSetTimeOutState
                0x08009070       0x28 Middlewares/Third_Party/FreeRTOS/Source/tasks.o
                0x08009070                vTaskSetTimeOutState
 .text.xTaskCheckForTimeOut
                0x08009098       0x78 Middlewares/Third_Party/FreeRTOS/Source/tasks.o
                0x08009098                xTaskCheckForTimeOut
 .text.vTaskMissedYield
                0x08009110       0x10 Middlewares/Third_Party/FreeRTOS/Source/tasks.o
                0x08009110                vTaskMissedYield
 .text.xTaskGetSchedulerState
                0x08009120       0x20 Middlewares/Third_Party/FreeRTOS/Source/tasks.o
                0x08009120                xTaskGetSchedulerState
 .text.vTaskPriorityInherit
                0x08009140       0x8c Middlewares/Third_Party/FreeRTOS/Source/tasks.o
                0x08009140                vTaskPriorityInherit
 .text.xTaskPriorityDisinherit
                0x080091cc       0xa0 Middlewares/Third_Party/FreeRTOS/Source/tasks.o
                0x080091cc                xTaskPriorityDisinherit
 .text.pvTaskIncrementMutexHeldCount
                0x0800926c       0x18 Middlewares/Third_Party/FreeRTOS/Source/tasks.o
                0x0800926c                pvTaskIncrementMutexHeldCount
 .text.xTaskNotifyWait
                0x08009284       0xe4 Middlewares/Third_Party/FreeRTOS/Source/tasks.o
                0x08009284                xTaskNotifyWait
 .text.xTaskGenericNotifyFromISR
                0x08009368      0x100 Middlewares/Third_Party/FreeRTOS/Source/tasks.o
                0x08009368                xTaskGenericNotifyFromISR
 .text.prvTaskExitError
                0x08009468       0x30 Middlewares/Third_Party/FreeRTOS/Source/portable/GCC/ARM_CM3/port.o
 .text.prvPortStartFirstTask
                0x08009498       0x20 Middlewares/Third_Party/FreeRTOS/Source/portable/GCC/ARM_CM3/port.o
 .text.pxPortInitialiseStack
                0x080094b8       0x24 Middlewares/Third_Party/FreeRTOS/Source/portable/GCC/ARM_CM3/port.o
                0x080094b8                pxPortInitialiseStack
 *fill*         0x080094dc        0x4 
 .text.SVC_Handler
                0x080094e0       0x24 Middlewares/Third_Party/FreeRTOS/Source/portable/GCC/ARM_CM3/port.o
                0x080094e0                SVC_Handler
 .text.vPortEnterCritical
                0x08009504       0x44 Middlewares/Third_Party/FreeRTOS/Source/portable/GCC/ARM_CM3/port.o
                0x08009504                vPortEnterCritical
 .text.vPortExitCritical
                0x08009548       0x28 Middlewares/Third_Party/FreeRTOS/Source/portable/GCC/ARM_CM3/port.o
                0x08009548                vPortExitCritical
 .text.PendSV_Handler
                0x08009570       0x44 Middlewares/Third_Party/FreeRTOS/Source/portable/GCC/ARM_CM3/port.o
                0x08009570                PendSV_Handler
 .text.SysTick_Handler
                0x080095b4       0x2c Middlewares/Third_Party/FreeRTOS/Source/portable/GCC/ARM_CM3/port.o
                0x080095b4                SysTick_Handler
 .text.vPortSetupTimerInterrupt
                0x080095e0       0x2c Middlewares/Third_Party/FreeRTOS/Source/portable/GCC/ARM_CM3/port.o
                0x080095e0                vPortSetupTimerInterrupt
 .text.xPortStartScheduler
                0x0800960c       0x98 Middlewares/Third_Party/FreeRTOS/Source/portable/GCC/ARM_CM3/port.o
                0x0800960c                xPortStartScheduler
 .text.vPortValidateInterruptPriority
                0x080096a4       0x58 Middlewares/Third_Party/FreeRTOS/Source/portable/GCC/ARM_CM3/port.o
                0x080096a4                vPortValidateInterruptPriority
 .text.unlikely.prvInsertBlockIntoFreeList
                0x080096fc       0x4c Middlewares/Third_Party/FreeRTOS/Source/portable/MemMang/heap_4.o
 .text.pvPortMalloc
                0x08009748       0xf8 Middlewares/Third_Party/FreeRTOS/Source/portable/MemMang/heap_4.o
                0x08009748                pvPortMalloc
 .text.vPortFree
                0x08009840       0x68 Middlewares/Third_Party/FreeRTOS/Source/portable/MemMang/heap_4.o
                0x08009840                vPortFree
 .text.MX_USB_DEVICE_Init
                0x080098a8       0x38 USB_DEVICE/App/usb_device.o
                0x080098a8                MX_USB_DEVICE_Init
 .text.CDC_DeInit_FS
                0x080098e0        0x4 USB_DEVICE/App/usbd_cdc_if.o
 .text.CDC_Control_FS
                0x080098e4        0x4 USB_DEVICE/App/usbd_cdc_if.o
 .text.CDC_Receive_FS
                0x080098e8       0x1c USB_DEVICE/App/usbd_cdc_if.o
 .text.CDC_Init_FS
                0x08009904       0x28 USB_DEVICE/App/usbd_cdc_if.o
 .text.USBD_FS_DeviceDescriptor
                0x0800992c        0xc USB_DEVICE/App/usbd_desc.o
                0x0800992c                USBD_FS_DeviceDescriptor
 .text.USBD_FS_LangIDStrDescriptor
                0x08009938        0xc USB_DEVICE/App/usbd_desc.o
                0x08009938                USBD_FS_LangIDStrDescriptor
 .text.USBD_FS_ManufacturerStrDescriptor
                0x08009944       0x1c USB_DEVICE/App/usbd_desc.o
                0x08009944                USBD_FS_ManufacturerStrDescriptor
 .text.USBD_FS_ProductStrDescriptor
                0x08009960       0x1c USB_DEVICE/App/usbd_desc.o
                0x08009960                USBD_FS_ProductStrDescriptor
 .text.USBD_FS_SerialStrDescriptor
                0x0800997c       0x1c USB_DEVICE/App/usbd_desc.o
                0x0800997c                USBD_FS_SerialStrDescriptor
 .text.USBD_FS_ConfigStrDescriptor
                0x08009998       0x1c USB_DEVICE/App/usbd_desc.o
                0x08009998                USBD_FS_ConfigStrDescriptor
 .text.USBD_FS_InterfaceStrDescriptor
                0x080099b4       0x1c USB_DEVICE/App/usbd_desc.o
                0x080099b4                USBD_FS_InterfaceStrDescriptor
 .text.HAL_PCD_MspInit
                0x080099d0       0x40 USB_DEVICE/Target/usbd_conf.o
                0x080099d0                HAL_PCD_MspInit
 .text.HAL_PCD_SetupStageCallback
                0x08009a10        0xc USB_DEVICE/Target/usbd_conf.o
                0x08009a10                HAL_PCD_SetupStageCallback
 .text.HAL_PCD_DataOutStageCallback
                0x08009a1c       0x10 USB_DEVICE/Target/usbd_conf.o
                0x08009a1c                HAL_PCD_DataOutStageCallback
 .text.HAL_PCD_DataInStageCallback
                0x08009a2c       0x10 USB_DEVICE/Target/usbd_conf.o
                0x08009a2c                HAL_PCD_DataInStageCallback
 .text.HAL_PCD_SOFCallback
                0x08009a3c        0x8 USB_DEVICE/Target/usbd_conf.o
                0x08009a3c                HAL_PCD_SOFCallback
 .text.HAL_PCD_ResetCallback
                0x08009a44       0x1c USB_DEVICE/Target/usbd_conf.o
                0x08009a44                HAL_PCD_ResetCallback
 .text.HAL_PCD_SuspendCallback
                0x08009a60       0x20 USB_DEVICE/Target/usbd_conf.o
                0x08009a60                HAL_PCD_SuspendCallback
 .text.HAL_PCD_ResumeCallback
                0x08009a80        0x8 USB_DEVICE/Target/usbd_conf.o
                0x08009a80                HAL_PCD_ResumeCallback
 .text.USBD_LL_Init
                0x08009a88       0x88 USB_DEVICE/Target/usbd_conf.o
                0x08009a88                USBD_LL_Init
 .text.USBD_LL_Start
                0x08009b10       0x1c USB_DEVICE/Target/usbd_conf.o
                0x08009b10                USBD_LL_Start
 .text.USBD_LL_OpenEP
                0x08009b2c       0x20 USB_DEVICE/Target/usbd_conf.o
                0x08009b2c                USBD_LL_OpenEP
 .text.USBD_LL_CloseEP
                0x08009b4c       0x1c USB_DEVICE/Target/usbd_conf.o
                0x08009b4c                USBD_LL_CloseEP
 .text.USBD_LL_StallEP
                0x08009b68       0x1c USB_DEVICE/Target/usbd_conf.o
                0x08009b68                USBD_LL_StallEP
 .text.USBD_LL_ClearStallEP
                0x08009b84       0x1c USB_DEVICE/Target/usbd_conf.o
                0x08009b84                USBD_LL_ClearStallEP
 .text.USBD_LL_IsStallEP
                0x08009ba0       0x20 USB_DEVICE/Target/usbd_conf.o
                0x08009ba0                USBD_LL_IsStallEP
 .text.USBD_LL_SetUSBAddress
                0x08009bc0       0x1c USB_DEVICE/Target/usbd_conf.o
                0x08009bc0                USBD_LL_SetUSBAddress
 .text.USBD_LL_Transmit
                0x08009bdc       0x1c USB_DEVICE/Target/usbd_conf.o
                0x08009bdc                USBD_LL_Transmit
 .text.USBD_LL_PrepareReceive
                0x08009bf8       0x1c USB_DEVICE/Target/usbd_conf.o
                0x08009bf8                USBD_LL_PrepareReceive
 .text.USBD_LL_GetRxDataSize
                0x08009c14        0xc USB_DEVICE/Target/usbd_conf.o
                0x08009c14                USBD_LL_GetRxDataSize
 .text.USBD_static_malloc
                0x08009c20        0x8 USB_DEVICE/Target/usbd_conf.o
                0x08009c20                USBD_static_malloc
 .text.USBD_static_free
                0x08009c28        0x4 USB_DEVICE/Target/usbd_conf.o
                0x08009c28                USBD_static_free
 .text.HAL_PCDEx_SetConnectionState
                0x08009c2c        0x4 USB_DEVICE/Target/usbd_conf.o
                0x08009c2c                HAL_PCDEx_SetConnectionState
 .text.Reset_Handler
                0x08009c30       0x48 startup/startup_stm32f103xb.o
                0x08009c30                Reset_Handler
 .text.Default_Handler
                0x08009c78        0x2 startup/startup_stm32f103xb.o
                0x08009c78                RTC_Alarm_IRQHandler
                0x08009c78                EXTI2_IRQHandler
                0x08009c78                TIM1_CC_IRQHandler
                0x08009c78                PVD_IRQHandler
                0x08009c78                EXTI3_IRQHandler
                0x08009c78                I2C2_EV_IRQHandler
                0x08009c78                ADC1_2_IRQHandler
                0x08009c78                SPI1_IRQHandler
                0x08009c78                TAMPER_IRQHandler
                0x08009c78                DMA1_Channel4_IRQHandler
                0x08009c78                USART3_IRQHandler
                0x08009c78                RTC_IRQHandler
                0x08009c78                CAN1_RX1_IRQHandler
                0x08009c78                I2C1_EV_IRQHandler
                0x08009c78                DMA1_Channel6_IRQHandler
                0x08009c78                TIM3_IRQHandler
                0x08009c78                RCC_IRQHandler
                0x08009c78                TIM1_TRG_COM_IRQHandler
                0x08009c78                Default_Handler
                0x08009c78                EXTI9_5_IRQHandler
                0x08009c78                SPI2_IRQHandler
                0x08009c78                DMA1_Channel5_IRQHandler
                0x08009c78                EXTI4_IRQHandler
                0x08009c78                USB_HP_CAN1_TX_IRQHandler
                0x08009c78                TIM1_UP_IRQHandler
                0x08009c78                WWDG_IRQHandler
                0x08009c78                TIM2_IRQHandler
                0x08009c78                TIM1_BRK_IRQHandler
                0x08009c78                EXTI1_IRQHandler
                0x08009c78                I2C2_ER_IRQHandler
                0x08009c78                DMA1_Channel2_IRQHandler
                0x08009c78                CAN1_SCE_IRQHandler
                0x08009c78                FLASH_IRQHandler
                0x08009c78                USART1_IRQHandler
                0x08009c78                I2C1_ER_IRQHandler
                0x08009c78                USBWakeUp_IRQHandler
 *fill*         0x08009c7a        0x2 
 .text._sbrk    0x08009c7c       0x48 c:/ac6/systemworkbench/plugins/fr.ac6.mcu.externaltools.arm-none.win32_1.16.0.201807130628/tools/compiler/bin/../lib/gcc/arm-none-eabi/7.2.1/../../../../arm-none-eabi/lib/thumb/v7-m\librdimon_nano.a(rdimon-syscalls.o)
                0x08009c7c                _sbrk
 .text.__errno  0x08009cc4        0xc c:/ac6/systemworkbench/plugins/fr.ac6.mcu.externaltools.arm-none.win32_1.16.0.201807130628/tools/compiler/bin/../lib/gcc/arm-none-eabi/7.2.1/../../../../arm-none-eabi/lib/thumb/v7-m\libc_nano.a(lib_a-errno.o)
                0x08009cc4                __errno
 .text.__libc_init_array
                0x08009cd0       0x48 c:/ac6/systemworkbench/plugins/fr.ac6.mcu.externaltools.arm-none.win32_1.16.0.201807130628/tools/compiler/bin/../lib/gcc/arm-none-eabi/7.2.1/../../../../arm-none-eabi/lib/thumb/v7-m\libc_nano.a(lib_a-init.o)
                0x08009cd0                __libc_init_array
 .text.memcmp   0x08009d18       0x1e c:/ac6/systemworkbench/plugins/fr.ac6.mcu.externaltools.arm-none.win32_1.16.0.201807130628/tools/compiler/bin/../lib/gcc/arm-none-eabi/7.2.1/../../../../arm-none-eabi/lib/thumb/v7-m\libc_nano.a(lib_a-memcmp.o)
                0x08009d18                memcmp
 .text.memcpy   0x08009d36       0x16 c:/ac6/systemworkbench/plugins/fr.ac6.mcu.externaltools.arm-none.win32_1.16.0.201807130628/tools/compiler/bin/../lib/gcc/arm-none-eabi/7.2.1/../../../../arm-none-eabi/lib/thumb/v7-m\libc_nano.a(lib_a-memcpy-stub.o)
                0x08009d36                memcpy
 .text.memmove  0x08009d4c       0x32 c:/ac6/systemworkbench/plugins/fr.ac6.mcu.externaltools.arm-none.win32_1.16.0.201807130628/tools/compiler/bin/../lib/gcc/arm-none-eabi/7.2.1/../../../../arm-none-eabi/lib/thumb/v7-m\libc_nano.a(lib_a-memmove.o)
                0x08009d4c                memmove
 .text.memset   0x08009d7e       0x10 c:/ac6/systemworkbench/plugins/fr.ac6.mcu.externaltools.arm-none.win32_1.16.0.201807130628/tools/compiler/bin/../lib/gcc/arm-none-eabi/7.2.1/../../../../arm-none-eabi/lib/thumb/v7-m\libc_nano.a(lib_a-memset.o)
                0x08009d7e                memset
 *fill*         0x08009d8e        0x2 
 .text._malloc_r
                0x08009d90       0xb4 c:/ac6/systemworkbench/plugins/fr.ac6.mcu.externaltools.arm-none.win32_1.16.0.201807130628/tools/compiler/bin/../lib/gcc/arm-none-eabi/7.2.1/../../../../arm-none-eabi/lib/thumb/v7-m\libc_nano.a(lib_a-nano-mallocr.o)
                0x08009d90                _malloc_r
 .text.__cvt    0x08009e44       0xb8 c:/ac6/systemworkbench/plugins/fr.ac6.mcu.externaltools.arm-none.win32_1.16.0.201807130628/tools/compiler/bin/../lib/gcc/arm-none-eabi/7.2.1/../../../../arm-none-eabi/lib/thumb/v7-m\libc_nano.a(lib_a-nano-vfprintf_float.o)
                0x08009e44                __cvt
 .text.__exponent
                0x08009efc       0x6a c:/ac6/systemworkbench/plugins/fr.ac6.mcu.externaltools.arm-none.win32_1.16.0.201807130628/tools/compiler/bin/../lib/gcc/arm-none-eabi/7.2.1/../../../../arm-none-eabi/lib/thumb/v7-m\libc_nano.a(lib_a-nano-vfprintf_float.o)
                0x08009efc                __exponent
 *fill*         0x08009f66        0x2 
 .text._printf_float
                0x08009f68      0x46c c:/ac6/systemworkbench/plugins/fr.ac6.mcu.externaltools.arm-none.win32_1.16.0.201807130628/tools/compiler/bin/../lib/gcc/arm-none-eabi/7.2.1/../../../../arm-none-eabi/lib/thumb/v7-m\libc_nano.a(lib_a-nano-vfprintf_float.o)
                0x08009f68                _printf_float
 .text._printf_common
                0x0800a3d4       0xec c:/ac6/systemworkbench/plugins/fr.ac6.mcu.externaltools.arm-none.win32_1.16.0.201807130628/tools/compiler/bin/../lib/gcc/arm-none-eabi/7.2.1/../../../../arm-none-eabi/lib/thumb/v7-m\libc_nano.a(lib_a-nano-vfprintf_i.o)
                0x0800a3d4                _printf_common
 .text._printf_i
                0x0800a4c0      0x224 c:/ac6/systemworkbench/plugins/fr.ac6.mcu.externaltools.arm-none.win32_1.16.0.201807130628/tools/compiler/bin/../lib/gcc/arm-none-eabi/7.2.1/../../../../arm-none-eabi/lib/thumb/v7-m\libc_nano.a(lib_a-nano-vfprintf_i.o)
                0x0800a4c0                _printf_i
 .text._sbrk_r  0x0800a6e4       0x20 c:/ac6/systemworkbench/plugins/fr.ac6.mcu.externaltools.arm-none.win32_1.16.0.201807130628/tools/compiler/bin/../lib/gcc/arm-none-eabi/7.2.1/../../../../arm-none-eabi/lib/thumb/v7-m\libc_nano.a(lib_a-sbrkr.o)
                0x0800a6e4                _sbrk_r
 .text.sprintf  0x0800a704       0x40 c:/ac6/systemworkbench/plugins/fr.ac6.mcu.externaltools.arm-none.win32_1.16.0.201807130628/tools/compiler/bin/../lib/gcc/arm-none-eabi/7.2.1/../../../../arm-none-eabi/lib/thumb/v7-m\libc_nano.a(lib_a-sprintf.o)
                0x0800a704                siprintf
                0x0800a704                sprintf
 .text.quorem   0x0800a744      0x11c c:/ac6/systemworkbench/plugins/fr.ac6.mcu.externaltools.arm-none.win32_1.16.0.201807130628/tools/compiler/bin/../lib/gcc/arm-none-eabi/7.2.1/../../../../arm-none-eabi/lib/thumb/v7-m\libc_nano.a(lib_a-dtoa.o)
 .text._dtoa_r  0x0800a860      0xb68 c:/ac6/systemworkbench/plugins/fr.ac6.mcu.externaltools.arm-none.win32_1.16.0.201807130628/tools/compiler/bin/../lib/gcc/arm-none-eabi/7.2.1/../../../../arm-none-eabi/lib/thumb/v7-m\libc_nano.a(lib_a-dtoa.o)
                0x0800a860                _dtoa_r
 .text._localeconv_r
                0x0800b3c8       0x1c c:/ac6/systemworkbench/plugins/fr.ac6.mcu.externaltools.arm-none.win32_1.16.0.201807130628/tools/compiler/bin/../lib/gcc/arm-none-eabi/7.2.1/../../../../arm-none-eabi/lib/thumb/v7-m\libc_nano.a(lib_a-localeconv.o)
                0x0800b3c8                _localeconv_r
 .text.malloc   0x0800b3e4       0x10 c:/ac6/systemworkbench/plugins/fr.ac6.mcu.externaltools.arm-none.win32_1.16.0.201807130628/tools/compiler/bin/../lib/gcc/arm-none-eabi/7.2.1/../../../../arm-none-eabi/lib/thumb/v7-m\libc_nano.a(lib_a-malloc.o)
                0x0800b3e4                malloc
 .text.memchr   0x0800b3f4       0x1c c:/ac6/systemworkbench/plugins/fr.ac6.mcu.externaltools.arm-none.win32_1.16.0.201807130628/tools/compiler/bin/../lib/gcc/arm-none-eabi/7.2.1/../../../../arm-none-eabi/lib/thumb/v7-m\libc_nano.a(lib_a-memchr-stub.o)
                0x0800b3f4                memchr
 .text.__malloc_lock
                0x0800b410        0x2 c:/ac6/systemworkbench/plugins/fr.ac6.mcu.externaltools.arm-none.win32_1.16.0.201807130628/tools/compiler/bin/../lib/gcc/arm-none-eabi/7.2.1/../../../../arm-none-eabi/lib/thumb/v7-m\libc_nano.a(lib_a-mlock.o)
                0x0800b410                __malloc_lock
 .text.__malloc_unlock
                0x0800b412        0x2 c:/ac6/systemworkbench/plugins/fr.ac6.mcu.externaltools.arm-none.win32_1.16.0.201807130628/tools/compiler/bin/../lib/gcc/arm-none-eabi/7.2.1/../../../../arm-none-eabi/lib/thumb/v7-m\libc_nano.a(lib_a-mlock.o)
                0x0800b412                __malloc_unlock
 .text._Balloc  0x0800b414       0x68 c:/ac6/systemworkbench/plugins/fr.ac6.mcu.externaltools.arm-none.win32_1.16.0.201807130628/tools/compiler/bin/../lib/gcc/arm-none-eabi/7.2.1/../../../../arm-none-eabi/lib/thumb/v7-m\libc_nano.a(lib_a-mprec.o)
                0x0800b414                _Balloc
 .text._Bfree   0x0800b47c       0x2e c:/ac6/systemworkbench/plugins/fr.ac6.mcu.externaltools.arm-none.win32_1.16.0.201807130628/tools/compiler/bin/../lib/gcc/arm-none-eabi/7.2.1/../../../../arm-none-eabi/lib/thumb/v7-m\libc_nano.a(lib_a-mprec.o)
                0x0800b47c                _Bfree
 .text.__multadd
                0x0800b4aa       0x76 c:/ac6/systemworkbench/plugins/fr.ac6.mcu.externaltools.arm-none.win32_1.16.0.201807130628/tools/compiler/bin/../lib/gcc/arm-none-eabi/7.2.1/../../../../arm-none-eabi/lib/thumb/v7-m\libc_nano.a(lib_a-mprec.o)
                0x0800b4aa                __multadd
 .text.__hi0bits
                0x0800b520       0x3e c:/ac6/systemworkbench/plugins/fr.ac6.mcu.externaltools.arm-none.win32_1.16.0.201807130628/tools/compiler/bin/../lib/gcc/arm-none-eabi/7.2.1/../../../../arm-none-eabi/lib/thumb/v7-m\libc_nano.a(lib_a-mprec.o)
                0x0800b520                __hi0bits
 .text.__lo0bits
                0x0800b55e       0x5e c:/ac6/systemworkbench/plugins/fr.ac6.mcu.externaltools.arm-none.win32_1.16.0.201807130628/tools/compiler/bin/../lib/gcc/arm-none-eabi/7.2.1/../../../../arm-none-eabi/lib/thumb/v7-m\libc_nano.a(lib_a-mprec.o)
                0x0800b55e                __lo0bits
 .text.__i2b    0x0800b5bc       0x12 c:/ac6/systemworkbench/plugins/fr.ac6.mcu.externaltools.arm-none.win32_1.16.0.201807130628/tools/compiler/bin/../lib/gcc/arm-none-eabi/7.2.1/../../../../arm-none-eabi/lib/thumb/v7-m\libc_nano.a(lib_a-mprec.o)
                0x0800b5bc                __i2b
 .text.__multiply
                0x0800b5ce      0x12a c:/ac6/systemworkbench/plugins/fr.ac6.mcu.externaltools.arm-none.win32_1.16.0.201807130628/tools/compiler/bin/../lib/gcc/arm-none-eabi/7.2.1/../../../../arm-none-eabi/lib/thumb/v7-m\libc_nano.a(lib_a-mprec.o)
                0x0800b5ce                __multiply
 .text.__pow5mult
                0x0800b6f8       0x9c c:/ac6/systemworkbench/plugins/fr.ac6.mcu.externaltools.arm-none.win32_1.16.0.201807130628/tools/compiler/bin/../lib/gcc/arm-none-eabi/7.2.1/../../../../arm-none-eabi/lib/thumb/v7-m\libc_nano.a(lib_a-mprec.o)
                0x0800b6f8                __pow5mult
 .text.__lshift
                0x0800b794       0xa8 c:/ac6/systemworkbench/plugins/fr.ac6.mcu.externaltools.arm-none.win32_1.16.0.201807130628/tools/compiler/bin/../lib/gcc/arm-none-eabi/7.2.1/../../../../arm-none-eabi/lib/thumb/v7-m\libc_nano.a(lib_a-mprec.o)
                0x0800b794                __lshift
 .text.__mcmp   0x0800b83c       0x34 c:/ac6/systemworkbench/plugins/fr.ac6.mcu.externaltools.arm-none.win32_1.16.0.201807130628/tools/compiler/bin/../lib/gcc/arm-none-eabi/7.2.1/../../../../arm-none-eabi/lib/thumb/v7-m\libc_nano.a(lib_a-mprec.o)
                0x0800b83c                __mcmp
 .text.__mdiff  0x0800b870       0xbc c:/ac6/systemworkbench/plugins/fr.ac6.mcu.externaltools.arm-none.win32_1.16.0.201807130628/tools/compiler/bin/../lib/gcc/arm-none-eabi/7.2.1/../../../../arm-none-eabi/lib/thumb/v7-m\libc_nano.a(lib_a-mprec.o)
                0x0800b870                __mdiff
 .text.__d2b    0x0800b92c       0x9e c:/ac6/systemworkbench/plugins/fr.ac6.mcu.externaltools.arm-none.win32_1.16.0.201807130628/tools/compiler/bin/../lib/gcc/arm-none-eabi/7.2.1/../../../../arm-none-eabi/lib/thumb/v7-m\libc_nano.a(lib_a-mprec.o)
                0x0800b92c                __d2b
 .text._calloc_r
                0x0800b9ca       0x1c c:/ac6/systemworkbench/plugins/fr.ac6.mcu.externaltools.arm-none.win32_1.16.0.201807130628/tools/compiler/bin/../lib/gcc/arm-none-eabi/7.2.1/../../../../arm-none-eabi/lib/thumb/v7-m\libc_nano.a(lib_a-nano-callocr.o)
                0x0800b9ca                _calloc_r
 *fill*         0x0800b9e6        0x2 
 .text._free_r  0x0800b9e8       0x98 c:/ac6/systemworkbench/plugins/fr.ac6.mcu.externaltools.arm-none.win32_1.16.0.201807130628/tools/compiler/bin/../lib/gcc/arm-none-eabi/7.2.1/../../../../arm-none-eabi/lib/thumb/v7-m\libc_nano.a(lib_a-nano-freer.o)
                0x0800b9e8                _free_r
 .text.__ssputs_r
                0x0800ba80       0xb4 c:/ac6/systemworkbench/plugins/fr.ac6.mcu.externaltools.arm-none.win32_1.16.0.201807130628/tools/compiler/bin/../lib/gcc/arm-none-eabi/7.2.1/../../../../arm-none-eabi/lib/thumb/v7-m\libc_nano.a(lib_a-nano-svfprintf.o)
                0x0800ba80                __ssputs_r
 .text._svfprintf_r
                0x0800bb34      0x1ec c:/ac6/systemworkbench/plugins/fr.ac6.mcu.externaltools.arm-none.win32_1.16.0.201807130628/tools/compiler/bin/../lib/gcc/arm-none-eabi/7.2.1/../../../../arm-none-eabi/lib/thumb/v7-m\libc_nano.a(lib_a-nano-svfprintf.o)
                0x0800bb34                _svfiprintf_r
                0x0800bb34                _svfprintf_r
 .text.__ascii_mbtowc
                0x0800bd20       0x24 c:/ac6/systemworkbench/plugins/fr.ac6.mcu.externaltools.arm-none.win32_1.16.0.201807130628/tools/compiler/bin/../lib/gcc/arm-none-eabi/7.2.1/../../../../arm-none-eabi/lib/thumb/v7-m\libc_nano.a(lib_a-mbtowc_r.o)
                0x0800bd20                __ascii_mbtowc
 .text._realloc_r
                0x0800bd44       0x4c c:/ac6/systemworkbench/plugins/fr.ac6.mcu.externaltools.arm-none.win32_1.16.0.201807130628/tools/compiler/bin/../lib/gcc/arm-none-eabi/7.2.1/../../../../arm-none-eabi/lib/thumb/v7-m\libc_nano.a(lib_a-nano-reallocr.o)
                0x0800bd44                _realloc_r
 .text.__ascii_wctomb
                0x0800bd90       0x1a c:/ac6/systemworkbench/plugins/fr.ac6.mcu.externaltools.arm-none.win32_1.16.0.201807130628/tools/compiler/bin/../lib/gcc/arm-none-eabi/7.2.1/../../../../arm-none-eabi/lib/thumb/v7-m\libc_nano.a(lib_a-wctomb_r.o)
                0x0800bd90                __ascii_wctomb
 .text._malloc_usable_size_r
                0x0800bdaa       0x10 c:/ac6/systemworkbench/plugins/fr.ac6.mcu.externaltools.arm-none.win32_1.16.0.201807130628/tools/compiler/bin/../lib/gcc/arm-none-eabi/7.2.1/../../../../arm-none-eabi/lib/thumb/v7-m\libc_nano.a(lib_a-nano-msizer.o)
                0x0800bdaa                _malloc_usable_size_r
 *(.glue_7)
 .glue_7        0x0800bdba        0x0 linker stubs
 *(.glue_7t)
 .glue_7t       0x0800bdba        0x0 linker stubs
 *(.eh_frame)
 *fill*         0x0800bdba        0x2 
 .eh_frame      0x0800bdbc        0x0 c:/ac6/systemworkbench/plugins/fr.ac6.mcu.externaltools.arm-none.win32_1.16.0.201807130628/tools/compiler/bin/../lib/gcc/arm-none-eabi/7.2.1/thumb/v7-m/crtbegin.o
 *(.init)
 .init          0x0800bdbc        0x4 c:/ac6/systemworkbench/plugins/fr.ac6.mcu.externaltools.arm-none.win32_1.16.0.201807130628/tools/compiler/bin/../lib/gcc/arm-none-eabi/7.2.1/thumb/v7-m/crti.o
                0x0800bdbc                _init
 .init          0x0800bdc0        0x8 c:/ac6/systemworkbench/plugins/fr.ac6.mcu.externaltools.arm-none.win32_1.16.0.201807130628/tools/compiler/bin/../lib/gcc/arm-none-eabi/7.2.1/thumb/v7-m/crtn.o
 *(.fini)
 .fini          0x0800bdc8        0x4 c:/ac6/systemworkbench/plugins/fr.ac6.mcu.externaltools.arm-none.win32_1.16.0.201807130628/tools/compiler/bin/../lib/gcc/arm-none-eabi/7.2.1/thumb/v7-m/crti.o
                0x0800bdc8                _fini
 .fini          0x0800bdcc        0x8 c:/ac6/systemworkbench/plugins/fr.ac6.mcu.externaltools.arm-none.win32_1.16.0.201807130628/tools/compiler/bin/../lib/gcc/arm-none-eabi/7.2.1/thumb/v7-m/crtn.o
                0x0800bdd4                . = ALIGN (0x4)
                0x0800bdd4                _etext = .

.vfp11_veneer   0x0800bdd4        0x0
 .vfp11_veneer  0x0800bdd4        0x0 linker stubs

.v4_bx          0x0800bdd4        0x0
 .v4_bx         0x0800bdd4        0x0 linker stubs

.iplt           0x0800bdd4        0x0
 .iplt          0x0800bdd4        0x0 c:/ac6/systemworkbench/plugins/fr.ac6.mcu.externaltools.arm-none.win32_1.16.0.201807130628/tools/compiler/bin/../lib/gcc/arm-none-eabi/7.2.1/thumb/v7-m/crtbegin.o

.rodata         0x0800bdd8     0x1058
                0x0800bdd8                . = ALIGN (0x4)
 *(.rodata)
 .rodata        0x0800bdd8       0x44 Core/Src/main.o
 .rodata        0x0800be1c       0x18 Core/Src/system_stm32f1xx.o
                0x0800be1c                AHBPrescTable
                0x0800be2c                APBPrescTable
 .rodata        0x0800be34       0x5a DMP_Driver/Source/MPU6050/inv_mpu.o
                0x0800be3c                test
                0x0800be64                hw
                0x0800be70                reg
 *fill*         0x0800be8e        0x2 
 .rodata        0x0800be90      0xc33 DMP_Driver/Source/MPU6050/inv_mpu_dmp_motion_driver.o
 *fill*         0x0800cac3        0x1 
 .rodata        0x0800cac4       0x10 Drivers/STM32F1xx_HAL_Driver/Src/stm32f1xx_hal_rcc.o
 .rodata        0x0800cad4        0x4 USB_DEVICE/Target/usbd_conf.o
 *(.rodata*)
 .rodata.str1.4
                0x0800cad8       0x1e Core/Src/ble_if.o
 *fill*         0x0800caf6        0x2 
 .rodata.str1.4
                0x0800caf8       0x20 Core/Src/main.o
 .rodata.str1.4
                0x0800cb18       0x58 USB_DEVICE/App/usbd_desc.o
                                 0x56 (size before relaxing)
 .rodata.__sf_fake_stderr
                0x0800cb70       0x20 c:/ac6/systemworkbench/plugins/fr.ac6.mcu.externaltools.arm-none.win32_1.16.0.201807130628/tools/compiler/bin/../lib/gcc/arm-none-eabi/7.2.1/../../../../arm-none-eabi/lib/thumb/v7-m\libc_nano.a(lib_a-findfp.o)
                0x0800cb70                __sf_fake_stderr
 .rodata.__sf_fake_stdin
                0x0800cb90       0x20 c:/ac6/systemworkbench/plugins/fr.ac6.mcu.externaltools.arm-none.win32_1.16.0.201807130628/tools/compiler/bin/../lib/gcc/arm-none-eabi/7.2.1/../../../../arm-none-eabi/lib/thumb/v7-m\libc_nano.a(lib_a-findfp.o)
                0x0800cb90                __sf_fake_stdin
 .rodata.__sf_fake_stdout
                0x0800cbb0       0x20 c:/ac6/systemworkbench/plugins/fr.ac6.mcu.externaltools.arm-none.win32_1.16.0.201807130628/tools/compiler/bin/../lib/gcc/arm-none-eabi/7.2.1/../../../../arm-none-eabi/lib/thumb/v7-m\libc_nano.a(lib_a-findfp.o)
                0x0800cbb0                __sf_fake_stdout
 .rodata._printf_float.str1.1
                0x0800cbd0       0x12 c:/ac6/systemworkbench/plugins/fr.ac6.mcu.externaltools.arm-none.win32_1.16.0.201807130628/tools/compiler/bin/../lib/gcc/arm-none-eabi/7.2.1/../../../../arm-none-eabi/lib/thumb/v7-m\libc_nano.a(lib_a-nano-vfprintf_float.o)
 .rodata._printf_i.str1.1
                0x0800cbe2       0x22 c:/ac6/systemworkbench/plugins/fr.ac6.mcu.externaltools.arm-none.win32_1.16.0.201807130628/tools/compiler/bin/../lib/gcc/arm-none-eabi/7.2.1/../../../../arm-none-eabi/lib/thumb/v7-m\libc_nano.a(lib_a-nano-vfprintf_i.o)
 .rodata._dtoa_r.str1.1
                0x0800cc04        0xd c:/ac6/systemworkbench/plugins/fr.ac6.mcu.externaltools.arm-none.win32_1.16.0.201807130628/tools/compiler/bin/../lib/gcc/arm-none-eabi/7.2.1/../../../../arm-none-eabi/lib/thumb/v7-m\libc_nano.a(lib_a-dtoa.o)
                                  0xf (size before relaxing)
 *fill*         0x0800cc11        0x7 
 .rodata.__mprec_bigtens
                0x0800cc18       0x28 c:/ac6/systemworkbench/plugins/fr.ac6.mcu.externaltools.arm-none.win32_1.16.0.201807130628/tools/compiler/bin/../lib/gcc/arm-none-eabi/7.2.1/../../../../arm-none-eabi/lib/thumb/v7-m\libc_nano.a(lib_a-mprec.o)
                0x0800cc18                __mprec_bigtens
 .rodata.__mprec_tens
                0x0800cc40       0xc8 c:/ac6/systemworkbench/plugins/fr.ac6.mcu.externaltools.arm-none.win32_1.16.0.201807130628/tools/compiler/bin/../lib/gcc/arm-none-eabi/7.2.1/../../../../arm-none-eabi/lib/thumb/v7-m\libc_nano.a(lib_a-mprec.o)
                0x0800cc40                __mprec_tens
 .rodata.p05.6084
                0x0800cd08        0xc c:/ac6/systemworkbench/plugins/fr.ac6.mcu.externaltools.arm-none.win32_1.16.0.201807130628/tools/compiler/bin/../lib/gcc/arm-none-eabi/7.2.1/../../../../arm-none-eabi/lib/thumb/v7-m\libc_nano.a(lib_a-mprec.o)
 .rodata._svfprintf_r.str1.1
                0x0800cd14       0x11 c:/ac6/systemworkbench/plugins/fr.ac6.mcu.externaltools.arm-none.win32_1.16.0.201807130628/tools/compiler/bin/../lib/gcc/arm-none-eabi/7.2.1/../../../../arm-none-eabi/lib/thumb/v7-m\libc_nano.a(lib_a-nano-svfprintf.o)
 .rodata._setlocale_r.str1.1
                0x0800cd25        0x8 c:/ac6/systemworkbench/plugins/fr.ac6.mcu.externaltools.arm-none.win32_1.16.0.201807130628/tools/compiler/bin/../lib/gcc/arm-none-eabi/7.2.1/../../../../arm-none-eabi/lib/thumb/v7-m\libc_nano.a(lib_a-locale.o)
                                  0x9 (size before relaxing)
 .rodata.str1.1
                0x0800cd2d        0x2 c:/ac6/systemworkbench/plugins/fr.ac6.mcu.externaltools.arm-none.win32_1.16.0.201807130628/tools/compiler/bin/../lib/gcc/arm-none-eabi/7.2.1/../../../../arm-none-eabi/lib/thumb/v7-m\libc_nano.a(lib_a-locale.o)
 .rodata._ctype_
                0x0800cd2f      0x101 c:/ac6/systemworkbench/plugins/fr.ac6.mcu.externaltools.arm-none.win32_1.16.0.201807130628/tools/compiler/bin/../lib/gcc/arm-none-eabi/7.2.1/../../../../arm-none-eabi/lib/thumb/v7-m\libc_nano.a(lib_a-ctype_.o)
                0x0800cd2f                _ctype_
                0x0800ce30                . = ALIGN (0x4)

.ARM.extab
 *(.ARM.extab* .gnu.linkonce.armextab.*)

.ARM            0x0800ce30        0x8
                0x0800ce30                __exidx_start = .
 *(.ARM.exidx*)
 .ARM.exidx     0x0800ce30        0x8 c:/ac6/systemworkbench/plugins/fr.ac6.mcu.externaltools.arm-none.win32_1.16.0.201807130628/tools/compiler/bin/../lib/gcc/arm-none-eabi/7.2.1/thumb/v7-m\libgcc.a(_udivmoddi4.o)
                0x0800ce38                __exidx_end = .

.rel.dyn        0x0800ce38        0x0
 .rel.iplt      0x0800ce38        0x0 c:/ac6/systemworkbench/plugins/fr.ac6.mcu.externaltools.arm-none.win32_1.16.0.201807130628/tools/compiler/bin/../lib/gcc/arm-none-eabi/7.2.1/thumb/v7-m/crtbegin.o

.preinit_array  0x0800ce38        0x0
                0x0800ce38                PROVIDE (__preinit_array_start, .)
 *(.preinit_array*)
                0x0800ce38                PROVIDE (__preinit_array_end, .)

.init_array     0x0800ce38        0x4
                0x0800ce38                PROVIDE (__init_array_start, .)
 *(SORT_BY_NAME(.init_array.*))
 *(.init_array*)
 .init_array    0x0800ce38        0x4 c:/ac6/systemworkbench/plugins/fr.ac6.mcu.externaltools.arm-none.win32_1.16.0.201807130628/tools/compiler/bin/../lib/gcc/arm-none-eabi/7.2.1/thumb/v7-m/crtbegin.o
                0x0800ce3c                PROVIDE (__init_array_end, .)

.fini_array     0x0800ce3c        0x4
                [!provide]                PROVIDE (__fini_array_start, .)
 *(SORT_BY_NAME(.fini_array.*))
 *(.fini_array*)
 .fini_array    0x0800ce3c        0x4 c:/ac6/systemworkbench/plugins/fr.ac6.mcu.externaltools.arm-none.win32_1.16.0.201807130628/tools/compiler/bin/../lib/gcc/arm-none-eabi/7.2.1/thumb/v7-m/crtbegin.o
                [!provide]                PROVIDE (__fini_array_end, .)
                0x0800ce40                _sidata = LOADADDR (.data)

.data           0x20000000      0x374 load address 0x0800ce40
                0x20000000                . = ALIGN (0x4)
                0x20000000                _sdata = .
 *(.data)
 .data          0x20000000        0x4 Core/Src/system_stm32f1xx.o
                0x20000000                SystemCoreClock
 .data          0x20000004       0x2c DMP_Driver/Source/MPU6050/inv_mpu.o
 .data          0x20000030       0x10 DMP_Driver/Source/MPU6050/mpu6050.o
                0x2000003c                q0
 .data          0x20000040        0x8 Drivers/STM32F1xx_HAL_Driver/Src/stm32f1xx_hal.o
                0x20000040                uwTickFreq
                0x20000044                uwTickPrio
 .data          0x20000048      0x110 Middlewares/ST/STM32_USB_Device_Library/Class/CDC/Src/usbd_cdc.o
                0x20000048                USBD_CDC_CfgFSDesc
                0x2000008c                USBD_CDC_CfgHSDesc
                0x200000d0                USBD_CDC_OtherSpeedCfgDesc
                0x20000120                USBD_CDC
 .data          0x20000158        0x4 Middlewares/Third_Party/FreeRTOS/Source/portable/GCC/ARM_CM3/port.o
 .data          0x2000015c       0x10 USB_DEVICE/App/usbd_cdc_if.o
                0x2000015c                USBD_Interface_fops_FS
 .data          0x2000016c       0x34 USB_DEVICE/App/usbd_desc.o
                0x2000016c                USBD_FS_DeviceDesc
                0x20000180                USBD_LangIDDesc
                0x20000184                FS_Desc
 *(.data*)
 .data.__heap_limit
                0x200001a0        0x4 c:/ac6/systemworkbench/plugins/fr.ac6.mcu.externaltools.arm-none.win32_1.16.0.201807130628/tools/compiler/bin/../lib/gcc/arm-none-eabi/7.2.1/../../../../arm-none-eabi/lib/thumb/v7-m\librdimon_nano.a(rdimon-syscalls.o)
                0x200001a0                __heap_limit
 .data._impure_ptr
                0x200001a4        0x4 c:/ac6/systemworkbench/plugins/fr.ac6.mcu.externaltools.arm-none.win32_1.16.0.201807130628/tools/compiler/bin/../lib/gcc/arm-none-eabi/7.2.1/../../../../arm-none-eabi/lib/thumb/v7-m\libc_nano.a(lib_a-impure.o)
                0x200001a4                _impure_ptr
 .data.impure_data
                0x200001a8       0x60 c:/ac6/systemworkbench/plugins/fr.ac6.mcu.externaltools.arm-none.win32_1.16.0.201807130628/tools/compiler/bin/../lib/gcc/arm-none-eabi/7.2.1/../../../../arm-none-eabi/lib/thumb/v7-m\libc_nano.a(lib_a-impure.o)
 .data.__global_locale
                0x20000208      0x16c c:/ac6/systemworkbench/plugins/fr.ac6.mcu.externaltools.arm-none.win32_1.16.0.201807130628/tools/compiler/bin/../lib/gcc/arm-none-eabi/7.2.1/../../../../arm-none-eabi/lib/thumb/v7-m\libc_nano.a(lib_a-locale.o)
                0x20000208                __global_locale
                0x20000374                . = ALIGN (0x4)
                0x20000374                _edata = .

.igot.plt       0x20000374        0x0 load address 0x0800d1b4
 .igot.plt      0x20000374        0x0 c:/ac6/systemworkbench/plugins/fr.ac6.mcu.externaltools.arm-none.win32_1.16.0.201807130628/tools/compiler/bin/../lib/gcc/arm-none-eabi/7.2.1/thumb/v7-m/crtbegin.o
                0x20000374                . = ALIGN (0x4)

.bss            0x20000374     0x3c18 load address 0x0800d1b4
                0x20000374                _sbss = .
                0x20000374                __bss_start__ = _sbss
 *(.bss)
 .bss           0x20000374       0x1c c:/ac6/systemworkbench/plugins/fr.ac6.mcu.externaltools.arm-none.win32_1.16.0.201807130628/tools/compiler/bin/../lib/gcc/arm-none-eabi/7.2.1/thumb/v7-m/crtbegin.o
 .bss           0x20000390       0xa0 Core/Src/ble_if.o
 .bss           0x20000430       0x24 Core/Src/dmptask.o
 .bss           0x20000454        0xa Core/Src/main.o
                0x20000456                last_fs
                0x20000458                it_ticks
                0x2000045c                it_freq
 *fill*         0x2000045e        0x2 
 .bss           0x20000460       0x58 Core/Src/ws2812spi.o
 .bss           0x200004b8       0x10 DMP_Driver/Source/MPU6050/inv_mpu_dmp_motion_driver.o
 .bss           0x200004c8        0x1 Middlewares/ST/STM32_USB_Device_Library/Class/CDC/Src/usbd_cdc.o
 .bss           0x200004c9        0x1 Middlewares/ST/STM32_USB_Device_Library/Core/Src/usbd_ctlreq.o
 *fill*         0x200004ca        0x2 
 .bss           0x200004cc      0x12c Middlewares/Third_Party/FreeRTOS/Source/tasks.o
                0x200004d0                pxCurrentTCB
 .bss           0x200005f8        0x8 Middlewares/Third_Party/FreeRTOS/Source/portable/GCC/ARM_CM3/port.o
 .bss           0x20000600     0x2018 Middlewares/Third_Party/FreeRTOS/Source/portable/MemMang/heap_4.o
 .bss           0x20002618      0x220 USB_DEVICE/Target/usbd_conf.o
 *(.bss*)
 .bss.heap_end.6246
                0x20002838        0x4 c:/ac6/systemworkbench/plugins/fr.ac6.mcu.externaltools.arm-none.win32_1.16.0.201807130628/tools/compiler/bin/../lib/gcc/arm-none-eabi/7.2.1/../../../../arm-none-eabi/lib/thumb/v7-m\librdimon_nano.a(rdimon-syscalls.o)
 .bss.__malloc_free_list
                0x2000283c        0x4 c:/ac6/systemworkbench/plugins/fr.ac6.mcu.externaltools.arm-none.win32_1.16.0.201807130628/tools/compiler/bin/../lib/gcc/arm-none-eabi/7.2.1/../../../../arm-none-eabi/lib/thumb/v7-m\libc_nano.a(lib_a-nano-mallocr.o)
                0x2000283c                __malloc_free_list
 .bss.__malloc_sbrk_start
                0x20002840        0x4 c:/ac6/systemworkbench/plugins/fr.ac6.mcu.externaltools.arm-none.win32_1.16.0.201807130628/tools/compiler/bin/../lib/gcc/arm-none-eabi/7.2.1/../../../../arm-none-eabi/lib/thumb/v7-m\libc_nano.a(lib_a-nano-mallocr.o)
                0x20002840                __malloc_sbrk_start
 *(COMMON)
 COMMON         0x20002844       0x24 Core/Src/ble_if.o
                0x20002844                data
 COMMON         0x20002868      0x5cc Core/Src/main.o
                0x20002868                defaultTaskHandle
                0x2000286c                blinkTaskHandle
                0x20002870                fifo_buffer
                0x20002c70                hi2c1
                0x20002cc4                dataBleQueueHandle
                0x20002cc8                BLETaskHandle
                0x20002ccc                hdma_i2c1_rx
                0x20002d10                hdma_memtomem_dma1_channel1
                0x20002d54                it_cnt
                0x20002d58                hspi1
                0x20002db0                huart2
                0x20002df0                hdma_spi1_tx
 COMMON         0x20002e34       0x40 Core/Src/stm32f1xx_hal_timebase_tim.o
                0x20002e34                htim4
 COMMON         0x20002e74       0xbc DMP_Driver/Source/MPU6050/mpu6050.o
                0x20002e74                quat
                0x20002e84                accel
                0x20002e8c                gyro
                0x20002e94                buffer
                0x20002ea4                MPU6050_FIFO
                0x20002f28                sensors
                0x20002f2c                Pitch
 COMMON         0x20002f30        0x4 Drivers/STM32F1xx_HAL_Driver/Src/stm32f1xx_hal.o
                0x20002f30                uwTick
 COMMON         0x20002f34      0x224 USB_DEVICE/App/usb_device.o
                0x20002f34                hUsbDeviceFS
 COMMON         0x20003158      0x7d0 USB_DEVICE/App/usbd_cdc_if.o
                0x20003158                UserRxBufferFS
                0x20003540                UserTxBufferFS
 COMMON         0x20003928      0x200 USB_DEVICE/App/usbd_desc.o
                0x20003928                USBD_StrDesc
 COMMON         0x20003b28      0x460 USB_DEVICE/Target/usbd_conf.o
                0x20003b28                hpcd_USB_FS
 COMMON         0x20003f88        0x4 c:/ac6/systemworkbench/plugins/fr.ac6.mcu.externaltools.arm-none.win32_1.16.0.201807130628/tools/compiler/bin/../lib/gcc/arm-none-eabi/7.2.1/../../../../arm-none-eabi/lib/thumb/v7-m\libc_nano.a(lib_a-reent.o)
                0x20003f88                errno
                0x20003f8c                . = ALIGN (0x4)
                0x20003f8c                _ebss = .
                0x20003f8c                __bss_end__ = _ebss

._user_heap_stack
                0x20003f8c      0x604 load address 0x0800d1b4
                0x20003f90                . = ALIGN (0x8)
 *fill*         0x20003f8c        0x4 
                0x20003f90                PROVIDE (end, .)
                [!provide]                PROVIDE (_end, .)
                0x20004190                . = (. + _Min_Heap_Size)
 *fill*         0x20003f90      0x200 
                0x20004590                . = (. + _Min_Stack_Size)
 *fill*         0x20004190      0x400 
                0x20004590                . = ALIGN (0x8)

/DISCARD/
 libc.a(*)
 libm.a(*)
 libgcc.a(*)

.ARM.attributes
                0x00000000       0x29
 *(.ARM.attributes)
 .ARM.attributes
                0x00000000       0x1d c:/ac6/systemworkbench/plugins/fr.ac6.mcu.externaltools.arm-none.win32_1.16.0.201807130628/tools/compiler/bin/../lib/gcc/arm-none-eabi/7.2.1/thumb/v7-m/crti.o
 .ARM.attributes
                0x0000001d       0x2d c:/ac6/systemworkbench/plugins/fr.ac6.mcu.externaltools.arm-none.win32_1.16.0.201807130628/tools/compiler/bin/../lib/gcc/arm-none-eabi/7.2.1/thumb/v7-m/crtbegin.o
 .ARM.attributes
                0x0000004a       0x33 Core/Src/ble_if.o
 .ARM.attributes
                0x0000007d       0x33 Core/Src/dmptask.o
 .ARM.attributes
                0x000000b0       0x33 Core/Src/main.o
 .ARM.attributes
                0x000000e3       0x33 Core/Src/stm32f1xx_hal_msp.o
 .ARM.attributes
                0x00000116       0x33 Core/Src/stm32f1xx_hal_timebase_tim.o
 .ARM.attributes
                0x00000149       0x33 Core/Src/stm32f1xx_it.o
 .ARM.attributes
                0x0000017c       0x33 Core/Src/system_stm32f1xx.o
 .ARM.attributes
                0x000001af       0x33 Core/Src/ws2812spi.o
 .ARM.attributes
                0x000001e2       0x33 DMP_Driver/Source/MPU6050/I2C.o
 .ARM.attributes
                0x00000215       0x33 DMP_Driver/Source/MPU6050/inv_mpu.o
 .ARM.attributes
                0x00000248       0x33 DMP_Driver/Source/MPU6050/inv_mpu_dmp_motion_driver.o
 .ARM.attributes
                0x0000027b       0x33 DMP_Driver/Source/MPU6050/mpu6050.o
 .ARM.attributes
                0x000002ae       0x33 Drivers/STM32F1xx_HAL_Driver/Src/stm32f1xx_hal.o
 .ARM.attributes
                0x000002e1       0x33 Drivers/STM32F1xx_HAL_Driver/Src/stm32f1xx_hal_cortex.o
 .ARM.attributes
                0x00000314       0x33 Drivers/STM32F1xx_HAL_Driver/Src/stm32f1xx_hal_dma.o
 .ARM.attributes
                0x00000347       0x33 Drivers/STM32F1xx_HAL_Driver/Src/stm32f1xx_hal_gpio.o
 .ARM.attributes
                0x0000037a       0x33 Drivers/STM32F1xx_HAL_Driver/Src/stm32f1xx_hal_i2c.o
 .ARM.attributes
                0x000003ad       0x33 Drivers/STM32F1xx_HAL_Driver/Src/stm32f1xx_hal_pcd.o
 .ARM.attributes
                0x000003e0       0x33 Drivers/STM32F1xx_HAL_Driver/Src/stm32f1xx_hal_pcd_ex.o
 .ARM.attributes
                0x00000413       0x33 Drivers/STM32F1xx_HAL_Driver/Src/stm32f1xx_hal_rcc.o
 .ARM.attributes
                0x00000446       0x33 Drivers/STM32F1xx_HAL_Driver/Src/stm32f1xx_hal_rcc_ex.o
 .ARM.attributes
                0x00000479       0x33 Drivers/STM32F1xx_HAL_Driver/Src/stm32f1xx_hal_spi.o
 .ARM.attributes
                0x000004ac       0x33 Drivers/STM32F1xx_HAL_Driver/Src/stm32f1xx_hal_spi_ex.o
 .ARM.attributes
                0x000004df       0x33 Drivers/STM32F1xx_HAL_Driver/Src/stm32f1xx_hal_tim.o
 .ARM.attributes
                0x00000512       0x33 Drivers/STM32F1xx_HAL_Driver/Src/stm32f1xx_hal_tim_ex.o
 .ARM.attributes