Archive member included to satisfy reference by file (symbol)

k:/ac6/systemworkbench/plugins/fr.ac6.mcu.externaltools.arm-none.win32_1.16.0.201807130628/tools/compiler/bin/../lib/gcc/arm-none-eabi/7.2.1/../../../../arm-none-eabi/lib/thumb/v7-m\librdimon_nano.a(rdimon-syscalls.o)
                              k:/ac6/systemworkbench/plugins/fr.ac6.mcu.externaltools.arm-none.win32_1.16.0.201807130628/tools/compiler/bin/../lib/gcc/arm-none-eabi/7.2.1/../../../../arm-none-eabi/lib/thumb/v7-m/rdimon-crt0.o (initialise_monitor_handles)
k:/ac6/systemworkbench/plugins/fr.ac6.mcu.externaltools.arm-none.win32_1.16.0.201807130628/tools/compiler/bin/../lib/gcc/arm-none-eabi/7.2.1/../../../../arm-none-eabi/lib/thumb/v7-m\libc_nano.a(lib_a-errno.o)
                              k:/ac6/systemworkbench/plugins/fr.ac6.mcu.externaltools.arm-none.win32_1.16.0.201807130628/tools/compiler/bin/../lib/gcc/arm-none-eabi/7.2.1/../../../../arm-none-eabi/lib/thumb/v7-m\librdimon_nano.a(rdimon-syscalls.o) (__errno)
k:/ac6/systemworkbench/plugins/fr.ac6.mcu.externaltools.arm-none.win32_1.16.0.201807130628/tools/compiler/bin/../lib/gcc/arm-none-eabi/7.2.1/../../../../arm-none-eabi/lib/thumb/v7-m\libc_nano.a(lib_a-exit.o)
                              k:/ac6/systemworkbench/plugins/fr.ac6.mcu.externaltools.arm-none.win32_1.16.0.201807130628/tools/compiler/bin/../lib/gcc/arm-none-eabi/7.2.1/../../../../arm-none-eabi/lib/thumb/v7-m/rdimon-crt0.o (exit)
k:/ac6/systemworkbench/plugins/fr.ac6.mcu.externaltools.arm-none.win32_1.16.0.201807130628/tools/compiler/bin/../lib/gcc/arm-none-eabi/7.2.1/../../../../arm-none-eabi/lib/thumb/v7-m\libc_nano.a(lib_a-findfp.o)
                              k:/ac6/systemworkbench/plugins/fr.ac6.mcu.externaltools.arm-none.win32_1.16.0.201807130628/tools/compiler/bin/../lib/gcc/arm-none-eabi/7.2.1/../../../../arm-none-eabi/lib/thumb/v7-m\librdimon_nano.a(rdimon-syscalls.o) (__sinit)
k:/ac6/systemworkbench/plugins/fr.ac6.mcu.externaltools.arm-none.win32_1.16.0.201807130628/tools/compiler/bin/../lib/gcc/arm-none-eabi/7.2.1/../../../../arm-none-eabi/lib/thumb/v7-m\libc_nano.a(lib_a-fwalk.o)
                              k:/ac6/systemworkbench/plugins/fr.ac6.mcu.externaltools.arm-none.win32_1.16.0.201807130628/tools/compiler/bin/../lib/gcc/arm-none-eabi/7.2.1/../../../../arm-none-eabi/lib/thumb/v7-m\libc_nano.a(lib_a-findfp.o) (_fwalk)
k:/ac6/systemworkbench/plugins/fr.ac6.mcu.externaltools.arm-none.win32_1.16.0.201807130628/tools/compiler/bin/../lib/gcc/arm-none-eabi/7.2.1/../../../../arm-none-eabi/lib/thumb/v7-m\libc_nano.a(lib_a-impure.o)
                              k:/ac6/systemworkbench/plugins/fr.ac6.mcu.externaltools.arm-none.win32_1.16.0.201807130628/tools/compiler/bin/../lib/gcc/arm-none-eabi/7.2.1/../../../../arm-none-eabi/lib/thumb/v7-m\libc_nano.a(lib_a-exit.o) (_global_impure_ptr)
k:/ac6/systemworkbench/plugins/fr.ac6.mcu.externaltools.arm-none.win32_1.16.0.201807130628/tools/compiler/bin/../lib/gcc/arm-none-eabi/7.2.1/../../../../arm-none-eabi/lib/thumb/v7-m\libc_nano.a(lib_a-init.o)
                              k:/ac6/systemworkbench/plugins/fr.ac6.mcu.externaltools.arm-none.win32_1.16.0.201807130628/tools/compiler/bin/../lib/gcc/arm-none-eabi/7.2.1/../../../../arm-none-eabi/lib/thumb/v7-m/rdimon-crt0.o (__libc_init_array)
k:/ac6/systemworkbench/plugins/fr.ac6.mcu.externaltools.arm-none.win32_1.16.0.201807130628/tools/compiler/bin/../lib/gcc/arm-none-eabi/7.2.1/../../../../arm-none-eabi/lib/thumb/v7-m\libc_nano.a(lib_a-memcmp.o)
                              Core/Src/data_builder.o (memcmp)
k:/ac6/systemworkbench/plugins/fr.ac6.mcu.externaltools.arm-none.win32_1.16.0.201807130628/tools/compiler/bin/../lib/gcc/arm-none-eabi/7.2.1/../../../../arm-none-eabi/lib/thumb/v7-m\libc_nano.a(lib_a-memcpy-stub.o)
                              Core/Src/data_builder.o (memcpy)
k:/ac6/systemworkbench/plugins/fr.ac6.mcu.externaltools.arm-none.win32_1.16.0.201807130628/tools/compiler/bin/../lib/gcc/arm-none-eabi/7.2.1/../../../../arm-none-eabi/lib/thumb/v7-m\libc_nano.a(lib_a-memmove.o)
                              Core/Src/start_manager.o (memmove)
k:/ac6/systemworkbench/plugins/fr.ac6.mcu.externaltools.arm-none.win32_1.16.0.201807130628/tools/compiler/bin/../lib/gcc/arm-none-eabi/7.2.1/../../../../arm-none-eabi/lib/thumb/v7-m\libc_nano.a(lib_a-memset.o)
                              k:/ac6/systemworkbench/plugins/fr.ac6.mcu.externaltools.arm-none.win32_1.16.0.201807130628/tools/compiler/bin/../lib/gcc/arm-none-eabi/7.2.1/../../../../arm-none-eabi/lib/thumb/v7-m/rdimon-crt0.o (memset)
k:/ac6/systemworkbench/plugins/fr.ac6.mcu.externaltools.arm-none.win32_1.16.0.201807130628/tools/compiler/bin/../lib/gcc/arm-none-eabi/7.2.1/../../../../arm-none-eabi/lib/thumb/v7-m\libc_nano.a(lib_a-nano-mallocr.o)
[...]
Memory Configuration

Name             Origin             Length             Attributes
RAM              0x20000000         0x00005000         xrw
FLASH            0x08000000         0x00010000         xr
*default*        0x00000000         0xffffffff

Linker script and memory map

LOAD k:/ac6/systemworkbench/plugins/fr.ac6.mcu.externaltools.arm-none.win32_1.16.0.201807130628/tools/compiler/bin/../lib/gcc/arm-none-eabi/7.2.1/thumb/v7-m/crti.o
LOAD k:/ac6/systemworkbench/plugins/fr.ac6.mcu.externaltools.arm-none.win32_1.16.0.201807130628/tools/compiler/bin/../lib/gcc/arm-none-eabi/7.2.1/thumb/v7-m/crtbegin.o
LOAD k:/ac6/systemworkbench/plugins/fr.ac6.mcu.externaltools.arm-none.win32_1.16.0.201807130628/tools/compiler/bin/../lib/gcc/arm-none-eabi/7.2.1/../../../../arm-none-eabi/lib/thumb/v7-m/rdimon-crt0.o
LOAD Core/Src/data_builder.o
LOAD Core/Src/freertos.o
LOAD Core/Src/inv_mpu.o
LOAD Core/Src/inv_mpu_dmp_motion_driver.o
LOAD Core/Src/inv_mpu_hal_util.o
LOAD Core/Src/main.o
LOAD Core/Src/message_layer.o
LOAD Core/Src/ml_math_func.o
LOAD Core/Src/mlmath.o
LOAD Core/Src/mpl.o
LOAD Core/Src/mpu_data_handler.o
LOAD Core/Src/results_holder.o
LOAD Core/Src/start_manager.o
LOAD Core/Src/stm32f1xx_hal_msp.o
LOAD Core/Src/stm32f1xx_hal_timebase_TIM.o
LOAD Core/Src/stm32f1xx_it.o
LOAD Core/Src/storage_manager.o
LOAD Core/Src/system_stm32f1xx.o
LOAD Core/Src/ws2812spi.o
LOAD Drivers/STM32F1xx_HAL_Driver/Src/stm32f1xx_hal.o
LOAD Drivers/STM32F1xx_HAL_Driver/Src/stm32f1xx_hal_cortex.o
LOAD Drivers/STM32F1xx_HAL_Driver/Src/stm32f1xx_hal_dma.o
LOAD Drivers/STM32F1xx_HAL_Driver/Src/stm32f1xx_hal_flash.o
LOAD Drivers/STM32F1xx_HAL_Driver/Src/stm32f1xx_hal_flash_ex.o
LOAD Drivers/STM32F1xx_HAL_Driver/Src/stm32f1xx_hal_gpio.o
LOAD Drivers/STM32F1xx_HAL_Driver/Src/stm32f1xx_hal_gpio_ex.o
LOAD Drivers/STM32F1xx_HAL_Driver/Src/stm32f1xx_hal_i2c.o
LOAD Drivers/STM32F1xx_HAL_Driver/Src/stm32f1xx_hal_pcd.o
LOAD Drivers/STM32F1xx_HAL_Driver/Src/stm32f1xx_hal_pcd_ex.o
LOAD Drivers/STM32F1xx_HAL_Driver/Src/stm32f1xx_hal_pwr.o
LOAD Drivers/STM32F1xx_HAL_Driver/Src/stm32f1xx_hal_rcc.o
LOAD Drivers/STM32F1xx_HAL_Driver/Src/stm32f1xx_hal_rcc_ex.o
LOAD Drivers/STM32F1xx_HAL_Driver/Src/stm32f1xx_hal_spi.o
LOAD Drivers/STM32F1xx_HAL_Driver/Src/stm32f1xx_hal_spi_ex.o
LOAD Drivers/STM32F1xx_HAL_Driver/Src/stm32f1xx_hal_tim.o
LOAD Drivers/STM32F1xx_HAL_Driver/Src/stm32f1xx_hal_tim_ex.o
LOAD Drivers/STM32F1xx_HAL_Driver/Src/stm32f1xx_ll_usb.o
LOAD Middlewares/ST/STM32_USB_Device_Library/Class/CDC/Src/usbd_cdc.o
LOAD Middlewares/ST/STM32_USB_Device_Library/Core/Src/usbd_core.o
LOAD Middlewares/ST/STM32_USB_Device_Library/Core/Src/usbd_ctlreq.o
LOAD Middlewares/ST/STM32_USB_Device_Library/Core/Src/usbd_ioreq.o
LOAD Middlewares/Third_Party/FreeRTOS/Source/CMSIS_RTOS/cmsis_os.o
LOAD Middlewares/Third_Party/FreeRTOS/Source/croutine.o
LOAD Middlewares/Third_Party/FreeRTOS/Source/event_groups.o
LOAD Middlewares/Third_Party/FreeRTOS/Source/list.o
LOAD Middlewares/Third_Party/FreeRTOS/Source/queue.o
LOAD Middlewares/Third_Party/FreeRTOS/Source/tasks.o
LOAD Middlewares/Third_Party/FreeRTOS/Source/timers.o
LOAD Middlewares/Third_Party/FreeRTOS/Source/portable/GCC/ARM_CM3/port.o
LOAD Middlewares/Third_Party/FreeRTOS/Source/portable/MemMang/heap_4.o
LOAD USB_DEVICE/usb_device.o
LOAD USB_DEVICE/usbd_cdc_if.o
LOAD USB_DEVICE/usbd_conf.o
LOAD USB_DEVICE/usbd_desc.o
LOAD startup/startup_stm32f103xb.o
LOAD k:/ac6/systemworkbench/plugins/fr.ac6.mcu.externaltools.arm-none.win32_1.16.0.201807130628/tools/compiler/bin/../lib/gcc/arm-none-eabi/7.2.1/../../../../arm-none-eabi/lib/thumb/v7-m\librdimon_nano.a
LOAD k:/ac6/systemworkbench/plugins/fr.ac6.mcu.externaltools.arm-none.win32_1.16.0.201807130628/tools/compiler/bin/../lib/gcc/arm-none-eabi/7.2.1/../../../../arm-none-eabi/lib/thumb/v7-m\libc_nano.a
LOAD I:\home\blackpill\stm32_ws2812_mpu\lib\liblibmplmpu.a
LOAD k:/ac6/systemworkbench/plugins/fr.ac6.mcu.externaltools.arm-none.win32_1.16.0.201807130628/tools/compiler/bin/../lib/gcc/arm-none-eabi/7.2.1/../../../../arm-none-eabi/lib/thumb/v7-m\libm.a
START GROUP
LOAD k:/ac6/systemworkbench/plugins/fr.ac6.mcu.externaltools.arm-none.win32_1.16.0.201807130628/tools/compiler/bin/../lib/gcc/arm-none-eabi/7.2.1/thumb/v7-m\libgcc.a
LOAD k:/ac6/systemworkbench/plugins/fr.ac6.mcu.externaltools.arm-none.win32_1.16.0.201807130628/tools/compiler/bin/../lib/gcc/arm-none-eabi/7.2.1/../../../../arm-none-eabi/lib/thumb/v7-m\libc_nano.a
END GROUP
START GROUP
LOAD k:/ac6/systemworkbench/plugins/fr.ac6.mcu.externaltools.arm-none.win32_1.16.0.201807130628/tools/compiler/bin/../lib/gcc/arm-none-eabi/7.2.1/thumb/v7-m\libgcc.a
LOAD k:/ac6/systemworkbench/plugins/fr.ac6.mcu.externaltools.arm-none.win32_1.16.0.201807130628/tools/compiler/bin/../lib/gcc/arm-none-eabi/7.2.1/../../../../arm-none-eabi/lib/thumb/v7-m\libc_nano.a
LOAD k:/ac6/systemworkbench/plugins/fr.ac6.mcu.externaltools.arm-none.win32_1.16.0.201807130628/tools/compiler/bin/../lib/gcc/arm-none-eabi/7.2.1/../../../../arm-none-eabi/lib/thumb/v7-m\libnosys.a
END GROUP
START GROUP
LOAD k:/ac6/systemworkbench/plugins/fr.ac6.mcu.externaltools.arm-none.win32_1.16.0.201807130628/tools/compiler/bin/../lib/gcc/arm-none-eabi/7.2.1/thumb/v7-m\libgcc.a
LOAD k:/ac6/systemworkbench/plugins/fr.ac6.mcu.externaltools.arm-none.win32_1.16.0.201807130628/tools/compiler/bin/../lib/gcc/arm-none-eabi/7.2.1/../../../../arm-none-eabi/lib/thumb/v7-m\libc_nano.a
LOAD k:/ac6/systemworkbench/plugins/fr.ac6.mcu.externaltools.arm-none.win32_1.16.0.201807130628/tools/compiler/bin/../lib/gcc/arm-none-eabi/7.2.1/../../../../arm-none-eabi/lib/thumb/v7-m\librdimon_nano.a
LOAD k:/ac6/systemworkbench/plugins/fr.ac6.mcu.externaltools.arm-none.win32_1.16.0.201807130628/tools/compiler/bin/../lib/gcc/arm-none-eabi/7.2.1/../../../../arm-none-eabi/lib/thumb/v7-m\libnosys.a
END GROUP
START GROUP
LOAD k:/ac6/systemworkbench/plugins/fr.ac6.mcu.externaltools.arm-none.win32_1.16.0.201807130628/tools/compiler/bin/../lib/gcc/arm-none-eabi/7.2.1/thumb/v7-m\libgcc.a
LOAD k:/ac6/systemworkbench/plugins/fr.ac6.mcu.externaltools.arm-none.win32_1.16.0.201807130628/tools/compiler/bin/../lib/gcc/arm-none-eabi/7.2.1/../../../../arm-none-eabi/lib/thumb/v7-m\libc_nano.a
LOAD k:/ac6/systemworkbench/plugins/fr.ac6.mcu.externaltools.arm-none.win32_1.16.0.201807130628/tools/compiler/bin/../lib/gcc/arm-none-eabi/7.2.1/../../../../arm-none-eabi/lib/thumb/v7-m\librdimon_nano.a
END GROUP
LOAD k:/ac6/systemworkbench/plugins/fr.ac6.mcu.externaltools.arm-none.win32_1.16.0.201807130628/tools/compiler/bin/../lib/gcc/arm-none-eabi/7.2.1/thumb/v7-m/crtend.o
LOAD k:/ac6/systemworkbench/plugins/fr.ac6.mcu.externaltools.arm-none.win32_1.16.0.201807130628/tools/compiler/bin/../lib/gcc/arm-none-eabi/7.2.1/thumb/v7-m/crtn.o
                0x20005000                _estack = 0x20005000
                0x00000200                _Min_Heap_Size = 0x200
                0x00000400                _Min_Stack_Size = 0x400

.isr_vector     0x08000000      0x10c
                0x08000000                . = ALIGN (0x4)
 *(.isr_vector)
 .isr_vector    0x08000000      0x10c startup/startup_stm32f103xb.o
                0x08000000                g_pfnVectors
                0x0800010c                . = ALIGN (0x4)

.text           0x08000110     0xe400
                0x08000110                . = ALIGN (0x4)
 *(.text)
 .text          0x08000110       0x40 k:/ac6/systemworkbench/plugins/fr.ac6.mcu.externaltools.arm-none.win32_1.16.0.201807130628/tools/compiler/bin/../lib/gcc/arm-none-eabi/7.2.1/thumb/v7-m/crtbegin.o
 .text          0x08000150       0x10 k:/ac6/systemworkbench/plugins/fr.ac6.mcu.externaltools.arm-none.win32_1.16.0.201807130628/tools/compiler/bin/../lib/gcc/arm-none-eabi/7.2.1/../../../../arm-none-eabi/lib/thumb/v7-m\libc_nano.a(lib_a-strlen.o)
                0x08000150                strlen
 .text          0x08000160      0xd14 I:\home\blackpill\stm32_ws2812_mpu\lib\liblibmplmpu.a(fast_no_motion.o)
                0x080002f0                inv_init_maxmin
                0x08000388                inv_start_fast_nomot
                0x080003c8                inv_fast_nomot_parameter
                0x080003d4                inv_fast_nomot_parameter_3rd
                0x080004a8                inv_fast_nomot_set_gyro_bias
                0x08000570                inv_set_fast_nomot_compass_threshold
                0x0800057c                int_set_fast_nomot_gyro_threshold
                0x08000588                inv_set_fast_nomot_accel_threshold
                0x08000594                inv_get_fast_nomot_compass_param
                0x080005b0                inv_get_fast_nomot_accel_param
                0x080005cc                inv_fast_nomot_store_data
                0x0800066c                inv_fast_nomot_store_data_compass
                0x080006b8                inv_fast_nomot_reset_data_compass
                0x080006e4                inv_fast_nomot_get_time_elaps
                0x080006f0                inv_fast_nomot_parameter_compass
                0x08000708                inv_get_right_shift_by_rounding
                0x08000788                inv_reset_min_max_gyro_accel_statistics
                0x080007bc                inv_record_max_moment_in_no_motion_gyro
                0x080007f0                inv_record_max_moment_in_no_motion_accel
                0x08000824                inv_record_min_moment_in_motion_gyro
                0x08000858                inv_record_min_moment_in_motion_accel
                0x0800088c                inv_detect_motion_by_gyro_accel
                0x080009d4                inv_sensor_data_preprocess
                0x08000a58                inv_generate_fast_nomot
                0x08000d7c                inv_set_default_number_of_samples
                0x08000db4                inv_init_fast_nomot
                0x08000e20                inv_stop_fast_nomot
                0x08000e38                inv_enable_fast_nomot
                0x08000e50                inv_disable_fast_nomot
                0x08000e64                inv_get_fnm_gyro_no_motion_param
                0x08000e70                inv_fnm_debug_print
 *fill*         0x08000e74        0x4 
 .text          0x08000e78      0x730 I:\home\blackpill\stm32_ws2812_mpu\lib\liblibmplmpu.a(fusion_9axis.o)
                0x08000e78                inv_start_9x_sensor_fusion
                0x08000e88                inv_filter_correction_angle
                0x08001080                inv_perform_9x_fusion
                0x08001468                inv_process_9x_sensor_fusion_cb
                0x08001500                inv_init_9x_fusion
                0x0800153c                inv_9x_fusion_set_mag_fb
                0x0800154c                inv_9x_fusion_enable_jitter_reduction
                0x0800155c                inv_9x_fusion_use_timestamps
                0x0800156c                inv_stop_9x_sensor_fusion
                0x08001578                inv_enable_9x_sensor_fusion
                0x0800159c                inv_disable_9x_sensor_fusion
 .text          0x080015a8      0x59c I:\home\blackpill\stm32_ws2812_mpu\lib\liblibmplmpu.a(gyro_tc.o)
                0x080015a8                inv_start_gyro_tc
                0x08001a1c                inv_init_gyro_ts
                0x08001a54                inv_set_gtc_max_temp
                0x08001a64                inv_set_gtc_min_temp
                0x08001a74                inv_set_gtc_min_diff
                0x08001a84                inv_get_gyro_ts
                0x08001aa8                inv_set_gyro_ts
                0x08001aac                inv_set_gtc_order
                0x08001ac4                inv_print_gtc_data
                0x08001ac8                inv_stop_gyro_tc
                0x08001ad4                inv_enable_gyro_tc
                0x08001b14                inv_disable_gyro_tc
 .text          0x08001b44      0x650 I:\home\blackpill\stm32_ws2812_mpu\lib\liblibmplmpu.a(mag_disturb.o)
                0x08001b44                inv_start_magnetic_disturbance
                0x08001b54                inv_set_magnetic_disturbance
                0x08001b6c                inv_init_magnetic_disturbance
                0x08001bb8                inv_stop_magnetic_disturbance
                0x08001bc4                inv_enable_magnetic_disturbance
                0x08001bf0                inv_disable_magnetic_disturbance
                0x08001c08                inv_disable_dip_tracking
                0x08001c18                inv_enable_dip_tracking
                0x08001c28                inv_track_dip_angle
                0x08001cc4                ComputeAngleVelocity
                0x08001d24                Mag3ofNormalizedLong
                0x08001d7c                MagDisturbSetDisturbance
                0x08001df4                MagDisturbCheckSettling
                0x08001e3c                inv_check_magnetic_disturbance
                0x08002150                inv_magnetic_disturbance_process
                0x08002188                inv_get_magnetic_disturbance_state
 *fill*         0x08002194        0x4 
 .text          0x08002198      0xa98 I:\home\blackpill\stm32_ws2812_mpu\lib\liblibmplmpu.a(quaternion_supervisor.o)
                0x08002284                inv_start_quaternion
                0x080023e0                inv_generate_gyro_quaternion
                0x080023ec                inv_set_quaternion
                0x0800241c                inv_generate_accel_gyro_quaternion
                0x08002bc8                inv_stop_quaternion
                0x08002bd4                inv_init_quaternion
                0x08002bf8                inv_enable_quaternion
                0x08002c10                inv_disable_quaternion
 .text          0x08002c30      0x378 k:/ac6/systemworkbench/plugins/fr.ac6.mcu.externaltools.arm-none.win32_1.16.0.201807130628/tools/compiler/bin/../lib/gcc/arm-none-eabi/7.2.1/thumb/v7-m\libgcc.a(_arm_addsubdf3.o)
                0x08002c30                __aeabi_drsub
                0x08002c38                __aeabi_dsub
                0x08002c38                __subdf3
                0x08002c3c                __aeabi_dadd
                0x08002c3c                __adddf3
                0x08002eb4                __floatunsidf
                0x08002eb4                __aeabi_ui2d
                0x08002ed4                __floatsidf
                0x08002ed4                __aeabi_i2d
                0x08002ef8                __aeabi_f2d
                0x08002ef8                __extendsfdf2
                0x08002f3c                __floatundidf
                0x08002f3c                __aeabi_ul2d
                0x08002f4c                __floatdidf
                0x08002f4c                __aeabi_l2d
 .text          0x08002fa8      0x424 k:/ac6/systemworkbench/plugins/fr.ac6.mcu.externaltools.arm-none.win32_1.16.0.201807130628/tools/compiler/bin/../lib/gcc/arm-none-eabi/7.2.1/thumb/v7-m\libgcc.a(_arm_muldivdf3.o)
                0x08002fa8                __aeabi_dmul
                0x08002fa8                __muldf3
                0x080031fc                __divdf3
                0x080031fc                __aeabi_ddiv
 .text          0x080033cc      0x110 k:/ac6/systemworkbench/plugins/fr.ac6.mcu.externaltools.arm-none.win32_1.16.0.201807130628/tools/compiler/bin/../lib/gcc/arm-none-eabi/7.2.1/thumb/v7-m\libgcc.a(_arm_cmpdf2.o)
                0x080033cc                __gtdf2
                0x080033cc                __gedf2
                0x080033d4                __ltdf2
                0x080033d4                __ledf2
                0x080033dc                __nedf2
                0x080033dc                __eqdf2
                0x080033dc                __cmpdf2
                0x08003458                __aeabi_cdrcmple
                0x08003468                __aeabi_cdcmpeq
                0x08003468                __aeabi_cdcmple
                0x08003478                __aeabi_dcmpeq
                0x0800348c                __aeabi_dcmplt
                0x080034a0                __aeabi_dcmple
                0x080034b4                __aeabi_dcmpge
                0x080034c8                __aeabi_dcmpgt
 .text          0x080034dc       0x50 k:/ac6/systemworkbench/plugins/fr.ac6.mcu.externaltools.arm-none.win32_1.16.0.201807130628/tools/compiler/bin/../lib/gcc/arm-none-eabi/7.2.1/thumb/v7-m\libgcc.a(_arm_fixdfsi.o)
                0x080034dc                __aeabi_d2iz
                0x080034dc                __fixdfsi
 .text          0x0800352c       0xa0 k:/ac6/systemworkbench/plugins/fr.ac6.mcu.externaltools.arm-none.win32_1.16.0.201807130628/tools/compiler/bin/../lib/gcc/arm-none-eabi/7.2.1/thumb/v7-m\libgcc.a(_arm_truncdfsf2.o)
                0x0800352c                __truncdfsf2
                0x0800352c                __aeabi_d2f
 .text          0x080035cc      0x21c k:/ac6/systemworkbench/plugins/fr.ac6.mcu.externaltools.arm-none.win32_1.16.0.201807130628/tools/compiler/bin/../lib/gcc/arm-none-eabi/7.2.1/thumb/v7-m\libgcc.a(_arm_addsubsf3.o)
                0x080035cc                __aeabi_frsub
                0x080035d4                __subsf3
                0x080035d4                __aeabi_fsub
                0x080035d8                __aeabi_fadd
                0x080035d8                __addsf3
                0x08003738                __aeabi_ui2f
                0x08003738                __floatunsisf
                0x08003740                __aeabi_i2f
                0x08003740                __floatsisf
                0x0800375c                __aeabi_ul2f
                0x0800375c                __floatundisf
                0x0800376c                __aeabi_l2f
                0x0800376c                __floatdisf
 .text          0x080037e8      0x2a0 k:/ac6/systemworkbench/plugins/fr.ac6.mcu.externaltools.arm-none.win32_1.16.0.201807130628/tools/compiler/bin/../lib/gcc/arm-none-eabi/7.2.1/thumb/v7-m\libgcc.a(_arm_muldivsf3.o)
                0x080037e8                __mulsf3
                0x080037e8                __aeabi_fmul
                0x08003950                __aeabi_fdiv
                0x08003950                __divsf3
 .text          0x08003a88       0xec k:/ac6/systemworkbench/plugins/fr.ac6.mcu.externaltools.arm-none.win32_1.16.0.201807130628/tools/compiler/bin/../lib/gcc/arm-none-eabi/7.2.1/thumb/v7-m\libgcc.a(_arm_cmpsf2.o)
                0x08003a88                __gesf2
                0x08003a88                __gtsf2
                0x08003a90                __lesf2
                0x08003a90                __ltsf2
                0x08003a98                __nesf2
                0x08003a98                __eqsf2
                0x08003a98                __cmpsf2
                0x08003af8                __aeabi_cfrcmple
                0x08003b00                __aeabi_cfcmpeq
                0x08003b00                __aeabi_cfcmple
                0x08003b10                __aeabi_fcmpeq
                0x08003b24                __aeabi_fcmplt
                0x08003b38                __aeabi_fcmple
                0x08003b4c                __aeabi_fcmpge
                0x08003b60                __aeabi_fcmpgt
 .text          0x08003b74       0x2c k:/ac6/systemworkbench/plugins/fr.ac6.mcu.externaltools.arm-none.win32_1.16.0.201807130628/tools/compiler/bin/../lib/gcc/arm-none-eabi/7.2.1/thumb/v7-m\libgcc.a(_arm_unordsf2.o)
                0x08003b74                __unordsf2
                0x08003b74                __aeabi_fcmpun
 .text          0x08003ba0       0x4c k:/ac6/systemworkbench/plugins/fr.ac6.mcu.externaltools.arm-none.win32_1.16.0.201807130628/tools/compiler/bin/../lib/gcc/arm-none-eabi/7.2.1/thumb/v7-m\libgcc.a(_arm_fixsfsi.o)
                0x08003ba0                __aeabi_f2iz
                0x08003ba0                __fixsfsi
 .text          0x08003bec       0x40 k:/ac6/systemworkbench/plugins/fr.ac6.mcu.externaltools.arm-none.win32_1.16.0.201807130628/tools/compiler/bin/../lib/gcc/arm-none-eabi/7.2.1/thumb/v7-m\libgcc.a(_arm_fixunssfsi.o)
                0x08003bec                __fixunssfsi
                0x08003bec                __aeabi_f2uiz
 .text          0x08003c2c       0xa0 k:/ac6/systemworkbench/plugins/fr.ac6.mcu.externaltools.arm-none.win32_1.16.0.201807130628/tools/compiler/bin/../lib/gcc/arm-none-eabi/7.2.1/thumb/v7-m\libgcc.a(_aeabi_ldivmod.o)
                0x08003c2c                __aeabi_ldivmod
 .text          0x08003ccc       0x28 k:/ac6/systemworkbench/plugins/fr.ac6.mcu.externaltools.arm-none.win32_1.16.0.201807130628/tools/compiler/bin/../lib/gcc/arm-none-eabi/7.2.1/thumb/v7-m\libgcc.a(_fixsfdi.o)
                0x08003ccc                __fixsfdi
                0x08003ccc                __aeabi_f2lz
 .text          0x08003cf4       0x48 k:/ac6/systemworkbench/plugins/fr.ac6.mcu.externaltools.arm-none.win32_1.16.0.201807130628/tools/compiler/bin/../lib/gcc/arm-none-eabi/7.2.1/thumb/v7-m\libgcc.a(_fixunssfdi.o)
                0x08003cf4                __fixunssfdi
                0x08003cf4                __aeabi_f2ulz
 .text          0x08003d3c      0x2d0 k:/ac6/systemworkbench/plugins/fr.ac6.mcu.externaltools.arm-none.win32_1.16.0.201807130628/tools/compiler/bin/../lib/gcc/arm-none-eabi/7.2.1/thumb/v7-m\libgcc.a(_udivmoddi4.o)
                0x08003d3c                __udivmoddi4
 .text          0x0800400c        0x4 k:/ac6/systemworkbench/plugins/fr.ac6.mcu.externaltools.arm-none.win32_1.16.0.201807130628/tools/compiler/bin/../lib/gcc/arm-none-eabi/7.2.1/thumb/v7-m\libgcc.a(_dvmd_tls.o)
                0x0800400c                __aeabi_idiv0
                0x0800400c                __aeabi_ldiv0
 .text          0x08004010       0x40 k:/ac6/systemworkbench/plugins/fr.ac6.mcu.externaltools.arm-none.win32_1.16.0.201807130628/tools/compiler/bin/../lib/gcc/arm-none-eabi/7.2.1/thumb/v7-m\libgcc.a(_arm_fixunsdfsi.o)
                0x08004010                __aeabi_d2uiz
                0x08004010                __fixunsdfsi
 *(.text*)
 .text.inv_db_save_func
                0x08004050       0x14 Core/Src/data_builder.o
 .text.inv_db_load_func
                0x08004064       0x3c Core/Src/data_builder.o
 .text.inv_set_gyro_sample_rate
                0x080040a0       0x30 Core/Src/data_builder.o
                0x080040a0                inv_set_gyro_sample_rate
 .text.inv_set_accel_sample_rate
                0x080040d0       0x34 Core/Src/data_builder.o
                0x080040d0                inv_set_accel_sample_rate
 .text.inv_get_gyro_on
                0x08004104       0x10 Core/Src/data_builder.o
                0x08004104                inv_get_gyro_on
 .text.inv_apply_calibration
                0x08004114       0x6a Core/Src/data_builder.o
                0x08004114                inv_apply_calibration
 *fill*         0x0800417e        0x2 
 .text.inv_set_compass_disturbance
                0x08004180        0xc Core/Src/data_builder.o
                0x08004180                inv_set_compass_disturbance
 .text.inv_set_gyro_bias
                0x0800418c       0x6c Core/Src/data_builder.o
                0x0800418c                inv_set_gyro_bias
 .text.inv_get_gyro_bias_tc_set
                0x080041f8       0x1c Core/Src/data_builder.o
                0x080041f8                inv_get_gyro_bias_tc_set
 .text.inv_get_gyro_bias
                0x08004214       0x28 Core/Src/data_builder.o
                0x08004214                inv_get_gyro_bias
 .text.inv_register_data_cb
                0x0800423c       0xd8 Core/Src/data_builder.o
                0x0800423c                inv_register_data_cb
 .text.inv_unregister_data_cb
                0x08004314       0x64 Core/Src/data_builder.o
                0x08004314                inv_unregister_data_cb
 .text.inv_get_accel_set
                0x08004378       0x38 Core/Src/data_builder.o
                0x08004378                inv_get_accel_set
 .text.inv_get_gyro
                0x080043b0       0x18 Core/Src/data_builder.o
                0x080043b0                inv_get_gyro
 .text.inv_disable_compass_soft_iron_matrix
                0x080043c8       0x10 Core/Src/data_builder.o
                0x080043c8                inv_disable_compass_soft_iron_matrix
 .text.inv_reset_compass_soft_iron_matrix
                0x080043d8       0x58 Core/Src/data_builder.o
                0x080043d8                inv_reset_compass_soft_iron_matrix
 .text.inv_init_data_builder
                0x08004430       0x40 Core/Src/data_builder.o
                0x08004430                inv_init_data_builder
 .text.set_int_enable
                0x08004470       0x98 Core/Src/inv_mpu.o
 .text.mpu_reset_fifo
                0x08004508      0x1f4 Core/Src/inv_mpu.o
                0x08004508                mpu_reset_fifo
 .text.mpu_get_gyro_fsr
                0x080046fc       0x3c Core/Src/inv_mpu.o
                0x080046fc                mpu_get_gyro_fsr
 .text.mpu_set_gyro_fsr
                0x08004738       0x90 Core/Src/inv_mpu.o
                0x08004738                mpu_set_gyro_fsr
 .text.mpu_get_accel_fsr
                0x080047c8       0x44 Core/Src/inv_mpu.o
                0x080047c8                mpu_get_accel_fsr
 .text.mpu_set_accel_fsr
                0x0800480c       0x94 Core/Src/inv_mpu.o
                0x0800480c                mpu_set_accel_fsr
 .text.mpu_set_lpf
                0x080048a0       0x94 Core/Src/inv_mpu.o
                0x080048a0                mpu_set_lpf
 .text.mpu_get_sample_rate
                0x08004934       0x1c Core/Src/inv_mpu.o
                0x08004934                mpu_get_sample_rate
 .text.mpu_configure_fifo
                0x08004950       0x60 Core/Src/inv_mpu.o
                0x08004950                mpu_configure_fifo
 .text.mpu_read_fifo
                0x080049b0      0x204 Core/Src/inv_mpu.o
                0x080049b0                mpu_read_fifo
 .text.mpu_set_bypass
                0x08004bb4      0x168 Core/Src/inv_mpu.o
                0x08004bb4                mpu_set_bypass
 .text.mpu_set_int_latched
                0x08004d1c       0x74 Core/Src/inv_mpu.o
                0x08004d1c                mpu_set_int_latched
 .text.mpu_lp_accel_mode
                0x08004d90       0xdc Core/Src/inv_mpu.o
                0x08004d90                mpu_lp_accel_mode
 .text.mpu_set_sample_rate
                0x08004e6c       0x9c Core/Src/inv_mpu.o
                0x08004e6c                mpu_set_sample_rate
 .text.mpu_set_sensors
                0x08004f08       0xe4 Core/Src/inv_mpu.o
                0x08004f08                mpu_set_sensors
 .text.mpu_init
                0x08004fec       0xfc Core/Src/inv_mpu.o
                0x08004fec                mpu_init
 .text.mpu_write_mem
                0x080050e8       0x78 Core/Src/inv_mpu.o
                0x080050e8                mpu_write_mem
 .text.mpu_read_mem
                0x08005160       0x78 Core/Src/inv_mpu.o
                0x08005160                mpu_read_mem
 .text.mpu_load_firmware
                0x080051d8       0xb4 Core/Src/inv_mpu.o
                0x080051d8                mpu_load_firmware
 .text.mpu_set_dmp_state
                0x0800528c       0x90 Core/Src/inv_mpu.o
                0x0800528c                mpu_set_dmp_state
 .text.dmp_load_motion_driver_firmware
                0x0800531c       0x18 Core/Src/inv_mpu_dmp_motion_driver.o
                0x0800531c                dmp_load_motion_driver_firmware
 .text.dmp_set_orientation
                0x08005334      0x140 Core/Src/inv_mpu_dmp_motion_driver.o
                0x08005334                dmp_set_orientation
 .text.dmp_set_fifo_rate
                0x08005474       0x6c Core/Src/inv_mpu_dmp_motion_driver.o
                0x08005474                dmp_set_fifo_rate
 .text.dmp_set_tap_thresh
                0x080054e0      0x1a8 Core/Src/inv_mpu_dmp_motion_driver.o
                0x080054e0                dmp_set_tap_thresh
 .text.dmp_set_tap_axes
                0x08005688       0x4e Core/Src/inv_mpu_dmp_motion_driver.o
                0x08005688                dmp_set_tap_axes
 .text.dmp_set_tap_count
                0x080056d6       0x2a Core/Src/inv_mpu_dmp_motion_driver.o
                0x080056d6                dmp_set_tap_count
 .text.dmp_set_tap_time
                0x08005700       0x2c Core/Src/inv_mpu_dmp_motion_driver.o
                0x08005700                dmp_set_tap_time
 .text.dmp_set_tap_time_multi
                0x0800572c       0x2c Core/Src/inv_mpu_dmp_motion_driver.o
                0x0800572c                dmp_set_tap_time_multi
 .text.dmp_set_shake_reject_thresh
                0x08005758       0x44 Core/Src/inv_mpu_dmp_motion_driver.o
                0x08005758                dmp_set_shake_reject_thresh
 .text.dmp_set_shake_reject_time
                0x0800579c       0x2c Core/Src/inv_mpu_dmp_motion_driver.o
                0x0800579c                dmp_set_shake_reject_time
 .text.dmp_set_shake_reject_timeout
                0x080057c8       0x2c Core/Src/inv_mpu_dmp_motion_driver.o
                0x080057c8                dmp_set_shake_reject_timeout
 .text.dmp_enable_gyro_cal
                0x080057f4       0x44 Core/Src/inv_mpu_dmp_motion_driver.o
                0x080057f4                dmp_enable_gyro_cal
 .text.dmp_enable_lp_quat
                0x08005838       0x3c Core/Src/inv_mpu_dmp_motion_driver.o
                0x08005838                dmp_enable_lp_quat
 .text.dmp_enable_6x_lp_quat
                0x08005874       0x3c Core/Src/inv_mpu_dmp_motion_driver.o
                0x08005874                dmp_enable_6x_lp_quat
 .text.dmp_enable_feature
                0x080058b0      0x218 Core/Src/inv_mpu_dmp_motion_driver.o
                0x080058b0                dmp_enable_feature
 .text.dmp_register_tap_cb
                0x08005ac8        0xc Core/Src/inv_mpu_dmp_motion_driver.o
                0x08005ac8                dmp_register_tap_cb
 .text.dmp_register_android_orient_cb
                0x08005ad4        0xc Core/Src/inv_mpu_dmp_motion_driver.o
                0x08005ad4                dmp_register_android_orient_cb
 .text.set_i2c_device
                0x08005ae0        0xc Core/Src/inv_mpu_hal_util.o
                0x08005ae0                set_i2c_device
 .text.i2c_write
                0x08005aec       0x28 Core/Src/inv_mpu_hal_util.o
                0x08005aec                i2c_write
 .text.i2c_read
                0x08005b14       0x28 Core/Src/inv_mpu_hal_util.o
                0x08005b14                i2c_read
 .text.get_hal_ticks
                0x08005b3c        0xc Core/Src/inv_mpu_hal_util.o
                0x08005b3c                get_hal_ticks
 .text.reg_int_cb
                0x08005b48        0x4 Core/Src/inv_mpu_hal_util.o
                0x08005b48                reg_int_cb
 .text.tap_cb   0x08005b4c        0x2 Core/Src/main.o
 .text.android_orient_cb
                0x08005b4e        0x2 Core/Src/main.o
 .text.MX_GPIO_Init
                0x08005b50       0xa8 Core/Src/main.o
 .text.StartTaskBlink
                0x08005bf8      0x108 Core/Src/main.o
                0x08005bf8                StartTaskBlink
 .text.HAL_GPIO_EXTI_Callback
                0x08005d00       0x3c Core/Src/main.o
                0x08005d00                HAL_GPIO_EXTI_Callback
 .text.BlinkError
                0x08005d3c       0x2c Core/Src/main.o
                0x08005d3c                BlinkError
 .text.StartDefaultTask
                0x08005d68       0x64 Core/Src/main.o
                0x08005d68                StartDefaultTask
 .text.HAL_TIM_PeriodElapsedCallback
                0x08005dcc       0x18 Core/Src/main.o
                0x08005dcc                HAL_TIM_PeriodElapsedCallback
 .text._Error_Handler
                0x08005de4        0x2 Core/Src/main.o
                0x08005de4                _Error_Handler
 *fill*         0x08005de6        0x2 
 .text.MX_DMA_Init
                0x08005de8       0x8c Core/Src/main.o
 .text.MX_I2C1_Init
                0x08005e74       0x44 Core/Src/main.o
 .text.MX_SPI1_Init
                0x08005eb8       0x4c Core/Src/main.o
 .text.SystemClock_Config
                0x08005f04       0xa0 Core/Src/main.o
                0x08005f04                SystemClock_Config
 .text.main     0x08005fa4       0x70 Core/Src/main.o
                0x08005fa4                main
 .text.inv_set_message
                0x08006014       0x14 Core/Src/message_layer.o
                0x08006014                inv_set_message
 .text.inv_row_2_scale
                0x08006028       0x3a Core/Src/ml_math_func.o
 .text.inv_get_gyro_sum_of_sqr
                0x08006062       0x1a Core/Src/ml_math_func.o
                0x08006062                inv_get_gyro_sum_of_sqr
 .text.inv_q29_mult
                0x0800607c       0x1e Core/Src/ml_math_func.o
                0x0800607c                inv_q29_mult
 .text.inv_q30_mult
                0x0800609a       0x1e Core/Src/ml_math_func.o
                0x0800609a                inv_q30_mult
 .text.inv_q_mult
                0x080060b8       0xb2 Core/Src/ml_math_func.o
                0x080060b8                inv_q_mult
 .text.inv_q_add
                0x0800616a       0x26 Core/Src/ml_math_func.o
                0x0800616a                inv_q_add
 .text.inv_q_invert
                0x08006190       0x18 Core/Src/ml_math_func.o
                0x08006190                inv_q_invert
 .text.inv_compass_angle
                0x080061a8       0xbe Core/Src/ml_math_func.o
                0x080061a8                inv_compass_angle
 .text.inv_q_rotate
                0x08006266       0x46 Core/Src/ml_math_func.o
                0x08006266                inv_q_rotate
 .text.inv_q_multf
                0x080062ac      0x10a Core/Src/ml_math_func.o
                0x080062ac                inv_q_multf
 .text.inv_q_addf
                0x080063b6       0x32 Core/Src/ml_math_func.o
                0x080063b6                inv_q_addf
 .text.inv_q_normalizef
                0x080063e8      0x122 Core/Src/ml_math_func.o
                0x080063e8                inv_q_normalizef
 .text.inv_q_norm4
                0x0800650a       0x8a Core/Src/ml_math_func.o
                0x0800650a                inv_q_norm4
 .text.inv_q_invertf
                0x08006594       0x1e Core/Src/ml_math_func.o
                0x08006594                inv_q_invertf
 .text.inv_quaternion_to_rotation
                0x080065b2       0xda Core/Src/ml_math_func.o
                0x080065b2                inv_quaternion_to_rotation
 .text.inv_orientation_matrix_to_scalar
                0x0800668c       0x24 Core/Src/ml_math_func.o
                0x0800668c                inv_orientation_matrix_to_scalar
 .text.inv_convert_to_body_with_scale
                0x080066b0       0x72 Core/Src/ml_math_func.o
                0x080066b0                inv_convert_to_body_with_scale
 *fill*         0x08006722        0x2 
 .text.inv_init_mpl
                0x08006724       0x94 Core/Src/mpl.o
                0x08006724                inv_init_mpl
 .text.inv_start_mpl
                0x080067b8       0x44 Core/Src/mpl.o
                0x080067b8                inv_start_mpl
 .text.inv_generate_results
                0x080067fc       0x10 Core/Src/results_holder.o
                0x080067fc                inv_generate_results
 .text.inv_start_results_holder
                0x0800680c       0x18 Core/Src/results_holder.o
                0x0800680c                inv_start_results_holder
 .text.inv_store_gaming_quaternion
                0x08006824       0x34 Core/Src/results_holder.o
                0x08006824                inv_store_gaming_quaternion
 .text.inv_set_compass_correction
                0x08006858       0x34 Core/Src/results_holder.o
                0x08006858                inv_set_compass_correction
 .text.inv_get_compass_correction
                0x0800688c       0x28 Core/Src/results_holder.o
                0x0800688c                inv_get_compass_correction
 .text.inv_get_acc_state
                0x080068b4        0xc Core/Src/results_holder.o
                0x080068b4                inv_get_acc_state
 .text.inv_get_motion_state
                0x080068c0       0x10 Core/Src/results_holder.o
                0x080068c0                inv_get_motion_state
 .text.inv_set_motion_state
                0x080068d0       0x40 Core/Src/results_holder.o
                0x080068d0                inv_set_motion_state
 .text.inv_get_local_field
                0x08006910       0x18 Core/Src/results_holder.o
                0x08006910                inv_get_local_field
 .text.inv_get_gravity
                0x08006928       0x54 Core/Src/results_holder.o
                0x08006928                inv_get_gravity
 .text.inv_get_6axis_quaternion
                0x0800697c       0x1c Core/Src/results_holder.o
                0x0800697c                inv_get_6axis_quaternion
 .text.inv_init_results_holder
                0x08006998       0x30 Core/Src/results_holder.o
                0x08006998                inv_init_results_holder
 .text.inv_enable_results_holder
                0x080069c8       0x1c Core/Src/results_holder.o
                0x080069c8                inv_enable_results_holder
 .text.inv_got_compass_bias
                0x080069e4        0xc Core/Src/results_holder.o
                0x080069e4                inv_got_compass_bias
 .text.inv_set_compass_bias_found
                0x080069f0        0xc Core/Src/results_holder.o
                0x080069f0                inv_set_compass_bias_found
 .text.inv_get_linear_accel
                0x080069fc       0x3e Core/Src/results_holder.o
                0x080069fc                inv_get_linear_accel
 *fill*         0x08006a3a        0x2 
 .text.inv_init_start_manager
                0x08006a3c       0x14 Core/Src/start_manager.o
                0x08006a3c                inv_init_start_manager
 .text.inv_unregister_mpl_start_notification
                0x08006a50       0x50 Core/Src/start_manager.o
                0x08006a50                inv_unregister_mpl_start_notification
 .text.inv_register_mpl_start_notification
                0x08006aa0       0x20 Core/Src/start_manager.o
                0x08006aa0                inv_register_mpl_start_notification
 .text.inv_execute_mpl_start_notification
                0x08006ac0       0x30 Core/Src/start_manager.o
                0x08006ac0                inv_execute_mpl_start_notification
 .text.HAL_MspInit
                0x08006af0       0xa0 Core/Src/stm32f1xx_hal_msp.o
                0x08006af0                HAL_MspInit
 .text.HAL_I2C_MspInit
                0x08006b90       0x88 Core/Src/stm32f1xx_hal_msp.o
                0x08006b90                HAL_I2C_MspInit
 .text.HAL_SPI_MspInit
                0x08006c18       0x88 Core/Src/stm32f1xx_hal_msp.o
                0x08006c18                HAL_SPI_MspInit
 .text.HAL_InitTick
                0x08006ca0       0x7c Core/Src/stm32f1xx_hal_timebase_TIM.o
                0x08006ca0                HAL_InitTick
 .text.NMI_Handler
                0x08006d1c        0x2 Core/Src/stm32f1xx_it.o
                0x08006d1c                NMI_Handler
 .text.HardFault_Handler
                0x08006d1e        0x2 Core/Src/stm32f1xx_it.o
                0x08006d1e                HardFault_Handler
 .text.MemManage_Handler
                0x08006d20        0x2 Core/Src/stm32f1xx_it.o
                0x08006d20                MemManage_Handler
 .text.BusFault_Handler
                0x08006d22        0x2 Core/Src/stm32f1xx_it.o
                0x08006d22                BusFault_Handler
 .text.UsageFault_Handler
                0x08006d24        0x2 Core/Src/stm32f1xx_it.o
                0x08006d24                UsageFault_Handler
 .text.DebugMon_Handler
                0x08006d26        0x2 Core/Src/stm32f1xx_it.o
                0x08006d26                DebugMon_Handler
 .text.SysTick_Handler
                0x08006d28        0x8 Core/Src/stm32f1xx_it.o
                0x08006d28                SysTick_Handler
 .text.DMA1_Channel1_IRQHandler
                0x08006d30       0x10 Core/Src/stm32f1xx_it.o
                0x08006d30                DMA1_Channel1_IRQHandler
 .text.DMA1_Channel3_IRQHandler
                0x08006d40       0x10 Core/Src/stm32f1xx_it.o
                0x08006d40                DMA1_Channel3_IRQHandler
 .text.DMA1_Channel7_IRQHandler
                0x08006d50       0x10 Core/Src/stm32f1xx_it.o
                0x08006d50                DMA1_Channel7_IRQHandler
 .text.USB_LP_CAN1_RX0_IRQHandler
                0x08006d60       0x10 Core/Src/stm32f1xx_it.o
                0x08006d60                USB_LP_CAN1_RX0_IRQHandler
 .text.TIM4_IRQHandler
                0x08006d70       0x10 Core/Src/stm32f1xx_it.o
                0x08006d70                TIM4_IRQHandler
 .text.EXTI15_10_IRQHandler
                0x08006d80        0xc Core/Src/stm32f1xx_it.o
                0x08006d80                EXTI15_10_IRQHandler
 .text.inv_init_storage_manager
                0x08006d8c       0x1c Core/Src/storage_manager.o
                0x08006d8c                inv_init_storage_manager
 .text.inv_register_load_store
                0x08006da8       0x64 Core/Src/storage_manager.o
                0x08006da8                inv_register_load_store
 .text.SystemInit
                0x08006e0c       0x4c Core/Src/system_stm32f1xx.o
                0x08006e0c                SystemInit
 .text.WS2312BSPI_Init
                0x08006e58       0x20 Core/Src/ws2812spi.o
                0x08006e58                WS2312BSPI_Init
 .text.WS2812BSPI_SendData
                0x08006e78       0x14 Core/Src/ws2812spi.o
                0x08006e78                WS2812BSPI_SendData
 .text.WS2812BSPI_GetPixelPtr
                0x08006e8c       0x10 Core/Src/ws2812spi.o
                0x08006e8c                WS2812BSPI_GetPixelPtr
 .text.WS2812BSPI_encode_byte
                0x08006e9c       0x32 Core/Src/ws2812spi.o
                0x08006e9c                WS2812BSPI_encode_byte
 .text.WS2812BSPI_encode_pixel_ptr
                0x08006ece       0x22 Core/Src/ws2812spi.o
                0x08006ece                WS2812BSPI_encode_pixel_ptr
 .text.WS2812BSPI_encode_pixel_index
                0x08006ef0       0x1c Core/Src/ws2812spi.o
                0x08006ef0                WS2812BSPI_encode_pixel_index
 .text.HAL_Init
                0x08006f0c       0x24 Drivers/STM32F1xx_HAL_Driver/Src/stm32f1xx_hal.o
                0x08006f0c                HAL_Init
 .text.HAL_IncTick
                0x08006f30       0x18 Drivers/STM32F1xx_HAL_Driver/Src/stm32f1xx_hal.o
                0x08006f30                HAL_IncTick
 .text.HAL_GetTick
                0x08006f48        0xc Drivers/STM32F1xx_HAL_Driver/Src/stm32f1xx_hal.o
                0x08006f48                HAL_GetTick
 .text.HAL_Delay
                0x08006f54       0x28 Drivers/STM32F1xx_HAL_Driver/Src/stm32f1xx_hal.o
                0x08006f54                HAL_Delay
 .text.HAL_NVIC_SetPriorityGrouping
                0x08006f7c       0x24 Drivers/STM32F1xx_HAL_Driver/Src/stm32f1xx_hal_cortex.o
                0x08006f7c                HAL_NVIC_SetPriorityGrouping
 .text.HAL_NVIC_SetPriority
                0x08006fa0       0x68 Drivers/STM32F1xx_HAL_Driver/Src/stm32f1xx_hal_cortex.o
                0x08006fa0                HAL_NVIC_SetPriority
 .text.HAL_NVIC_EnableIRQ
                0x08007008       0x18 Drivers/STM32F1xx_HAL_Driver/Src/stm32f1xx_hal_cortex.o
                0x08007008                HAL_NVIC_EnableIRQ
 .text.HAL_SYSTICK_Config
                0x08007020       0x2c Drivers/STM32F1xx_HAL_Driver/Src/stm32f1xx_hal_cortex.o
                0x08007020                HAL_SYSTICK_Config
 .text.HAL_SYSTICK_CLKSourceConfig
                0x0800704c       0x20 Drivers/STM32F1xx_HAL_Driver/Src/stm32f1xx_hal_cortex.o
                0x0800704c                HAL_SYSTICK_CLKSourceConfig
 .text.DMA_SetConfig
                0x0800706c       0x2c Drivers/STM32F1xx_HAL_Driver/Src/stm32f1xx_hal_dma.o
 .text.HAL_DMA_Init
                0x08007098       0x78 Drivers/STM32F1xx_HAL_Driver/Src/stm32f1xx_hal_dma.o
                0x08007098                HAL_DMA_Init
 .text.HAL_DMA_Start_IT
                0x08007110       0x74 Drivers/STM32F1xx_HAL_Driver/Src/stm32f1xx_hal_dma.o
                0x08007110                HAL_DMA_Start_IT
 .text.HAL_DMA_IRQHandler
                0x08007184      0x144 Drivers/STM32F1xx_HAL_Driver/Src/stm32f1xx_hal_dma.o
                0x08007184                HAL_DMA_IRQHandler
 .text.HAL_GPIO_Init
                0x080072c8      0x1d4 Drivers/STM32F1xx_HAL_Driver/Src/stm32f1xx_hal_gpio.o
                0x080072c8                HAL_GPIO_Init
 .text.HAL_GPIO_WritePin
                0x0800749c        0xc Drivers/STM32F1xx_HAL_Driver/Src/stm32f1xx_hal_gpio.o
                0x0800749c                HAL_GPIO_WritePin
 .text.HAL_GPIO_TogglePin
                0x080074a8        0x8 Drivers/STM32F1xx_HAL_Driver/Src/stm32f1xx_hal_gpio.o
                0x080074a8                HAL_GPIO_TogglePin
 .text.HAL_GPIO_EXTI_IRQHandler
                0x080074b0       0x1c Drivers/STM32F1xx_HAL_Driver/Src/stm32f1xx_hal_gpio.o
                0x080074b0                HAL_GPIO_EXTI_IRQHandler
 .text.I2C_IsAcknowledgeFailed
                0x080074cc       0x2a Drivers/STM32F1xx_HAL_Driver/Src/stm32f1xx_hal_i2c.o
 .text.I2C_WaitOnFlagUntilTimeout
                0x080074f6       0x68 Drivers/STM32F1xx_HAL_Driver/Src/stm32f1xx_hal_i2c.o
 .text.I2C_WaitOnMasterAddressFlagUntilTimeout
                0x0800755e       0x90 Drivers/STM32F1xx_HAL_Driver/Src/stm32f1xx_hal_i2c.o
 .text.I2C_WaitOnTXEFlagUntilTimeout
                0x080075ee       0x4e Drivers/STM32F1xx_HAL_Driver/Src/stm32f1xx_hal_i2c.o
 .text.I2C_RequestMemoryWrite
                0x0800763c       0xd8 Drivers/STM32F1xx_HAL_Driver/Src/stm32f1xx_hal_i2c.o
 .text.I2C_RequestMemoryRead
                0x08007714      0x148 Drivers/STM32F1xx_HAL_Driver/Src/stm32f1xx_hal_i2c.o
 .text.I2C_WaitOnBTFFlagUntilTimeout
                0x0800785c       0x4e Drivers/STM32F1xx_HAL_Driver/Src/stm32f1xx_hal_i2c.o
 .text.I2C_WaitOnRXNEFlagUntilTimeout
                0x080078aa       0x5c Drivers/STM32F1xx_HAL_Driver/Src/stm32f1xx_hal_i2c.o
 *fill*         0x08007906        0x2 
 .text.HAL_I2C_Init
                0x08007908      0x168 Drivers/STM32F1xx_HAL_Driver/Src/stm32f1xx_hal_i2c.o
                0x08007908                HAL_I2C_Init
 .text.HAL_I2C_Mem_Write
                0x08007a70      0x17c Drivers/STM32F1xx_HAL_Driver/Src/stm32f1xx_hal_i2c.o
                0x08007a70                HAL_I2C_Mem_Write
 .text.HAL_I2C_Mem_Read
                0x08007bec      0x300 Drivers/STM32F1xx_HAL_Driver/Src/stm32f1xx_hal_i2c.o
                0x08007bec                HAL_I2C_Mem_Read
 .text.HAL_PCD_Init
                0x08007eec       0xd6 Drivers/STM32F1xx_HAL_Driver/Src/stm32f1xx_hal_pcd.o
                0x08007eec                HAL_PCD_Init
 .text.HAL_PCD_Start
                0x08007fc2       0x2e Drivers/STM32F1xx_HAL_Driver/Src/stm32f1xx_hal_pcd.o
                0x08007fc2                HAL_PCD_Start
 .text.HAL_PCD_SetAddress
                0x08007ff0       0x28 Drivers/STM32F1xx_HAL_Driver/Src/stm32f1xx_hal_pcd.o
                0x08007ff0                HAL_PCD_SetAddress
 .text.HAL_PCD_EP_Open
                0x08008018       0x52 Drivers/STM32F1xx_HAL_Driver/Src/stm32f1xx_hal_pcd.o
                0x08008018                HAL_PCD_EP_Open
 .text.HAL_PCD_EP_Close
                0x0800806a       0x4e Drivers/STM32F1xx_HAL_Driver/Src/stm32f1xx_hal_pcd.o
                0x0800806a                HAL_PCD_EP_Close
 .text.HAL_PCD_EP_Receive
                0x080080b8       0x3e Drivers/STM32F1xx_HAL_Driver/Src/stm32f1xx_hal_pcd.o
                0x080080b8                HAL_PCD_EP_Receive
 .text.HAL_PCD_EP_GetRxCount
                0x080080f6        0xe Drivers/STM32F1xx_HAL_Driver/Src/stm32f1xx_hal_pcd.o
                0x080080f6                HAL_PCD_EP_GetRxCount
 .text.HAL_PCD_EP_Transmit
                0x08008104       0x3c Drivers/STM32F1xx_HAL_Driver/Src/stm32f1xx_hal_pcd.o
                0x08008104                HAL_PCD_EP_Transmit
 .text.PCD_EP_ISR_Handler
                0x08008140      0x444 Drivers/STM32F1xx_HAL_Driver/Src/stm32f1xx_hal_pcd.o
 .text.HAL_PCD_IRQHandler
                0x08008584      0x160 Drivers/STM32F1xx_HAL_Driver/Src/stm32f1xx_hal_pcd.o
                0x08008584                HAL_PCD_IRQHandler
 .text.HAL_PCD_EP_SetStall
                0x080086e4       0x5c Drivers/STM32F1xx_HAL_Driver/Src/stm32f1xx_hal_pcd.o
                0x080086e4                HAL_PCD_EP_SetStall
 .text.HAL_PCD_EP_ClrStall
                0x08008740       0x4e Drivers/STM32F1xx_HAL_Driver/Src/stm32f1xx_hal_pcd.o
                0x08008740                HAL_PCD_EP_ClrStall
 .text.HAL_PCDEx_PMAConfig
                0x0800878e       0x30 Drivers/STM32F1xx_HAL_Driver/Src/stm32f1xx_hal_pcd_ex.o
                0x0800878e                HAL_PCDEx_PMAConfig
 *fill*         0x080087be        0x2 
 .text.RCC_Delay
                0x080087c0       0x2c Drivers/STM32F1xx_HAL_Driver/Src/stm32f1xx_hal_rcc.o
 .text.HAL_RCC_OscConfig
                0x080087ec      0x3dc Drivers/STM32F1xx_HAL_Driver/Src/stm32f1xx_hal_rcc.o
                0x080087ec                HAL_RCC_OscConfig
 .text.HAL_RCC_GetSysClockFreq
                0x08008bc8       0x70 Drivers/STM32F1xx_HAL_Driver/Src/stm32f1xx_hal_rcc.o
                0x08008bc8                HAL_RCC_GetSysClockFreq
 .text.HAL_RCC_ClockConfig
                0x08008c38      0x178 Drivers/STM32F1xx_HAL_Driver/Src/stm32f1xx_hal_rcc.o
                0x08008c38                HAL_RCC_ClockConfig
 .text.HAL_RCC_GetHCLKFreq
                0x08008db0        0xc Drivers/STM32F1xx_HAL_Driver/Src/stm32f1xx_hal_rcc.o
                0x08008db0                HAL_RCC_GetHCLKFreq
 .text.HAL_RCC_GetPCLK1Freq
                0x08008dbc       0x20 Drivers/STM32F1xx_HAL_Driver/Src/stm32f1xx_hal_rcc.o
                0x08008dbc                HAL_RCC_GetPCLK1Freq
 .text.HAL_RCC_GetClockConfig
                0x08008ddc       0x3c Drivers/STM32F1xx_HAL_Driver/Src/stm32f1xx_hal_rcc.o
                0x08008ddc                HAL_RCC_GetClockConfig
 .text.HAL_RCCEx_PeriphCLKConfig
                0x08008e18      0x114 Drivers/STM32F1xx_HAL_Driver/Src/stm32f1xx_hal_rcc_ex.o
                0x08008e18                HAL_RCCEx_PeriphCLKConfig
 .text.SPI_WaitFlagStateUntilTimeout
                0x08008f2c       0x96 Drivers/STM32F1xx_HAL_Driver/Src/stm32f1xx_hal_spi.o
 .text.SPI_CheckFlag_BSY
                0x08008fc2       0x28 Drivers/STM32F1xx_HAL_Driver/Src/stm32f1xx_hal_spi.o
 *fill*         0x08008fea        0x2 
 .text.HAL_SPI_Transmit_DMA
                0x08008fec       0xc4 Drivers/STM32F1xx_HAL_Driver/Src/stm32f1xx_hal_spi.o
                0x08008fec                HAL_SPI_Transmit_DMA
 .text.HAL_SPI_TxCpltCallback
                0x080090b0        0x2 Drivers/STM32F1xx_HAL_Driver/Src/stm32f1xx_hal_spi.o
                0x080090b0                HAL_SPI_TxCpltCallback
 .text.HAL_SPI_TxHalfCpltCallback
                0x080090b2        0x2 Drivers/STM32F1xx_HAL_Driver/Src/stm32f1xx_hal_spi.o
                0x080090b2                HAL_SPI_TxHalfCpltCallback
 .text.SPI_DMAHalfTransmitCplt
                0x080090b4        0xa Drivers/STM32F1xx_HAL_Driver/Src/stm32f1xx_hal_spi.o
 .text.HAL_SPI_ErrorCallback
                0x080090be        0x2 Drivers/STM32F1xx_HAL_Driver/Src/stm32f1xx_hal_spi.o
                0x080090be                HAL_SPI_ErrorCallback
 .text.SPI_DMAError
                0x080090c0       0x22 Drivers/STM32F1xx_HAL_Driver/Src/stm32f1xx_hal_spi.o
 .text.SPI_DMATransmitCplt
                0x080090e2       0x66 Drivers/STM32F1xx_HAL_Driver/Src/stm32f1xx_hal_spi.o
 .text.HAL_SPI_Init
                0x08009148       0x82 Drivers/STM32F1xx_HAL_Driver/Src/stm32f1xx_hal_spi_ex.o
                0x08009148                HAL_SPI_Init
 .text.HAL_TIM_Base_MspInit
                0x080091ca        0x2 Drivers/STM32F1xx_HAL_Driver/Src/stm32f1xx_hal_tim.o
                0x080091ca                HAL_TIM_Base_MspInit
 .text.HAL_TIM_Base_Start_IT
                0x080091cc       0x18 Drivers/STM32F1xx_HAL_Driver/Src/stm32f1xx_hal_tim.o
                0x080091cc                HAL_TIM_Base_Start_IT
 .text.HAL_TIM_OC_DelayElapsedCallback
                0x080091e4        0x2 Drivers/STM32F1xx_HAL_Driver/Src/stm32f1xx_hal_tim.o
                0x080091e4                HAL_TIM_OC_DelayElapsedCallback
 .text.HAL_TIM_IC_CaptureCallback
                0x080091e6        0x2 Drivers/STM32F1xx_HAL_Driver/Src/stm32f1xx_hal_tim.o
                0x080091e6                HAL_TIM_IC_CaptureCallback
 .text.HAL_TIM_PWM_PulseFinishedCallback
                0x080091e8        0x2 Drivers/STM32F1xx_HAL_Driver/Src/stm32f1xx_hal_tim.o
                0x080091e8                HAL_TIM_PWM_PulseFinishedCallback
 .text.HAL_TIM_TriggerCallback
                0x080091ea        0x2 Drivers/STM32F1xx_HAL_Driver/Src/stm32f1xx_hal_tim.o
                0x080091ea                HAL_TIM_TriggerCallback
 .text.HAL_TIM_IRQHandler
                0x080091ec      0x17a Drivers/STM32F1xx_HAL_Driver/Src/stm32f1xx_hal_tim.o
                0x080091ec                HAL_TIM_IRQHandler
 *fill*         0x08009366        0x2 
 .text.TIM_Base_SetConfig
                0x08009368       0x74 Drivers/STM32F1xx_HAL_Driver/Src/stm32f1xx_hal_tim.o
                0x08009368                TIM_Base_SetConfig
 .text.HAL_TIM_Base_Init
                0x080093dc       0x32 Drivers/STM32F1xx_HAL_Driver/Src/stm32f1xx_hal_tim.o
                0x080093dc                HAL_TIM_Base_Init
 .text.HAL_TIMEx_CommutationCallback
                0x0800940e        0x2 Drivers/STM32F1xx_HAL_Driver/Src/stm32f1xx_hal_tim_ex.o
                0x0800940e                HAL_TIMEx_CommutationCallback
 .text.HAL_TIMEx_BreakCallback
                0x08009410        0x2 Drivers/STM32F1xx_HAL_Driver/Src/stm32f1xx_hal_tim_ex.o
                0x08009410                HAL_TIMEx_BreakCallback
 .text.USB_CoreInit
                0x08009412        0xe Drivers/STM32F1xx_HAL_Driver/Src/stm32f1xx_ll_usb.o
                0x08009412                USB_CoreInit
 .text.USB_EnableGlobalInt
                0x08009420       0x10 Drivers/STM32F1xx_HAL_Driver/Src/stm32f1xx_ll_usb.o
                0x08009420                USB_EnableGlobalInt
 .text.USB_DisableGlobalInt
                0x08009430       0x14 Drivers/STM32F1xx_HAL_Driver/Src/stm32f1xx_ll_usb.o
                0x08009430                USB_DisableGlobalInt
 .text.USB_SetCurrentMode
                0x08009444        0x4 Drivers/STM32F1xx_HAL_Driver/Src/stm32f1xx_ll_usb.o
                0x08009444                USB_SetCurrentMode
 .text.USB_DevInit
                0x08009448       0x2c Drivers/STM32F1xx_HAL_Driver/Src/stm32f1xx_ll_usb.o
                0x08009448                USB_DevInit
 .text.USB_ActivateEndpoint
                0x08009474      0x328 Drivers/STM32F1xx_HAL_Driver/Src/stm32f1xx_ll_usb.o
                0x08009474                USB_ActivateEndpoint
 .text.USB_DeactivateEndpoint
                0x0800979c      0x1c4 Drivers/STM32F1xx_HAL_Driver/Src/stm32f1xx_ll_usb.o
                0x0800979c                USB_DeactivateEndpoint
 .text.USB_EPSetStall
                0x08009960       0x6e Drivers/STM32F1xx_HAL_Driver/Src/stm32f1xx_ll_usb.o
                0x08009960                USB_EPSetStall
 .text.USB_EPClearStall
                0x080099ce       0x92 Drivers/STM32F1xx_HAL_Driver/Src/stm32f1xx_ll_usb.o
                0x080099ce                USB_EPClearStall
 .text.USB_SetDevAddress
                0x08009a60        0xc Drivers/STM32F1xx_HAL_Driver/Src/stm32f1xx_ll_usb.o
                0x08009a60                USB_SetDevAddress
 .text.USB_DevConnect
                0x08009a6c        0x4 Drivers/STM32F1xx_HAL_Driver/Src/stm32f1xx_ll_usb.o
                0x08009a6c                USB_DevConnect
 .text.USB_DevDisconnect
                0x08009a70        0x4 Drivers/STM32F1xx_HAL_Driver/Src/stm32f1xx_ll_usb.o
                0x08009a70                USB_DevDisconnect
 .text.USB_ReadInterrupts
                0x08009a74        0x6 Drivers/STM32F1xx_HAL_Driver/Src/stm32f1xx_ll_usb.o
                0x08009a74                USB_ReadInterrupts
 .text.USB_EP0_OutStart
                0x08009a7a        0x4 Drivers/STM32F1xx_HAL_Driver/Src/stm32f1xx_ll_usb.o
                0x08009a7a                USB_EP0_OutStart
 .text.USB_WritePMA
                0x08009a7e       0x2a Drivers/STM32F1xx_HAL_Driver/Src/stm32f1xx_ll_usb.o
                0x08009a7e                USB_WritePMA
 .text.USB_EPStartXfer
                0x08009aa8      0x2ba Drivers/STM32F1xx_HAL_Driver/Src/stm32f1xx_ll_usb.o
                0x08009aa8                USB_EPStartXfer
 .text.USB_ReadPMA
                0x08009d62       0x1e Drivers/STM32F1xx_HAL_Driver/Src/stm32f1xx_ll_usb.o
                0x08009d62                USB_ReadPMA
 .text.USBD_CDC_DataIn
                0x08009d80       0x12 Middlewares/ST/STM32_USB_Device_Library/Class/CDC/Src/usbd_cdc.o
 .text.USBD_CDC_EP0_RxReady
                0x08009d92       0x28 Middlewares/ST/STM32_USB_Device_Library/Class/CDC/Src/usbd_cdc.o
 *fill*         0x08009dba        0x2 
 .text.USBD_CDC_GetFSCfgDesc
                0x08009dbc        0xc Middlewares/ST/STM32_USB_Device_Library/Class/CDC/Src/usbd_cdc.o
 .text.USBD_CDC_GetHSCfgDesc
                0x08009dc8        0xc Middlewares/ST/STM32_USB_Device_Library/Class/CDC/Src/usbd_cdc.o
 .text.USBD_CDC_GetOtherSpeedCfgDesc
                0x08009dd4        0xc Middlewares/ST/STM32_USB_Device_Library/Class/CDC/Src/usbd_cdc.o
 .text.USBD_CDC_GetDeviceQualifierDescriptor
                0x08009de0        0xc Middlewares/ST/STM32_USB_Device_Library/Class/CDC/Src/usbd_cdc.o
                0x08009de0                USBD_CDC_GetDeviceQualifierDescriptor
 .text.USBD_CDC_DataOut
                0x08009dec       0x2e Middlewares/ST/STM32_USB_Device_Library/Class/CDC/Src/usbd_cdc.o
 *fill*         0x08009e1a        0x2 
 .text.USBD_CDC_Setup
                0x08009e1c       0x74 Middlewares/ST/STM32_USB_Device_Library/Class/CDC/Src/usbd_cdc.o
 .text.USBD_CDC_DeInit
                0x08009e90       0x3a Middlewares/ST/STM32_USB_Device_Library/Class/CDC/Src/usbd_cdc.o
 .text.USBD_CDC_Init
                0x08009eca       0x96 Middlewares/ST/STM32_USB_Device_Library/Class/CDC/Src/usbd_cdc.o
 .text.USBD_CDC_RegisterInterface
                0x08009f60        0xe Middlewares/ST/STM32_USB_Device_Library/Class/CDC/Src/usbd_cdc.o
                0x08009f60                USBD_CDC_RegisterInterface
 .text.USBD_CDC_SetTxBuffer
                0x08009f6e       0x10 Middlewares/ST/STM32_USB_Device_Library/Class/CDC/Src/usbd_cdc.o
                0x08009f6e                USBD_CDC_SetTxBuffer
 .text.USBD_CDC_SetRxBuffer
                0x08009f7e        0xc Middlewares/ST/STM32_USB_Device_Library/Class/CDC/Src/usbd_cdc.o
                0x08009f7e                USBD_CDC_SetRxBuffer
 .text.USBD_CDC_ReceivePacket
                0x08009f8a       0x32 Middlewares/ST/STM32_USB_Device_Library/Class/CDC/Src/usbd_cdc.o
                0x08009f8a                USBD_CDC_ReceivePacket
 .text.USBD_Init
                0x08009fbc       0x2e Middlewares/ST/STM32_USB_Device_Library/Core/Src/usbd_core.o
                0x08009fbc                USBD_Init
 .text.USBD_RegisterClass
                0x08009fea        0xe Middlewares/ST/STM32_USB_Device_Library/Core/Src/usbd_core.o
                0x08009fea                USBD_RegisterClass
 .text.USBD_Start
                0x08009ff8        0xa Middlewares/ST/STM32_USB_Device_Library/Core/Src/usbd_core.o
                0x08009ff8                USBD_Start
 .text.USBD_SetClassConfig
                0x0800a002       0x1a Middlewares/ST/STM32_USB_Device_Library/Core/Src/usbd_core.o
                0x0800a002                USBD_SetClassConfig
 .text.USBD_ClrClassConfig
                0x0800a01c        0xe Middlewares/ST/STM32_USB_Device_Library/Core/Src/usbd_core.o
                0x0800a01c                USBD_ClrClassConfig
 .text.USBD_LL_SetupStage
                0x0800a02a       0x5a Middlewares/ST/STM32_USB_Device_Library/Core/Src/usbd_core.o
                0x0800a02a                USBD_LL_SetupStage
 .text.USBD_LL_DataOutStage
                0x0800a084       0x6a Middlewares/ST/STM32_USB_Device_Library/Core/Src/usbd_core.o
                0x0800a084                USBD_LL_DataOutStage
 .text.USBD_LL_DataInStage
                0x0800a0ee       0xb0 Middlewares/ST/STM32_USB_Device_Library/Core/Src/usbd_core.o
                0x0800a0ee                USBD_LL_DataInStage
 .text.USBD_LL_Reset
                0x0800a19e       0x3e Middlewares/ST/STM32_USB_Device_Library/Core/Src/usbd_core.o
                0x0800a19e                USBD_LL_Reset
 .text.USBD_LL_SetSpeed
                0x0800a1dc        0x6 Middlewares/ST/STM32_USB_Device_Library/Core/Src/usbd_core.o
                0x0800a1dc                USBD_LL_SetSpeed
 .text.USBD_LL_Suspend
                0x0800a1e2       0x12 Middlewares/ST/STM32_USB_Device_Library/Core/Src/usbd_core.o
                0x0800a1e2                USBD_LL_Suspend
 .text.USBD_LL_Resume
                0x0800a1f4        0xc Middlewares/ST/STM32_USB_Device_Library/Core/Src/usbd_core.o
                0x0800a1f4                USBD_LL_Resume
 .text.USBD_LL_SOF
                0x0800a200       0x1c Middlewares/ST/STM32_USB_Device_Library/Core/Src/usbd_core.o
                0x0800a200                USBD_LL_SOF
 .text.USBD_GetLen
                0x0800a21c       0x14 Middlewares/ST/STM32_USB_Device_Library/Core/Src/usbd_ctlreq.o
 .text.USBD_SetFeature
                0x0800a230       0x20 Middlewares/ST/STM32_USB_Device_Library/Core/Src/usbd_ctlreq.o
 .text.USBD_ParseSetupRequest
                0x0800a250       0x28 Middlewares/ST/STM32_USB_Device_Library/Core/Src/usbd_ctlreq.o
                0x0800a250                USBD_ParseSetupRequest
 .text.USBD_CtlError
                0x0800a278       0x14 Middlewares/ST/STM32_USB_Device_Library/Core/Src/usbd_ctlreq.o
                0x0800a278                USBD_CtlError
 .text.USBD_GetDescriptor
                0x0800a28c      0x132 Middlewares/ST/STM32_USB_Device_Library/Core/Src/usbd_ctlreq.o
 .text.USBD_SetAddress
                0x0800a3be       0x4a Middlewares/ST/STM32_USB_Device_Library/Core/Src/usbd_ctlreq.o
 .text.USBD_SetConfig
                0x0800a408       0xa4 Middlewares/ST/STM32_USB_Device_Library/Core/Src/usbd_ctlreq.o
 .text.USBD_GetConfig
                0x0800a4ac       0x3a Middlewares/ST/STM32_USB_Device_Library/Core/Src/usbd_ctlreq.o
 .text.USBD_GetStatus
                0x0800a4e6       0x2c Middlewares/ST/STM32_USB_Device_Library/Core/Src/usbd_ctlreq.o
 .text.USBD_ClrFeature
                0x0800a512       0x30 Middlewares/ST/STM32_USB_Device_Library/Core/Src/usbd_ctlreq.o
 .text.USBD_StdDevReq
                0x0800a542       0x48 Middlewares/ST/STM32_USB_Device_Library/Core/Src/usbd_ctlreq.o
                0x0800a542                USBD_StdDevReq
 .text.USBD_StdItfReq
                0x0800a58a       0x38 Middlewares/ST/STM32_USB_Device_Library/Core/Src/usbd_ctlreq.o
                0x0800a58a                USBD_StdItfReq
 .text.USBD_StdEPReq
                0x0800a5c2      0x118 Middlewares/ST/STM32_USB_Device_Library/Core/Src/usbd_ctlreq.o
                0x0800a5c2                USBD_StdEPReq
 .text.USBD_GetString
                0x0800a6da       0x3a Middlewares/ST/STM32_USB_Device_Library/Core/Src/usbd_ctlreq.o
                0x0800a6da                USBD_GetString
 .text.USBD_CtlSendData
                0x0800a714       0x1a Middlewares/ST/STM32_USB_Device_Library/Core/Src/usbd_ioreq.o
                0x0800a714                USBD_CtlSendData
 .text.USBD_CtlContinueSendData
                0x0800a72e       0x10 Middlewares/ST/STM32_USB_Device_Library/Core/Src/usbd_ioreq.o
                0x0800a72e                USBD_CtlContinueSendData
 .text.USBD_CtlPrepareRx
                0x0800a73e       0x1e Middlewares/ST/STM32_USB_Device_Library/Core/Src/usbd_ioreq.o
                0x0800a73e                USBD_CtlPrepareRx
 .text.USBD_CtlContinueRx
                0x0800a75c       0x10 Middlewares/ST/STM32_USB_Device_Library/Core/Src/usbd_ioreq.o
                0x0800a75c                USBD_CtlContinueRx
 .text.USBD_CtlSendStatus
                0x0800a76c       0x16 Middlewares/ST/STM32_USB_Device_Library/Core/Src/usbd_ioreq.o
                0x0800a76c                USBD_CtlSendStatus
 .text.USBD_CtlReceiveStatus
                0x0800a782       0x16 Middlewares/ST/STM32_USB_Device_Library/Core/Src/usbd_ioreq.o
                0x0800a782                USBD_CtlReceiveStatus
 .text.makeFreeRtosPriority
                0x0800a798        0xc Middlewares/Third_Party/FreeRTOS/Source/CMSIS_RTOS/cmsis_os.o
 .text.osKernelStart
                0x0800a7a4        0xa Middlewares/Third_Party/FreeRTOS/Source/CMSIS_RTOS/cmsis_os.o
                0x0800a7a4                osKernelStart
 .text.osThreadCreate
                0x0800a7ae       0x34 Middlewares/Third_Party/FreeRTOS/Source/CMSIS_RTOS/cmsis_os.o
                0x0800a7ae                osThreadCreate
 .text.osDelay  0x0800a7e2       0x12 Middlewares/Third_Party/FreeRTOS/Source/CMSIS_RTOS/cmsis_os.o
                0x0800a7e2                osDelay
 .text.osSystickHandler
                0x0800a7f4       0x10 Middlewares/Third_Party/FreeRTOS/Source/CMSIS_RTOS/cmsis_os.o
                0x0800a7f4                osSystickHandler
 .text.vListInitialise
                0x0800a804       0x16 Middlewares/Third_Party/FreeRTOS/Source/list.o
                0x0800a804                vListInitialise
 .text.vListInitialiseItem
                0x0800a81a        0x6 Middlewares/Third_Party/FreeRTOS/Source/list.o
                0x0800a81a                vListInitialiseItem
 .text.vListInsertEnd
                0x0800a820       0x18 Middlewares/Third_Party/FreeRTOS/Source/list.o
                0x0800a820                vListInsertEnd
 .text.vListInsert
                0x0800a838       0x34 Middlewares/Third_Party/FreeRTOS/Source/list.o
                0x0800a838                vListInsert
 .text.uxListRemove
                0x0800a86c       0x26 Middlewares/Third_Party/FreeRTOS/Source/list.o
                0x0800a86c                uxListRemove
 *fill*         0x0800a892        0x2 
 .text.prvResetNextTaskUnblockTime
                0x0800a894       0x24 Middlewares/Third_Party/FreeRTOS/Source/tasks.o
 .text.prvDeleteTCB
                0x0800a8b8       0x12 Middlewares/Third_Party/FreeRTOS/Source/tasks.o
 .text.prvInitialiseNewTask
                0x0800a8ca       0x80 Middlewares/Third_Party/FreeRTOS/Source/tasks.o
 *fill*         0x0800a94a        0x2 
 .text.prvInitialiseTaskLists
                0x0800a94c       0x58 Middlewares/Third_Party/FreeRTOS/Source/tasks.o
 .text.prvAddNewTaskToReadyList
                0x0800a9a4       0xac Middlewares/Third_Party/FreeRTOS/Source/tasks.o
 .text.prvAddCurrentTaskToDelayedList
                0x0800aa50       0x88 Middlewares/Third_Party/FreeRTOS/Source/tasks.o
 .text.xTaskCreate
                0x0800aad8       0x62 Middlewares/Third_Party/FreeRTOS/Source/tasks.o
                0x0800aad8                xTaskCreate
 *fill*         0x0800ab3a        0x2 
 .text.vTaskStartScheduler
                0x0800ab3c       0x74 Middlewares/Third_Party/FreeRTOS/Source/tasks.o
                0x0800ab3c                vTaskStartScheduler
 .text.vTaskSuspendAll
                0x0800abb0       0x14 Middlewares/Third_Party/FreeRTOS/Source/tasks.o
                0x0800abb0                vTaskSuspendAll
 .text.xTaskIncrementTick
                0x0800abc4      0x10c Middlewares/Third_Party/FreeRTOS/Source/tasks.o
                0x0800abc4                xTaskIncrementTick
 .text.xTaskResumeAll
                0x0800acd0       0xf0 Middlewares/Third_Party/FreeRTOS/Source/tasks.o
                0x0800acd0                xTaskResumeAll
 .text.vTaskDelay
                0x0800adc0       0x4c Middlewares/Third_Party/FreeRTOS/Source/tasks.o
                0x0800adc0                vTaskDelay
 .text.prvCheckTasksWaitingTermination
                0x0800ae0c       0x54 Middlewares/Third_Party/FreeRTOS/Source/tasks.o
 .text.prvIdleTask
                0x0800ae60       0x28 Middlewares/Third_Party/FreeRTOS/Source/tasks.o
 .text.vTaskSwitchContext
                0x0800ae88       0x90 Middlewares/Third_Party/FreeRTOS/Source/tasks.o
                0x0800ae88                vTaskSwitchContext
 .text.xTaskGetSchedulerState
                0x0800af18       0x20 Middlewares/Third_Party/FreeRTOS/Source/tasks.o
                0x0800af18                xTaskGetSchedulerState
 .text.xTaskNotifyWait
                0x0800af38       0xa8 Middlewares/Third_Party/FreeRTOS/Source/tasks.o
                0x0800af38                xTaskNotifyWait
 .text.xTaskGenericNotifyFromISR
                0x0800afe0      0x114 Middlewares/Third_Party/FreeRTOS/Source/tasks.o
                0x0800afe0                xTaskGenericNotifyFromISR
 .text.prvTaskExitError
                0x0800b0f4       0x34 Middlewares/Third_Party/FreeRTOS/Source/portable/GCC/ARM_CM3/port.o
 .text.prvPortStartFirstTask
                0x0800b128       0x20 Middlewares/Third_Party/FreeRTOS/Source/portable/GCC/ARM_CM3/port.o
 .text.pxPortInitialiseStack
                0x0800b148       0x24 Middlewares/Third_Party/FreeRTOS/Source/portable/GCC/ARM_CM3/port.o
                0x0800b148                pxPortInitialiseStack
 *fill*         0x0800b16c        0x4 
 .text.SVC_Handler
                0x0800b170       0x24 Middlewares/Third_Party/FreeRTOS/Source/portable/GCC/ARM_CM3/port.o
                0x0800b170                SVC_Handler
 .text.vPortEnterCritical
                0x0800b194       0x44 Middlewares/Third_Party/FreeRTOS/Source/portable/GCC/ARM_CM3/port.o
                0x0800b194                vPortEnterCritical
 .text.vPortExitCritical
                0x0800b1d8       0x2c Middlewares/Third_Party/FreeRTOS/Source/portable/GCC/ARM_CM3/port.o
                0x0800b1d8                vPortExitCritical
 *fill*         0x0800b204        0xc 
 .text.PendSV_Handler
                0x0800b210       0x44 Middlewares/Third_Party/FreeRTOS/Source/portable/GCC/ARM_CM3/port.o
                0x0800b210                PendSV_Handler
 .text.xPortSysTickHandler
                0x0800b254       0x2c Middlewares/Third_Party/FreeRTOS/Source/portable/GCC/ARM_CM3/port.o
                0x0800b254                xPortSysTickHandler
 .text.vPortSetupTimerInterrupt
                0x0800b280       0x2c Middlewares/Third_Party/FreeRTOS/Source/portable/GCC/ARM_CM3/port.o
                0x0800b280                vPortSetupTimerInterrupt
 .text.xPortStartScheduler
                0x0800b2ac       0x90 Middlewares/Third_Party/FreeRTOS/Source/portable/GCC/ARM_CM3/port.o
                0x0800b2ac                xPortStartScheduler
 .text.vPortValidateInterruptPriority
                0x0800b33c       0x58 Middlewares/Third_Party/FreeRTOS/Source/portable/GCC/ARM_CM3/port.o
                0x0800b33c                vPortValidateInterruptPriority
 .text.prvHeapInit
                0x0800b394       0x4c Middlewares/Third_Party/FreeRTOS/Source/portable/MemMang/heap_4.o
 .text.prvInsertBlockIntoFreeList
                0x0800b3e0       0x50 Middlewares/Third_Party/FreeRTOS/Source/portable/MemMang/heap_4.o
 .text.pvPortMalloc
                0x0800b430       0xf4 Middlewares/Third_Party/FreeRTOS/Source/portable/MemMang/heap_4.o
                0x0800b430                pvPortMalloc
 .text.vPortFree
                0x0800b524       0x6c Middlewares/Third_Party/FreeRTOS/Source/portable/MemMang/heap_4.o
                0x0800b524                vPortFree
 .text.MX_USB_DEVICE_Init
                0x0800b590       0x38 USB_DEVICE/usb_device.o
                0x0800b590                MX_USB_DEVICE_Init
 .text.CDC_DeInit_FS
                0x0800b5c8        0x4 USB_DEVICE/usbd_cdc_if.o
 .text.CDC_Control_FS
                0x0800b5cc        0x4 USB_DEVICE/usbd_cdc_if.o
 .text.CDC_Receive_FS
                0x0800b5d0       0x1c USB_DEVICE/usbd_cdc_if.o
 .text.CDC_Init_FS
                0x0800b5ec       0x28 USB_DEVICE/usbd_cdc_if.o
 .text.HAL_PCD_MspInit
                0x0800b614       0x40 USB_DEVICE/usbd_conf.o
                0x0800b614                HAL_PCD_MspInit
 .text.HAL_PCD_SetupStageCallback
                0x0800b654       0x10 USB_DEVICE/usbd_conf.o
                0x0800b654                HAL_PCD_SetupStageCallback
 .text.HAL_PCD_DataOutStageCallback
                0x0800b664       0x14 USB_DEVICE/usbd_conf.o
                0x0800b664                HAL_PCD_DataOutStageCallback
 .text.HAL_PCD_DataInStageCallback
                0x0800b678       0x12 USB_DEVICE/usbd_conf.o
                0x0800b678                HAL_PCD_DataInStageCallback
 .text.HAL_PCD_SOFCallback
                0x0800b68a        0xc USB_DEVICE/usbd_conf.o
                0x0800b68a                HAL_PCD_SOFCallback
 .text.HAL_PCD_ResetCallback
                0x0800b696       0x18 USB_DEVICE/usbd_conf.o
                0x0800b696                HAL_PCD_ResetCallback
 *fill*         0x0800b6ae        0x2 
 .text.HAL_PCD_SuspendCallback
                0x0800b6b0       0x20 USB_DEVICE/usbd_conf.o
                0x0800b6b0                HAL_PCD_SuspendCallback
 .text.HAL_PCD_ResumeCallback
                0x0800b6d0        0xc USB_DEVICE/usbd_conf.o
                0x0800b6d0                HAL_PCD_ResumeCallback
 .text.USBD_LL_Init
                0x0800b6dc       0x94 USB_DEVICE/usbd_conf.o
                0x0800b6dc                USBD_LL_Init
 .text.USBD_LL_Start
                0x0800b770       0x1c USB_DEVICE/usbd_conf.o
                0x0800b770                USBD_LL_Start
 .text.USBD_LL_OpenEP
                0x0800b78c       0x22 USB_DEVICE/usbd_conf.o
                0x0800b78c                USBD_LL_OpenEP
 .text.USBD_LL_CloseEP
                0x0800b7ae       0x1c USB_DEVICE/usbd_conf.o
                0x0800b7ae                USBD_LL_CloseEP
 .text.USBD_LL_StallEP
                0x0800b7ca       0x1c USB_DEVICE/usbd_conf.o
                0x0800b7ca                USBD_LL_StallEP
 .text.USBD_LL_ClearStallEP
                0x0800b7e6       0x1c USB_DEVICE/usbd_conf.o
                0x0800b7e6                USBD_LL_ClearStallEP
 .text.USBD_LL_IsStallEP
                0x0800b802       0x26 USB_DEVICE/usbd_conf.o
                0x0800b802                USBD_LL_IsStallEP
 .text.USBD_LL_SetUSBAddress
                0x0800b828       0x1c USB_DEVICE/usbd_conf.o
                0x0800b828                USBD_LL_SetUSBAddress
 .text.USBD_LL_Transmit
                0x0800b844       0x1c USB_DEVICE/usbd_conf.o
                0x0800b844                USBD_LL_Transmit
 .text.USBD_LL_PrepareReceive
                0x0800b860       0x1c USB_DEVICE/usbd_conf.o
                0x0800b860                USBD_LL_PrepareReceive
 .text.USBD_LL_GetRxDataSize
                0x0800b87c        0xc USB_DEVICE/usbd_conf.o
                0x0800b87c                USBD_LL_GetRxDataSize
 .text.USBD_static_malloc
                0x0800b888        0x8 USB_DEVICE/usbd_conf.o
                0x0800b888                USBD_static_malloc
 .text.USBD_static_free
                0x0800b890        0x2 USB_DEVICE/usbd_conf.o
                0x0800b890                USBD_static_free
 .text.HAL_PCDEx_SetConnectionState
                0x0800b892        0x2 USB_DEVICE/usbd_conf.o
                0x0800b892                HAL_PCDEx_SetConnectionState
 .text.USBD_FS_DeviceDescriptor
                0x0800b894        0xc USB_DEVICE/usbd_desc.o
                0x0800b894                USBD_FS_DeviceDescriptor
 .text.USBD_FS_LangIDStrDescriptor
                0x0800b8a0        0xc USB_DEVICE/usbd_desc.o
                0x0800b8a0                USBD_FS_LangIDStrDescriptor
 .text.USBD_FS_ProductStrDescriptor
                0x0800b8ac       0x24 USB_DEVICE/usbd_desc.o
                0x0800b8ac                USBD_FS_ProductStrDescriptor
 .text.USBD_FS_ManufacturerStrDescriptor
                0x0800b8d0       0x1c USB_DEVICE/usbd_desc.o
                0x0800b8d0                USBD_FS_ManufacturerStrDescriptor
 .text.USBD_FS_SerialStrDescriptor
                0x0800b8ec       0x24 USB_DEVICE/usbd_desc.o
                0x0800b8ec                USBD_FS_SerialStrDescriptor
 .text.USBD_FS_ConfigStrDescriptor
                0x0800b910       0x24 USB_DEVICE/usbd_desc.o
                0x0800b910                USBD_FS_ConfigStrDescriptor
 .text.USBD_FS_InterfaceStrDescriptor
                0x0800b934       0x24 USB_DEVICE/usbd_desc.o
                0x0800b934                USBD_FS_InterfaceStrDescriptor
 .text.Reset_Handler
                0x0800b958       0x48 startup/startup_stm32f103xb.o
                0x0800b958                Reset_Handler
 .text.Default_Handler
                0x0800b9a0        0x2 startup/startup_stm32f103xb.o
                0x0800b9a0                RTC_Alarm_IRQHandler
                0x0800b9a0                EXTI2_IRQHandler
                0x0800b9a0                TIM1_CC_IRQHandler
                0x0800b9a0                PVD_IRQHandler
                0x0800b9a0                EXTI3_IRQHandler
                0x0800b9a0                EXTI0_IRQHandler
                0x0800b9a0                I2C2_EV_IRQHandler
                0x0800b9a0                ADC1_2_IRQHandler
                0x0800b9a0                SPI1_IRQHandler
                0x0800b9a0                TAMPER_IRQHandler
                0x0800b9a0                DMA1_Channel4_IRQHandler
                0x0800b9a0                USART3_IRQHandler
                0x0800b9a0                RTC_IRQHandler
                0x0800b9a0                CAN1_RX1_IRQHandler
                0x0800b9a0                I2C1_EV_IRQHandler
                0x0800b9a0                DMA1_Channel6_IRQHandler
                0x0800b9a0                TIM3_IRQHandler
                0x0800b9a0                RCC_IRQHandler
                0x0800b9a0                TIM1_TRG_COM_IRQHandler
                0x0800b9a0                Default_Handler
                0x0800b9a0                EXTI9_5_IRQHandler
                0x0800b9a0                SPI2_IRQHandler
                0x0800b9a0                DMA1_Channel5_IRQHandler
                0x0800b9a0                EXTI4_IRQHandler
                0x0800b9a0                USB_HP_CAN1_TX_IRQHandler
                0x0800b9a0                TIM1_UP_IRQHandler
                0x0800b9a0                WWDG_IRQHandler
                0x0800b9a0                TIM2_IRQHandler
                0x0800b9a0                TIM1_BRK_IRQHandler
                0x0800b9a0                EXTI1_IRQHandler
                0x0800b9a0                USART2_IRQHandler
                0x0800b9a0                I2C2_ER_IRQHandler
                0x0800b9a0                DMA1_Channel2_IRQHandler
                0x0800b9a0                CAN1_SCE_IRQHandler
                0x0800b9a0                FLASH_IRQHandler
                0x0800b9a0                USART1_IRQHandler
                0x0800b9a0                I2C1_ER_IRQHandler
                0x0800b9a0                USBWakeUp_IRQHandler
 *fill*         0x0800b9a2        0x2 
 .text.findslot
                0x0800b9a4       0x34 k:/ac6/systemworkbench/plugins/fr.ac6.mcu.externaltools.arm-none.win32_1.16.0.201807130628/tools/compiler/bin/../lib/gcc/arm-none-eabi/7.2.1/../../../../arm-none-eabi/lib/thumb/v7-m\librdimon_nano.a(rdimon-syscalls.o)
 .text.checkerror
                0x0800b9d8       0x20 k:/ac6/systemworkbench/plugins/fr.ac6.mcu.externaltools.arm-none.win32_1.16.0.201807130628/tools/compiler/bin/../lib/gcc/arm-none-eabi/7.2.1/../../../../arm-none-eabi/lib/thumb/v7-m\librdimon_nano.a(rdimon-syscalls.o)
 .text.error    0x0800b9f8       0x1c k:/ac6/systemworkbench/plugins/fr.ac6.mcu.externaltools.arm-none.win32_1.16.0.201807130628/tools/compiler/bin/../lib/gcc/arm-none-eabi/7.2.1/../../../../arm-none-eabi/lib/thumb/v7-m\librdimon_nano.a(rdimon-syscalls.o)
 .text._swiread
                0x0800ba14       0x20 k:/ac6/systemworkbench/plugins/fr.ac6.mcu.externaltools.arm-none.win32_1.16.0.201807130628/tools/compiler/bin/../lib/gcc/arm-none-eabi/7.2.1/../../../../arm-none-eabi/lib/thumb/v7-m\librdimon_nano.a(rdimon-syscalls.o)
                0x0800ba14                _swiread
 .text._read    0x0800ba34       0x34 k:/ac6/systemworkbench/plugins/fr.ac6.mcu.externaltools.arm-none.win32_1.16.0.201807130628/tools/compiler/bin/../lib/gcc/arm-none-eabi/7.2.1/../../../../arm-none-eabi/lib/thumb/v7-m\librdimon_nano.a(rdimon-syscalls.o)
                0x0800ba34                _read
 .text._swilseek
                0x0800ba68       0x7a k:/ac6/systemworkbench/plugins/fr.ac6.mcu.externaltools.arm-none.win32_1.16.0.201807130628/tools/compiler/bin/../lib/gcc/arm-none-eabi/7.2.1/../../../../arm-none-eabi/lib/thumb/v7-m\librdimon_nano.a(rdimon-syscalls.o)
                0x0800ba68                _swilseek
 .text._lseek   0x0800bae2        0x4 k:/ac6/systemworkbench/plugins/fr.ac6.mcu.externaltools.arm-none.win32_1.16.0.201807130628/tools/compiler/bin/../lib/gcc/arm-none-eabi/7.2.1/../../../../arm-none-eabi/lib/thumb/v7-m\librdimon_nano.a(rdimon-syscalls.o)
                0x0800bae2                _lseek
 .text._swiwrite
                0x0800bae6       0x20 k:/ac6/systemworkbench/plugins/fr.ac6.mcu.externaltools.arm-none.win32_1.16.0.201807130628/tools/compiler/bin/../lib/gcc/arm-none-eabi/7.2.1/../../../../arm-none-eabi/lib/thumb/v7-m\librdimon_nano.a(rdimon-syscalls.o)
                0x0800bae6                _swiwrite
 .text._write   0x0800bb06       0x40 k:/ac6/systemworkbench/plugins/fr.ac6.mcu.externaltools.arm-none.win32_1.16.0.201807130628/tools/compiler/bin/../lib/gcc/arm-none-eabi/7.2.1/../../../../arm-none-eabi/lib/thumb/v7-m\librdimon_nano.a(rdimon-syscalls.o)
                0x0800bb06                _write
 .text._swiclose
                0x0800bb46       0x1c k:/ac6/systemworkbench/plugins/fr.ac6.mcu.externaltools.arm-none.win32_1.16.0.201807130628/tools/compiler/bin/../lib/gcc/arm-none-eabi/7.2.1/../../../../arm-none-eabi/lib/thumb/v7-m\librdimon_nano.a(rdimon-syscalls.o)
                0x0800bb46                _swiclose
 *fill*         0x0800bb62        0x2 
 .text._close   0x0800bb64       0x4c k:/ac6/systemworkbench/plugins/fr.ac6.mcu.externaltools.arm-none.win32_1.16.0.201807130628/tools/compiler/bin/../lib/gcc/arm-none-eabi/7.2.1/../../../../arm-none-eabi/lib/thumb/v7-m\librdimon_nano.a(rdimon-syscalls.o)
                0x0800bb64                _close
 .text._sbrk    0x0800bbb0       0x48 k:/ac6/systemworkbench/plugins/fr.ac6.mcu.externaltools.arm-none.win32_1.16.0.201807130628/tools/compiler/bin/../lib/gcc/arm-none-eabi/7.2.1/../../../../arm-none-eabi/lib/thumb/v7-m\librdimon_nano.a(rdimon-syscalls.o)
                0x0800bbb0                _sbrk
 .text._swistat
                0x0800bbf8       0x42 k:/ac6/systemworkbench/plugins/fr.ac6.mcu.externaltools.arm-none.win32_1.16.0.201807130628/tools/compiler/bin/../lib/gcc/arm-none-eabi/7.2.1/../../../../arm-none-eabi/lib/thumb/v7-m\librdimon_nano.a(rdimon-syscalls.o)
                0x0800bbf8                _swistat
 .text._fstat   0x0800bc3a       0x1c k:/ac6/systemworkbench/plugins/fr.ac6.mcu.externaltools.arm-none.win32_1.16.0.201807130628/tools/compiler/bin/../lib/gcc/arm-none-eabi/7.2.1/../../../../arm-none-eabi/lib/thumb/v7-m\librdimon_nano.a(rdimon-syscalls.o)
                0x0800bc3a                _fstat
 .text._stat    0x0800bc56       0x3a k:/ac6/systemworkbench/plugins/fr.ac6.mcu.externaltools.arm-none.win32_1.16.0.201807130628/tools/compiler/bin/../lib/gcc/arm-none-eabi/7.2.1/../../../../arm-none-eabi/lib/thumb/v7-m\librdimon_nano.a(rdimon-syscalls.o)
                0x0800bc56                _stat
 .text._swiopen
                0x0800bc90       0xb4 k:/ac6/systemworkbench/plugins/fr.ac6.mcu.externaltools.arm-none.win32_1.16.0.201807130628/tools/compiler/bin/../lib/gcc/arm-none-eabi/7.2.1/../../../../arm-none-eabi/lib/thumb/v7-m\librdimon_nano.a(rdimon-syscalls.o)
                0x0800bc90                _swiopen
 .text._get_semihosting_exts
                0x0800bd44       0xb4 k:/ac6/systemworkbench/plugins/fr.ac6.mcu.externaltools.arm-none.win32_1.16.0.201807130628/tools/compiler/bin/../lib/gcc/arm-none-eabi/7.2.1/../../../../arm-none-eabi/lib/thumb/v7-m\librdimon_nano.a(rdimon-syscalls.o)
                0x0800bd44                _get_semihosting_exts
 .text.initialise_semihosting_exts
                0x0800bdf8       0x34 k:/ac6/systemworkbench/plugins/fr.ac6.mcu.externaltools.arm-none.win32_1.16.0.201807130628/tools/compiler/bin/../lib/gcc/arm-none-eabi/7.2.1/../../../../arm-none-eabi/lib/thumb/v7-m\librdimon_nano.a(rdimon-syscalls.o)
 .text._has_ext_stdout_stderr
                0x0800be2c       0x18 k:/ac6/systemworkbench/plugins/fr.ac6.mcu.externaltools.arm-none.win32_1.16.0.201807130628/tools/compiler/bin/../lib/gcc/arm-none-eabi/7.2.1/../../../../arm-none-eabi/lib/thumb/v7-m\librdimon_nano.a(rdimon-syscalls.o)
                0x0800be2c                _has_ext_stdout_stderr
 .text.initialise_monitor_handles
                0x0800be44       0xbc k:/ac6/systemworkbench/plugins/fr.ac6.mcu.externaltools.arm-none.win32_1.16.0.201807130628/tools/compiler/bin/../lib/gcc/arm-none-eabi/7.2.1/../../../../arm-none-eabi/lib/thumb/v7-m\librdimon_nano.a(rdimon-syscalls.o)
                0x0800be44                initialise_monitor_handles
 .text._isatty  0x0800bf00       0x38 k:/ac6/systemworkbench/plugins/fr.ac6.mcu.externaltools.arm-none.win32_1.16.0.201807130628/tools/compiler/bin/../lib/gcc/arm-none-eabi/7.2.1/../../../../arm-none-eabi/lib/thumb/v7-m\librdimon_nano.a(rdimon-syscalls.o)
                0x0800bf00                _isatty
 .text.__errno  0x0800bf38        0xc k:/ac6/systemworkbench/plugins/fr.ac6.mcu.externaltools.arm-none.win32_1.16.0.201807130628/tools/compiler/bin/../lib/gcc/arm-none-eabi/7.2.1/../../../../arm-none-eabi/lib/thumb/v7-m\libc_nano.a(lib_a-errno.o)
                0x0800bf38                __errno
 .text.std      0x0800bf44       0x48 k:/ac6/systemworkbench/plugins/fr.ac6.mcu.externaltools.arm-none.win32_1.16.0.201807130628/tools/compiler/bin/../lib/gcc/arm-none-eabi/7.2.1/../../../../arm-none-eabi/lib/thumb/v7-m\libc_nano.a(lib_a-findfp.o)
 .text._cleanup_r
                0x0800bf8c        0xc k:/ac6/systemworkbench/plugins/fr.ac6.mcu.externaltools.arm-none.win32_1.16.0.201807130628/tools/compiler/bin/../lib/gcc/arm-none-eabi/7.2.1/../../../../arm-none-eabi/lib/thumb/v7-m\libc_nano.a(lib_a-findfp.o)
                0x0800bf8c                _cleanup_r
 .text.__sfmoreglue
                0x0800bf98       0x2c k:/ac6/systemworkbench/plugins/fr.ac6.mcu.externaltools.arm-none.win32_1.16.0.201807130628/tools/compiler/bin/../lib/gcc/arm-none-eabi/7.2.1/../../../../arm-none-eabi/lib/thumb/v7-m\libc_nano.a(lib_a-findfp.o)
                0x0800bf98                __sfmoreglue
 .text.__sinit  0x0800bfc4       0x60 k:/ac6/systemworkbench/plugins/fr.ac6.mcu.externaltools.arm-none.win32_1.16.0.201807130628/tools/compiler/bin/../lib/gcc/arm-none-eabi/7.2.1/../../../../arm-none-eabi/lib/thumb/v7-m\libc_nano.a(lib_a-findfp.o)
                0x0800bfc4                __sinit
 .text.__sfp    0x0800c024       0x78 k:/ac6/systemworkbench/plugins/fr.ac6.mcu.externaltools.arm-none.win32_1.16.0.201807130628/tools/compiler/bin/../lib/gcc/arm-none-eabi/7.2.1/../../../../arm-none-eabi/lib/thumb/v7-m\libc_nano.a(lib_a-findfp.o)
                0x0800c024                __sfp
 .text._fwalk_reent
                0x0800c09c       0x3c k:/ac6/systemworkbench/plugins/fr.ac6.mcu.externaltools.arm-none.win32_1.16.0.201807130628/tools/compiler/bin/../lib/gcc/arm-none-eabi/7.2.1/../../../../arm-none-eabi/lib/thumb/v7-m\libc_nano.a(lib_a-fwalk.o)
                0x0800c09c                _fwalk_reent
 .text.__libc_init_array
                0x0800c0d8       0x48 k:/ac6/systemworkbench/plugins/fr.ac6.mcu.externaltools.arm-none.win32_1.16.0.201807130628/tools/compiler/bin/../lib/gcc/arm-none-eabi/7.2.1/../../../../arm-none-eabi/lib/thumb/v7-m\libc_nano.a(lib_a-init.o)
                0x0800c0d8                __libc_init_array
 .text.memcmp   0x0800c120       0x1e k:/ac6/systemworkbench/plugins/fr.ac6.mcu.externaltools.arm-none.win32_1.16.0.201807130628/tools/compiler/bin/../lib/gcc/arm-none-eabi/7.2.1/../../../../arm-none-eabi/lib/thumb/v7-m\libc_nano.a(lib_a-memcmp.o)
                0x0800c120                memcmp
 .text.memcpy   0x0800c13e       0x16 k:/ac6/systemworkbench/plugins/fr.ac6.mcu.externaltools.arm-none.win32_1.16.0.201807130628/tools/compiler/bin/../lib/gcc/arm-none-eabi/7.2.1/../../../../arm-none-eabi/lib/thumb/v7-m\libc_nano.a(lib_a-memcpy-stub.o)
                0x0800c13e                memcpy
 .text.memmove  0x0800c154       0x32 k:/ac6/systemworkbench/plugins/fr.ac6.mcu.externaltools.arm-none.win32_1.16.0.201807130628/tools/compiler/bin/../lib/gcc/arm-none-eabi/7.2.1/../../../../arm-none-eabi/lib/thumb/v7-m\libc_nano.a(lib_a-memmove.o)
                0x0800c154                memmove
 .text.memset   0x0800c186       0x10 k:/ac6/systemworkbench/plugins/fr.ac6.mcu.externaltools.arm-none.win32_1.16.0.201807130628/tools/compiler/bin/../lib/gcc/arm-none-eabi/7.2.1/../../../../arm-none-eabi/lib/thumb/v7-m\libc_nano.a(lib_a-memset.o)
                0x0800c186                memset
 *fill*         0x0800c196        0x2 
 .text._malloc_r
                0x0800c198       0xb4 k:/ac6/systemworkbench/plugins/fr.ac6.mcu.externaltools.arm-none.win32_1.16.0.201807130628/tools/compiler/bin/../lib/gcc/arm-none-eabi/7.2.1/../../../../arm-none-eabi/lib/thumb/v7-m\libc_nano.a(lib_a-nano-mallocr.o)
                0x0800c198                _malloc_r
 .text.printf   0x0800c24c       0x30 k:/ac6/systemworkbench/plugins/fr.ac6.mcu.externaltools.arm-none.win32_1.16.0.201807130628/tools/compiler/bin/../lib/gcc/arm-none-eabi/7.2.1/../../../../arm-none-eabi/lib/thumb/v7-m\libc_nano.a(lib_a-printf.o)
                0x0800c24c                iprintf
                0x0800c24c                printf
 .text._puts_r  0x0800c27c       0xb8 k:/ac6/systemworkbench/plugins/fr.ac6.mcu.externaltools.arm-none.win32_1.16.0.201807130628/tools/compiler/bin/../lib/gcc/arm-none-eabi/7.2.1/../../../../arm-none-eabi/lib/thumb/v7-m\libc_nano.a(lib_a-puts.o)
                0x0800c27c                _puts_r
 .text.puts     0x0800c334       0x10 k:/ac6/systemworkbench/plugins/fr.ac6.mcu.externaltools.arm-none.win32_1.16.0.201807130628/tools/compiler/bin/../lib/gcc/arm-none-eabi/7.2.1/../../../../arm-none-eabi/lib/thumb/v7-m\libc_nano.a(lib_a-puts.o)
                0x0800c334                puts
 .text._sbrk_r  0x0800c344       0x20 k:/ac6/systemworkbench/plugins/fr.ac6.mcu.externaltools.arm-none.win32_1.16.0.201807130628/tools/compiler/bin/../lib/gcc/arm-none-eabi/7.2.1/../../../../arm-none-eabi/lib/thumb/v7-m\libc_nano.a(lib_a-sbrkr.o)
                0x0800c344                _sbrk_r
 .text.__sread  0x0800c364       0x22 k:/ac6/systemworkbench/plugins/fr.ac6.mcu.externaltools.arm-none.win32_1.16.0.201807130628/tools/compiler/bin/../lib/gcc/arm-none-eabi/7.2.1/../../../../arm-none-eabi/lib/thumb/v7-m\libc_nano.a(lib_a-stdio.o)
                0x0800c364                __sread
 .text.__swrite
                0x0800c386       0x38 k:/ac6/systemworkbench/plugins/fr.ac6.mcu.externaltools.arm-none.win32_1.16.0.201807130628/tools/compiler/bin/../lib/gcc/arm-none-eabi/7.2.1/../../../../arm-none-eabi/lib/thumb/v7-m\libc_nano.a(lib_a-stdio.o)
                0x0800c386                __swrite
 .text.__sseek  0x0800c3be       0x24 k:/ac6/systemworkbench/plugins/fr.ac6.mcu.externaltools.arm-none.win32_1.16.0.201807130628/tools/compiler/bin/../lib/gcc/arm-none-eabi/7.2.1/../../../../arm-none-eabi/lib/thumb/v7-m\libc_nano.a(lib_a-stdio.o)
                0x0800c3be                __sseek
 .text.__sclose
                0x0800c3e2        0x8 k:/ac6/systemworkbench/plugins/fr.ac6.mcu.externaltools.arm-none.win32_1.16.0.201807130628/tools/compiler/bin/../lib/gcc/arm-none-eabi/7.2.1/../../../../arm-none-eabi/lib/thumb/v7-m\libc_nano.a(lib_a-stdio.o)
                0x0800c3e2                __sclose
 *fill*         0x0800c3ea        0x2 
 .text.__swbuf_r
                0x0800c3ec       0xa4 k:/ac6/systemworkbench/plugins/fr.ac6.mcu.externaltools.arm-none.win32_1.16.0.201807130628/tools/compiler/bin/../lib/gcc/arm-none-eabi/7.2.1/../../../../arm-none-eabi/lib/thumb/v7-m\libc_nano.a(lib_a-wbuf.o)
                0x0800c3ec                __swbuf_r
 .text._write_r
                0x0800c490       0x24 k:/ac6/systemworkbench/plugins/fr.ac6.mcu.externaltools.arm-none.win32_1.16.0.201807130628/tools/compiler/bin/../lib/gcc/arm-none-eabi/7.2.1/../../../../arm-none-eabi/lib/thumb/v7-m\libc_nano.a(lib_a-writer.o)
                0x0800c490                _write_r
 .text.__swsetup_r
                0x0800c4b4       0xdc k:/ac6/systemworkbench/plugins/fr.ac6.mcu.externaltools.arm-none.win32_1.16.0.201807130628/tools/compiler/bin/../lib/gcc/arm-none-eabi/7.2.1/../../../../arm-none-eabi/lib/thumb/v7-m\libc_nano.a(lib_a-wsetup.o)
                0x0800c4b4                __swsetup_r
 .text._close_r
                0x0800c590       0x20 k:/ac6/systemworkbench/plugins/fr.ac6.mcu.externaltools.arm-none.win32_1.16.0.201807130628/tools/compiler/bin/../lib/gcc/arm-none-eabi/7.2.1/../../../../arm-none-eabi/lib/thumb/v7-m\libc_nano.a(lib_a-closer.o)
                0x0800c590                _close_r
 .text.__sflush_r
                0x0800c5b0      0x10c k:/ac6/systemworkbench/plugins/fr.ac6.mcu.externaltools.arm-none.win32_1.16.0.201807130628/tools/compiler/bin/../lib/gcc/arm-none-eabi/7.2.1/../../../../arm-none-eabi/lib/thumb/v7-m\libc_nano.a(lib_a-fflush.o)
                0x0800c5b0                __sflush_r
 .text._fflush_r
                0x0800c6bc       0x54 k:/ac6/systemworkbench/plugins/fr.ac6.mcu.externaltools.arm-none.win32_1.16.0.201807130628/tools/compiler/bin/../lib/gcc/arm-none-eabi/7.2.1/../../../../arm-none-eabi/lib/thumb/v7-m\libc_nano.a(lib_a-fflush.o)
                0x0800c6bc                _fflush_r
 .text._lseek_r